Archive member included to satisfy reference by file (symbol)

E:/STM/arm-none-eabi/bin/../lib/gcc/arm-none-eabi/14.3.1/../../../../arm-none-eabi/lib/thumb/v7-m/nofp\libc_nano.a(libc_a-exit.o)
                              E:/STM/arm-none-eabi/bin/../lib/gcc/arm-none-eabi/14.3.1/../../../../arm-none-eabi/lib/thumb/v7-m/nofp/crt0.o (exit)
E:/STM/arm-none-eabi/bin/../lib/gcc/arm-none-eabi/14.3.1/../../../../arm-none-eabi/lib/thumb/v7-m/nofp\libc_nano.a(libc_a-findfp.o)
                              E:/STM/arm-none-eabi/bin/../lib/gcc/arm-none-eabi/14.3.1/../../../../arm-none-eabi/lib/thumb/v7-m/nofp\libc_nano.a(libc_a-exit.o) (__stdio_exit_handler)
E:/STM/arm-none-eabi/bin/../lib/gcc/arm-none-eabi/14.3.1/../../../../arm-none-eabi/lib/thumb/v7-m/nofp\libc_nano.a(libc_a-fwalk.o)
                              E:/STM/arm-none-eabi/bin/../lib/gcc/arm-none-eabi/14.3.1/../../../../arm-none-eabi/lib/thumb/v7-m/nofp\libc_nano.a(libc_a-findfp.o) (_fwalk_sglue)
E:/STM/arm-none-eabi/bin/../lib/gcc/arm-none-eabi/14.3.1/../../../../arm-none-eabi/lib/thumb/v7-m/nofp\libc_nano.a(libc_a-stdio.o)
                              E:/STM/arm-none-eabi/bin/../lib/gcc/arm-none-eabi/14.3.1/../../../../arm-none-eabi/lib/thumb/v7-m/nofp\libc_nano.a(libc_a-findfp.o) (__sread)
E:/STM/arm-none-eabi/bin/../lib/gcc/arm-none-eabi/14.3.1/../../../../arm-none-eabi/lib/thumb/v7-m/nofp\libc_nano.a(libc_a-memset.o)
                              E:/STM/arm-none-eabi/bin/../lib/gcc/arm-none-eabi/14.3.1/../../../../arm-none-eabi/lib/thumb/v7-m/nofp/crt0.o (memset)
E:/STM/arm-none-eabi/bin/../lib/gcc/arm-none-eabi/14.3.1/../../../../arm-none-eabi/lib/thumb/v7-m/nofp\libc_nano.a(libc_a-closer.o)
                              E:/STM/arm-none-eabi/bin/../lib/gcc/arm-none-eabi/14.3.1/../../../../arm-none-eabi/lib/thumb/v7-m/nofp\libc_nano.a(libc_a-stdio.o) (_close_r)
E:/STM/arm-none-eabi/bin/../lib/gcc/arm-none-eabi/14.3.1/../../../../arm-none-eabi/lib/thumb/v7-m/nofp\libc_nano.a(libc_a-reent.o)
                              E:/STM/arm-none-eabi/bin/../lib/gcc/arm-none-eabi/14.3.1/../../../../arm-none-eabi/lib/thumb/v7-m/nofp\libc_nano.a(libc_a-closer.o) (errno)
E:/STM/arm-none-eabi/bin/../lib/gcc/arm-none-eabi/14.3.1/../../../../arm-none-eabi/lib/thumb/v7-m/nofp\libc_nano.a(libc_a-impure.o)
                              E:/STM/arm-none-eabi/bin/../lib/gcc/arm-none-eabi/14.3.1/../../../../arm-none-eabi/lib/thumb/v7-m/nofp\libc_nano.a(libc_a-reent.o) (_impure_ptr)
E:/STM/arm-none-eabi/bin/../lib/gcc/arm-none-eabi/14.3.1/../../../../arm-none-eabi/lib/thumb/v7-m/nofp\libc_nano.a(libc_a-lseekr.o)
                              E:/STM/arm-none-eabi/bin/../lib/gcc/arm-none-eabi/14.3.1/../../../../arm-none-eabi/lib/thumb/v7-m/nofp\libc_nano.a(libc_a-stdio.o) (_lseek_r)
E:/STM/arm-none-eabi/bin/../lib/gcc/arm-none-eabi/14.3.1/../../../../arm-none-eabi/lib/thumb/v7-m/nofp\libc_nano.a(libc_a-readr.o)
                              E:/STM/arm-none-eabi/bin/../lib/gcc/arm-none-eabi/14.3.1/../../../../arm-none-eabi/lib/thumb/v7-m/nofp\libc_nano.a(libc_a-stdio.o) (_read_r)
E:/STM/arm-none-eabi/bin/../lib/gcc/arm-none-eabi/14.3.1/../../../../arm-none-eabi/lib/thumb/v7-m/nofp\libc_nano.a(libc_a-writer.o)
                              E:/STM/arm-none-eabi/bin/../lib/gcc/arm-none-eabi/14.3.1/../../../../arm-none-eabi/lib/thumb/v7-m/nofp\libc_nano.a(libc_a-stdio.o) (_write_r)
E:/STM/arm-none-eabi/bin/../lib/gcc/arm-none-eabi/14.3.1/../../../../arm-none-eabi/lib/thumb/v7-m/nofp\libc_nano.a(libc_a-init.o)
                              E:/STM/arm-none-eabi/bin/../lib/gcc/arm-none-eabi/14.3.1/../../../../arm-none-eabi/lib/thumb/v7-m/nofp/crt0.o (__libc_init_array)
E:/STM/arm-none-eabi/bin/../lib/gcc/arm-none-eabi/14.3.1/../../../../arm-none-eabi/lib/thumb/v7-m/nofp\libc_nano.a(libc_a-lock.o)
                              E:/STM/arm-none-eabi/bin/../lib/gcc/arm-none-eabi/14.3.1/../../../../arm-none-eabi/lib/thumb/v7-m/nofp\libc_nano.a(libc_a-findfp.o) (__retarget_lock_init_recursive)
E:/STM/arm-none-eabi/bin/../lib/gcc/arm-none-eabi/14.3.1/../../../../arm-none-eabi/lib/thumb/v7-m/nofp\libc_nano.a(libc_a-freer.o)
                              E:/STM/arm-none-eabi/bin/../lib/gcc/arm-none-eabi/14.3.1/../../../../arm-none-eabi/lib/thumb/v7-m/nofp\libc_nano.a(libc_a-reent.o) (_free_r)
E:/STM/arm-none-eabi/bin/../lib/gcc/arm-none-eabi/14.3.1/../../../../arm-none-eabi/lib/thumb/v7-m/nofp\libc_nano.a(libc_a-mallocr.o)
                              E:/STM/arm-none-eabi/bin/../lib/gcc/arm-none-eabi/14.3.1/../../../../arm-none-eabi/lib/thumb/v7-m/nofp\libc_nano.a(libc_a-findfp.o) (_malloc_r)
E:/STM/arm-none-eabi/bin/../lib/gcc/arm-none-eabi/14.3.1/../../../../arm-none-eabi/lib/thumb/v7-m/nofp\libc_nano.a(libc_a-mlock.o)
                              E:/STM/arm-none-eabi/bin/../lib/gcc/arm-none-eabi/14.3.1/../../../../arm-none-eabi/lib/thumb/v7-m/nofp\libc_nano.a(libc_a-freer.o) (__malloc_lock)
[...]
Memory Configuration

Name             Origin             Length             Attributes
RAM              0x20000000         0x00005000         xrw
FLASH            0x08000000         0x00010000         xr
*default*        0x00000000         0xffffffff

Linker script and memory map

LOAD E:/STM/arm-none-eabi/bin/../lib/gcc/arm-none-eabi/14.3.1/thumb/v7-m/nofp/crti.o
LOAD E:/STM/arm-none-eabi/bin/../lib/gcc/arm-none-eabi/14.3.1/thumb/v7-m/nofp/crtbegin.o
LOAD E:/STM/arm-none-eabi/bin/../lib/gcc/arm-none-eabi/14.3.1/../../../../arm-none-eabi/lib/thumb/v7-m/nofp/crt0.o
LOAD build/main.o
LOAD build/stepper.o
LOAD build/stm32f1xx_it.o
LOAD build/stm32f1xx_hal_msp.o
LOAD build/stm32f1xx_hal_gpio_ex.o
LOAD build/stm32f1xx_hal_tim.o
LOAD build/stm32f1xx_hal_tim_ex.o
LOAD build/stm32f1xx_hal.o
LOAD build/stm32f1xx_hal_rcc.o
LOAD build/stm32f1xx_hal_rcc_ex.o
LOAD build/stm32f1xx_hal_gpio.o
LOAD build/stm32f1xx_hal_dma.o
LOAD build/stm32f1xx_hal_cortex.o
LOAD build/stm32f1xx_hal_pwr.o
LOAD build/stm32f1xx_hal_flash.o
LOAD build/stm32f1xx_hal_flash_ex.o
LOAD build/stm32f1xx_hal_exti.o
LOAD build/system_stm32f1xx.o
LOAD build/usb_device.o
LOAD build/usbd_desc.o
LOAD build/usbd_cdc_if.o
LOAD build/usbd_conf.o
LOAD build/stm32f1xx_hal_pcd.o
LOAD build/stm32f1xx_hal_pcd_ex.o
LOAD build/stm32f1xx_ll_usb.o
LOAD build/usbd_core.o
LOAD build/usbd_ctlreq.o
LOAD build/usbd_ioreq.o
LOAD build/usbd_cdc.o
LOAD build/startup_stm32f103xb.o
LOAD E:/STM/arm-none-eabi/bin/../lib/gcc/arm-none-eabi/14.3.1/../../../../arm-none-eabi/lib/thumb/v7-m/nofp\libc_nano.a
LOAD E:/STM/arm-none-eabi/bin/../lib/gcc/arm-none-eabi/14.3.1/../../../../arm-none-eabi/lib/thumb/v7-m/nofp\libm.a
LOAD E:/STM/arm-none-eabi/bin/../lib/gcc/arm-none-eabi/14.3.1/../../../../arm-none-eabi/lib/thumb/v7-m/nofp\libnosys.a
START GROUP
LOAD E:/STM/arm-none-eabi/bin/../lib/gcc/arm-none-eabi/14.3.1/thumb/v7-m/nofp\libgcc.a
LOAD E:/STM/arm-none-eabi/bin/../lib/gcc/arm-none-eabi/14.3.1/../../../../arm-none-eabi/lib/thumb/v7-m/nofp\libc_nano.a
END GROUP
START GROUP
LOAD E:/STM/arm-none-eabi/bin/../lib/gcc/arm-none-eabi/14.3.1/thumb/v7-m/nofp\libgcc.a
LOAD E:/STM/arm-none-eabi/bin/../lib/gcc/arm-none-eabi/14.3.1/../../../../arm-none-eabi/lib/thumb/v7-m/nofp\libc_nano.a
END GROUP
LOAD E:/STM/arm-none-eabi/bin/../lib/gcc/arm-none-eabi/14.3.1/thumb/v7-m/nofp/crtend.o
LOAD E:/STM/arm-none-eabi/bin/../lib/gcc/arm-none-eabi/14.3.1/thumb/v7-m/nofp/crtn.o
                0x20005000                        _estack = (ORIGIN (RAM) + LENGTH (RAM))
                0x00000200                        _Min_Heap_Size = 0x200
                0x00000400                        _Min_Stack_Size = 0x400

.isr_vector     0x08000000      0x10c
                0x08000000                        . = ALIGN (0x4)
 *(.isr_vector)
 .isr_vector    0x08000000      0x10c build/startup_stm32f103xb.o
                0x08000000                g_pfnVectors
                0x0800010c                        . = ALIGN (0x4)

.text           0x08000110     0x79d8
                0x08000110                        . = ALIGN (0x4)
 *(.text)
 .text          0x08000110       0x40 E:/STM/arm-none-eabi/bin/../lib/gcc/arm-none-eabi/14.3.1/thumb/v7-m/nofp/crtbegin.o
 .text          0x08000150      0x378 E:/STM/arm-none-eabi/bin/../lib/gcc/arm-none-eabi/14.3.1/thumb/v7-m/nofp\libgcc.a(_arm_addsubdf3.o)
                0x08000150                __aeabi_drsub
                0x08000158                __aeabi_dsub
                0x08000158                __subdf3
                0x0800015c                __aeabi_dadd
                0x0800015c                __adddf3
                0x080003d4                __floatunsidf
                0x080003d4                __aeabi_ui2d
                0x080003f4                __floatsidf
                0x080003f4                __aeabi_i2d
                0x08000418                __aeabi_f2d
                0x08000418                __extendsfdf2
                0x0800045c                __floatundidf
                0x0800045c                __aeabi_ul2d
                0x0800046c                __floatdidf
                0x0800046c                __aeabi_l2d
 .text          0x080004c8      0x424 E:/STM/arm-none-eabi/bin/../lib/gcc/arm-none-eabi/14.3.1/thumb/v7-m/nofp\libgcc.a(_arm_muldivdf3.o)
                0x080004c8                __aeabi_dmul
                0x080004c8                __muldf3
                0x0800071c                __divdf3
                0x0800071c                __aeabi_ddiv
 .text          0x080008ec      0x110 E:/STM/arm-none-eabi/bin/../lib/gcc/arm-none-eabi/14.3.1/thumb/v7-m/nofp\libgcc.a(_arm_cmpdf2.o)
                0x080008ec                __gtdf2
                0x080008ec                __gedf2
                0x080008f4                __ltdf2
                0x080008f4                __ledf2
                0x080008fc                __nedf2
                0x080008fc                __eqdf2
                0x080008fc                __cmpdf2
                0x08000978                __aeabi_cdrcmple
                0x08000988                __aeabi_cdcmpeq
                0x08000988                __aeabi_cdcmple
                0x08000998                __aeabi_dcmpeq
                0x080009ac                __aeabi_dcmplt
                0x080009c0                __aeabi_dcmple
                0x080009d4                __aeabi_dcmpge
                0x080009e8                __aeabi_dcmpgt
 .text          0x080009fc       0x2c E:/STM/arm-none-eabi/bin/../lib/gcc/arm-none-eabi/14.3.1/thumb/v7-m/nofp\libgcc.a(_arm_unorddf2.o)
                0x080009fc                __unorddf2
                0x080009fc                __aeabi_dcmpun
 .text          0x08000a28       0xa0 E:/STM/arm-none-eabi/bin/../lib/gcc/arm-none-eabi/14.3.1/thumb/v7-m/nofp\libgcc.a(_arm_truncdfsf2.o)
                0x08000a28                __truncdfsf2
                0x08000a28                __aeabi_d2f
 .text          0x08000ac8      0x21c E:/STM/arm-none-eabi/bin/../lib/gcc/arm-none-eabi/14.3.1/thumb/v7-m/nofp\libgcc.a(_arm_addsubsf3.o)
                0x08000ac8                __aeabi_frsub
                0x08000ad0                __subsf3
                0x08000ad0                __aeabi_fsub
                0x08000ad4                __aeabi_fadd
                0x08000ad4                __addsf3
                0x08000c34                __aeabi_ui2f
                0x08000c34                __floatunsisf
                0x08000c3c                __aeabi_i2f
                0x08000c3c                __floatsisf
                0x08000c58                __aeabi_ul2f
                0x08000c58                __floatundisf
                0x08000c68                __aeabi_l2f
                0x08000c68                __floatdisf
 .text          0x08000ce4      0x2a0 E:/STM/arm-none-eabi/bin/../lib/gcc/arm-none-eabi/14.3.1/thumb/v7-m/nofp\libgcc.a(_arm_muldivsf3.o)
                0x08000ce4                __mulsf3
                0x08000ce4                __aeabi_fmul
                0x08000e4c                __aeabi_fdiv
                0x08000e4c                __divsf3
 .text          0x08000f84       0xec E:/STM/arm-none-eabi/bin/../lib/gcc/arm-none-eabi/14.3.1/thumb/v7-m/nofp\libgcc.a(_arm_cmpsf2.o)
                0x08000f84                __gesf2
                0x08000f84                __gtsf2
                0x08000f8c                __lesf2
                0x08000f8c                __ltsf2
                0x08000f94                __nesf2
                0x08000f94                __eqsf2
                0x08000f94                __cmpsf2
                0x08000ff4                __aeabi_cfrcmple
                0x08000ffc                __aeabi_cfcmpeq
                0x08000ffc                __aeabi_cfcmple
                0x0800100c                __aeabi_fcmpeq
                0x08001020                __aeabi_fcmplt
                0x08001034                __aeabi_fcmple
                0x08001048                __aeabi_fcmpge
                0x0800105c                __aeabi_fcmpgt
 .text          0x08001070       0x40 E:/STM/arm-none-eabi/bin/../lib/gcc/arm-none-eabi/14.3.1/thumb/v7-m/nofp\libgcc.a(_arm_fixunssfsi.o)
                0x08001070                __fixunssfsi
                0x08001070                __aeabi_f2uiz
 *(.text*)
 .text.MX_GPIO_Init
                0x080010b0       0xe4 build/main.o
 .text.DWT_Init
                0x08001194       0x1e build/main.o
                0x08001194                DWT_Init
 *fill*         0x080011b2        0x2 
 .text.us_delay
                0x080011b4       0x2c build/main.o
                0x080011b4                us_delay
 .text.Error_Handler
                0x080011e0        0x4 build/main.o
                0x080011e0                Error_Handler
 .text.MX_TIM4_Init
                0x080011e4       0x8c build/main.o
 .text.MX_TIM3_Init
                0x08001270       0x64 build/main.o
 .text.SystemClock_Config
                0x080012d4       0x84 build/main.o
                0x080012d4                SystemClock_Config
 .text.main     0x08001358       0x68 build/main.o
                0x08001358                main
 .text.Servo_SetAngle
                0x080013c0       0xc8 build/stepper.o
                0x080013c0                Servo_SetAngle
 .text.Stepper_Step
                0x08001488       0x80 build/stepper.o
                0x08001488                Stepper_Step
 .text.Stepper_Angle
                0x08001508       0xc0 build/stepper.o
                0x08001508                Stepper_Angle
 .text.inv_kin  0x080015c8      0x208 build/stepper.o
                0x080015c8                inv_kin
 .text.take_object
                0x080017d0       0x68 build/stepper.o
                0x080017d0                take_object
 .text.HAL_GPIO_EXTI_Callback
                0x08001838       0x54 build/stepper.o
                0x08001838                HAL_GPIO_EXTI_Callback
 *fill*         0x0800188c        0x4 
 .text.HAL_TIM_PeriodElapsedCallback
                0x08001890       0x68 build/stepper.o
                0x08001890                HAL_TIM_PeriodElapsedCallback
 .text.NMI_Handler
                0x080018f8        0x8 build/stm32f1xx_it.o
                0x080018f8                NMI_Handler
 .text.HardFault_Handler
                0x08001900        0x2 build/stm32f1xx_it.o
                0x08001900                HardFault_Handler
 .text.MemManage_Handler
                0x08001902        0x2 build/stm32f1xx_it.o
                0x08001902                MemManage_Handler
 .text.BusFault_Handler
                0x08001904        0x2 build/stm32f1xx_it.o
                0x08001904                BusFault_Handler
 .text.UsageFault_Handler
                0x08001906        0x2 build/stm32f1xx_it.o
                0x08001906                UsageFault_Handler
 .text.SVC_Handler
                0x08001908        0x2 build/stm32f1xx_it.o
                0x08001908                SVC_Handler
 .text.DebugMon_Handler
                0x0800190a        0x2 build/stm32f1xx_it.o
                0x0800190a                DebugMon_Handler
 .text.PendSV_Handler
                0x0800190c        0x2 build/stm32f1xx_it.o
                0x0800190c                PendSV_Handler
 .text.SysTick_Handler
                0x0800190e        0x8 build/stm32f1xx_it.o
                0x0800190e                SysTick_Handler
 *fill*         0x08001916        0x2 
 .text.USB_LP_CAN1_RX0_IRQHandler
                0x08001918       0x10 build/stm32f1xx_it.o
                0x08001918                USB_LP_CAN1_RX0_IRQHandler
 .text.TIM3_IRQHandler
                0x08001928       0x10 build/stm32f1xx_it.o
                0x08001928                TIM3_IRQHandler
 .text.TIM4_IRQHandler
                0x08001938       0x10 build/stm32f1xx_it.o
                0x08001938                TIM4_IRQHandler
 .text.EXTI15_10_IRQHandler
                0x08001948       0x1c build/stm32f1xx_it.o
                0x08001948                EXTI15_10_IRQHandler
 .text.HAL_MspInit
                0x08001964       0x44 build/stm32f1xx_hal_msp.o
                0x08001964                HAL_MspInit
 .text.HAL_TIM_Base_MspInit
                0x080019a8       0x3c build/stm32f1xx_hal_msp.o
                0x080019a8                HAL_TIM_Base_MspInit
 .text.HAL_TIM_PWM_MspInit
                0x080019e4       0x3c build/stm32f1xx_hal_msp.o
                0x080019e4                HAL_TIM_PWM_MspInit
 .text.HAL_TIM_MspPostInit
                0x08001a20       0x4c build/stm32f1xx_hal_msp.o
                0x08001a20                HAL_TIM_MspPostInit
 .text.TIM_OC1_SetConfig
                0x08001a6c       0x54 build/stm32f1xx_hal_tim.o
 .text.TIM_OC3_SetConfig
                0x08001ac0       0x5c build/stm32f1xx_hal_tim.o
 .text.TIM_OC4_SetConfig
                0x08001b1c       0x48 build/stm32f1xx_hal_tim.o
 .text.TIM_TI1_ConfigInputStage
                0x08001b64       0x24 build/stm32f1xx_hal_tim.o
 .text.TIM_TI2_ConfigInputStage
                0x08001b88       0x26 build/stm32f1xx_hal_tim.o
 .text.TIM_ITRx_SetConfig
                0x08001bae       0x10 build/stm32f1xx_hal_tim.o
 .text.HAL_TIM_OC_DelayElapsedCallback
                0x08001bbe        0x2 build/stm32f1xx_hal_tim.o
                0x08001bbe                HAL_TIM_OC_DelayElapsedCallback
 .text.HAL_TIM_IC_CaptureCallback
                0x08001bc0        0x2 build/stm32f1xx_hal_tim.o
                0x08001bc0                HAL_TIM_IC_CaptureCallback
 .text.HAL_TIM_PWM_PulseFinishedCallback
                0x08001bc2        0x2 build/stm32f1xx_hal_tim.o
                0x08001bc2                HAL_TIM_PWM_PulseFinishedCallback
 .text.HAL_TIM_TriggerCallback
                0x08001bc4        0x2 build/stm32f1xx_hal_tim.o
                0x08001bc4                HAL_TIM_TriggerCallback
 .text.HAL_TIM_IRQHandler
                0x08001bc6      0x17a build/stm32f1xx_hal_tim.o
                0x08001bc6                HAL_TIM_IRQHandler
 .text.TIM_Base_SetConfig
                0x08001d40       0x74 build/stm32f1xx_hal_tim.o
                0x08001d40                TIM_Base_SetConfig
 .text.HAL_TIM_Base_Init
                0x08001db4       0x58 build/stm32f1xx_hal_tim.o
                0x08001db4                HAL_TIM_Base_Init
 .text.HAL_TIM_PWM_Init
                0x08001e0c       0x58 build/stm32f1xx_hal_tim.o
                0x08001e0c                HAL_TIM_PWM_Init
 .text.TIM_OC2_SetConfig
                0x08001e64       0x5c build/stm32f1xx_hal_tim.o
                0x08001e64                TIM_OC2_SetConfig
 .text.HAL_TIM_PWM_ConfigChannel
                0x08001ec0       0xdc build/stm32f1xx_hal_tim.o
                0x08001ec0                HAL_TIM_PWM_ConfigChannel
 .text.TIM_ETR_SetConfig
                0x08001f9c       0x18 build/stm32f1xx_hal_tim.o
                0x08001f9c                TIM_ETR_SetConfig
 .text.HAL_TIM_ConfigClockSource
                0x08001fb4       0xfe build/stm32f1xx_hal_tim.o
                0x08001fb4                HAL_TIM_ConfigClockSource
 .text.TIM_CCxChannelCmd
                0x080020b2       0x1e build/stm32f1xx_hal_tim.o
                0x080020b2                TIM_CCxChannelCmd
 .text.HAL_TIM_PWM_Start
                0x080020d0       0xd4 build/stm32f1xx_hal_tim.o
                0x080020d0                HAL_TIM_PWM_Start
 .text.HAL_TIMEx_MasterConfigSynchronization
                0x080021a4       0x6c build/stm32f1xx_hal_tim_ex.o
                0x080021a4                HAL_TIMEx_MasterConfigSynchronization
 .text.HAL_TIMEx_CommutCallback
                0x08002210        0x2 build/stm32f1xx_hal_tim_ex.o
                0x08002210                HAL_TIMEx_CommutCallback
 .text.HAL_TIMEx_BreakCallback
                0x08002212        0x2 build/stm32f1xx_hal_tim_ex.o
                0x08002212                HAL_TIMEx_BreakCallback
 .text.HAL_InitTick
                0x08002214       0x4c build/stm32f1xx_hal.o
                0x08002214                HAL_InitTick
 .text.HAL_Init
                0x08002260       0x24 build/stm32f1xx_hal.o
                0x08002260                HAL_Init
 .text.HAL_IncTick
                0x08002284       0x18 build/stm32f1xx_hal.o
                0x08002284                HAL_IncTick
 .text.HAL_GetTick
                0x0800229c        0xc build/stm32f1xx_hal.o
                0x0800229c                HAL_GetTick
 .text.HAL_Delay
                0x080022a8       0x28 build/stm32f1xx_hal.o
                0x080022a8                HAL_Delay
 .text.RCC_Delay
                0x080022d0       0x2c build/stm32f1xx_hal_rcc.o
 .text.HAL_RCC_OscConfig
                0x080022fc      0x410 build/stm32f1xx_hal_rcc.o
                0x080022fc                HAL_RCC_OscConfig
 .text.HAL_RCC_EnableCSS
                0x0800270c        0xc build/stm32f1xx_hal_rcc.o
                0x0800270c                HAL_RCC_EnableCSS
 .text.HAL_RCC_GetSysClockFreq
                0x08002718       0x54 build/stm32f1xx_hal_rcc.o
                0x08002718                HAL_RCC_GetSysClockFreq
 .text.HAL_RCC_ClockConfig
                0x0800276c      0x16c build/stm32f1xx_hal_rcc.o
                0x0800276c                HAL_RCC_ClockConfig
 .text.HAL_RCC_CSSCallback
                0x080028d8        0x2 build/stm32f1xx_hal_rcc.o
                0x080028d8                HAL_RCC_CSSCallback
 *fill*         0x080028da        0x2 
 .text.HAL_RCC_NMI_IRQHandler
                0x080028dc       0x20 build/stm32f1xx_hal_rcc.o
                0x080028dc                HAL_RCC_NMI_IRQHandler
 .text.HAL_RCCEx_PeriphCLKConfig
                0x080028fc      0x118 build/stm32f1xx_hal_rcc_ex.o
                0x080028fc                HAL_RCCEx_PeriphCLKConfig
 .text.HAL_GPIO_Init
                0x08002a14      0x214 build/stm32f1xx_hal_gpio.o
                0x08002a14                HAL_GPIO_Init
 .text.HAL_GPIO_DeInit
                0x08002c28       0xfc build/stm32f1xx_hal_gpio.o
                0x08002c28                HAL_GPIO_DeInit
 .text.HAL_GPIO_ReadPin
                0x08002d24        0xe build/stm32f1xx_hal_gpio.o
                0x08002d24                HAL_GPIO_ReadPin
 .text.HAL_GPIO_WritePin
                0x08002d32        0xc build/stm32f1xx_hal_gpio.o
                0x08002d32                HAL_GPIO_WritePin
 *fill*         0x08002d3e        0x2 
 .text.HAL_GPIO_EXTI_IRQHandler
                0x08002d40       0x1c build/stm32f1xx_hal_gpio.o
                0x08002d40                HAL_GPIO_EXTI_IRQHandler
 .text.__NVIC_SetPriority
                0x08002d5c       0x28 build/stm32f1xx_hal_cortex.o
 .text.NVIC_EncodePriority
                0x08002d84       0x3c build/stm32f1xx_hal_cortex.o
 .text.HAL_NVIC_SetPriorityGrouping
                0x08002dc0       0x24 build/stm32f1xx_hal_cortex.o
                0x08002dc0                HAL_NVIC_SetPriorityGrouping
 .text.HAL_NVIC_SetPriority
                0x08002de4       0x20 build/stm32f1xx_hal_cortex.o
                0x08002de4                HAL_NVIC_SetPriority
 .text.HAL_NVIC_EnableIRQ
                0x08002e04       0x1c build/stm32f1xx_hal_cortex.o
                0x08002e04                HAL_NVIC_EnableIRQ
 .text.HAL_SYSTICK_Config
                0x08002e20       0x28 build/stm32f1xx_hal_cortex.o
                0x08002e20                HAL_SYSTICK_Config
 .text.SystemInit
                0x08002e48        0x2 build/system_stm32f1xx.o
                0x08002e48                SystemInit
 *fill*         0x08002e4a        0x2 
 .text.MX_USB_DEVICE_Init
                0x08002e4c       0x54 build/usb_device.o
                0x08002e4c                MX_USB_DEVICE_Init
 .text.USBD_FS_DeviceDescriptor
                0x08002ea0        0xc build/usbd_desc.o
                0x08002ea0                USBD_FS_DeviceDescriptor
 .text.USBD_FS_LangIDStrDescriptor
                0x08002eac        0xc build/usbd_desc.o
                0x08002eac                USBD_FS_LangIDStrDescriptor
 .text.IntToUnicode
                0x08002eb8       0x44 build/usbd_desc.o
 .text.Get_SerialNum
                0x08002efc       0x38 build/usbd_desc.o
 .text.USBD_FS_SerialStrDescriptor
                0x08002f34       0x14 build/usbd_desc.o
                0x08002f34                USBD_FS_SerialStrDescriptor
 .text.USBD_FS_ProductStrDescriptor
                0x08002f48       0x24 build/usbd_desc.o
                0x08002f48                USBD_FS_ProductStrDescriptor
 .text.USBD_FS_ManufacturerStrDescriptor
                0x08002f6c       0x1c build/usbd_desc.o
                0x08002f6c                USBD_FS_ManufacturerStrDescriptor
 .text.USBD_FS_ConfigStrDescriptor
                0x08002f88       0x24 build/usbd_desc.o
                0x08002f88                USBD_FS_ConfigStrDescriptor
 .text.USBD_FS_InterfaceStrDescriptor
                0x08002fac       0x24 build/usbd_desc.o
                0x08002fac                USBD_FS_InterfaceStrDescriptor
 .text.CDC_DeInit_FS
                0x08002fd0        0x4 build/usbd_cdc_if.o
 .text.CDC_Control_FS
                0x08002fd4        0x4 build/usbd_cdc_if.o
 .text.CDC_Receive_FS
                0x08002fd8       0x1c build/usbd_cdc_if.o
 .text.CDC_Init_FS
                0x08002ff4       0x28 build/usbd_cdc_if.o
 .text.USBD_Get_USB_Status
                0x0800301c       0x14 build/usbd_conf.o
 .text.HAL_PCD_MspInit
                0x08003030       0x3c build/usbd_conf.o
                0x08003030                HAL_PCD_MspInit
 .text.HAL_PCD_SetupStageCallback
                0x0800306c       0x10 build/usbd_conf.o
                0x0800306c                HAL_PCD_SetupStageCallback
 .text.HAL_PCD_DataOutStageCallback
                0x0800307c       0x18 build/usbd_conf.o
                0x0800307c                HAL_PCD_DataOutStageCallback
 .text.HAL_PCD_DataInStageCallback
                0x08003094       0x16 build/usbd_conf.o
                0x08003094                HAL_PCD_DataInStageCallback
 .text.HAL_PCD_SOFCallback
                0x080030aa        0xc build/usbd_conf.o
                0x080030aa                HAL_PCD_SOFCallback
 .text.HAL_PCD_ResetCallback
                0x080030b6       0x24 build/usbd_conf.o
                0x080030b6                HAL_PCD_ResetCallback
 *fill*         0x080030da        0x2 
 .text.HAL_PCD_SuspendCallback
                0x080030dc       0x20 build/usbd_conf.o
                0x080030dc                HAL_PCD_SuspendCallback
 .text.HAL_PCD_ResumeCallback
                0x080030fc        0xc build/usbd_conf.o
                0x080030fc                HAL_PCD_ResumeCallback
 .text.USBD_LL_Init
                0x08003108       0x84 build/usbd_conf.o
                0x08003108                USBD_LL_Init
 .text.USBD_LL_Start
                0x0800318c       0x10 build/usbd_conf.o
                0x0800318c                USBD_LL_Start
 .text.USBD_LL_OpenEP
                0x0800319c       0x16 build/usbd_conf.o
                0x0800319c                USBD_LL_OpenEP
 .text.USBD_LL_CloseEP
                0x080031b2       0x10 build/usbd_conf.o
                0x080031b2                USBD_LL_CloseEP
 .text.USBD_LL_StallEP
                0x080031c2       0x10 build/usbd_conf.o
                0x080031c2                USBD_LL_StallEP
 .text.USBD_LL_ClearStallEP
                0x080031d2       0x10 build/usbd_conf.o
                0x080031d2                USBD_LL_ClearStallEP
 .text.USBD_LL_IsStallEP
                0x080031e2       0x2e build/usbd_conf.o
                0x080031e2                USBD_LL_IsStallEP
 .text.USBD_LL_SetUSBAddress
                0x08003210       0x10 build/usbd_conf.o
                0x08003210                USBD_LL_SetUSBAddress
 .text.USBD_LL_Transmit
                0x08003220       0x10 build/usbd_conf.o
                0x08003220                USBD_LL_Transmit
 .text.USBD_LL_PrepareReceive
                0x08003230       0x10 build/usbd_conf.o
                0x08003230                USBD_LL_PrepareReceive
 .text.USBD_LL_GetRxDataSize
                0x08003240        0xc build/usbd_conf.o
                0x08003240                USBD_LL_GetRxDataSize
 .text.USBD_static_malloc
                0x0800324c        0x8 build/usbd_conf.o
                0x0800324c                USBD_static_malloc
 .text.USBD_static_free
                0x08003254        0x2 build/usbd_conf.o
                0x08003254                USBD_static_free
 .text.HAL_PCDEx_SetConnectionState
                0x08003256        0x2 build/usbd_conf.o
                0x08003256                HAL_PCDEx_SetConnectionState
 .text.HAL_PCD_EP_DB_Receive
                0x08003258      0x11c build/stm32f1xx_hal_pcd.o
 .text.HAL_PCD_Init
                0x08003374      0x110 build/stm32f1xx_hal_pcd.o
                0x08003374                HAL_PCD_Init
 .text.HAL_PCD_Start
                0x08003484       0x32 build/stm32f1xx_hal_pcd.o
                0x08003484                HAL_PCD_Start
 .text.HAL_PCD_EP_DB_Transmit
                0x080034b6      0x424 build/stm32f1xx_hal_pcd.o
 .text.PCD_EP_ISR_Handler
                0x080038da      0x53e build/stm32f1xx_hal_pcd.o
 .text.HAL_PCD_SetAddress
                0x08003e18       0x28 build/stm32f1xx_hal_pcd.o
                0x08003e18                HAL_PCD_SetAddress
 .text.HAL_PCD_IRQHandler
                0x08003e40      0x1b0 build/stm32f1xx_hal_pcd.o
                0x08003e40                HAL_PCD_IRQHandler
 .text.HAL_PCD_EP_Open
                0x08003ff0       0x7c build/stm32f1xx_hal_pcd.o
                0x08003ff0                HAL_PCD_EP_Open
 .text.HAL_PCD_EP_Close
                0x0800406c       0x64 build/stm32f1xx_hal_pcd.o
                0x0800406c                HAL_PCD_EP_Close
 .text.HAL_PCD_EP_Receive
                0x080040d0       0x3a build/stm32f1xx_hal_pcd.o
                0x080040d0                HAL_PCD_EP_Receive
 .text.HAL_PCD_EP_GetRxCount
                0x0800410a       0x12 build/stm32f1xx_hal_pcd.o
                0x0800410a                HAL_PCD_EP_GetRxCount
 .text.HAL_PCD_EP_Transmit
                0x0800411c       0x44 build/stm32f1xx_hal_pcd.o
                0x0800411c                HAL_PCD_EP_Transmit
 .text.HAL_PCD_EP_SetStall
                0x08004160       0x78 build/stm32f1xx_hal_pcd.o
                0x08004160                HAL_PCD_EP_SetStall
 .text.HAL_PCD_EP_ClrStall
                0x080041d8       0x76 build/stm32f1xx_hal_pcd.o
                0x080041d8                HAL_PCD_EP_ClrStall
 .text.HAL_PCDEx_PMAConfig
                0x0800424e       0x38 build/stm32f1xx_hal_pcd_ex.o
                0x0800424e                HAL_PCDEx_PMAConfig
 .text.USB_CoreInit
                0x08004286        0xe build/stm32f1xx_ll_usb.o
                0x08004286                USB_CoreInit
 .text.USB_EnableGlobalInt
                0x08004294       0x12 build/stm32f1xx_ll_usb.o
                0x08004294                USB_EnableGlobalInt
 .text.USB_DisableGlobalInt
                0x080042a6       0x14 build/stm32f1xx_ll_usb.o
                0x080042a6                USB_DisableGlobalInt
 .text.USB_SetCurrentMode
                0x080042ba        0x4 build/stm32f1xx_ll_usb.o
                0x080042ba                USB_SetCurrentMode
 .text.USB_DevInit
                0x080042be       0x22 build/stm32f1xx_ll_usb.o
                0x080042be                USB_DevInit
 .text.USB_ActivateEndpoint
                0x080042e0      0x3ca build/stm32f1xx_ll_usb.o
                0x080042e0                USB_ActivateEndpoint
 .text.USB_DeactivateEndpoint
                0x080046aa      0x1d6 build/stm32f1xx_ll_usb.o
                0x080046aa                USB_DeactivateEndpoint
 .text.USB_EPSetStall
                0x08004880       0x4a build/stm32f1xx_ll_usb.o
                0x08004880                USB_EPSetStall
 .text.USB_EPClearStall
                0x080048ca       0xa2 build/stm32f1xx_ll_usb.o
                0x080048ca                USB_EPClearStall
 .text.USB_SetDevAddress
                0x0800496c        0xc build/stm32f1xx_ll_usb.o
                0x0800496c                USB_SetDevAddress
 .text.USB_DevConnect
                0x08004978        0x4 build/stm32f1xx_ll_usb.o
                0x08004978                USB_DevConnect
 .text.USB_DevDisconnect
                0x0800497c        0x4 build/stm32f1xx_ll_usb.o
                0x0800497c                USB_DevDisconnect
 .text.USB_ReadInterrupts
                0x08004980        0x8 build/stm32f1xx_ll_usb.o
                0x08004980                USB_ReadInterrupts
 .text.USB_EP0_OutStart
                0x08004988        0x4 build/stm32f1xx_ll_usb.o
                0x08004988                USB_EP0_OutStart
 .text.USB_WritePMA
                0x0800498c       0x26 build/stm32f1xx_ll_usb.o
                0x0800498c                USB_WritePMA
 .text.USB_EPStartXfer
                0x080049b2      0x7d6 build/stm32f1xx_ll_usb.o
                0x080049b2                USB_EPStartXfer
 .text.USB_ReadPMA
                0x08005188       0x30 build/stm32f1xx_ll_usb.o
                0x08005188                USB_ReadPMA
 .text.USBD_Init
                0x080051b8       0x2e build/usbd_core.o
                0x080051b8                USBD_Init
 .text.USBD_RegisterClass
                0x080051e6        0xe build/usbd_core.o
                0x080051e6                USBD_RegisterClass
 .text.USBD_Start
                0x080051f4        0xa build/usbd_core.o
                0x080051f4                USBD_Start
 .text.USBD_SetClassConfig
                0x080051fe       0x18 build/usbd_core.o
                0x080051fe                USBD_SetClassConfig
 .text.USBD_ClrClassConfig
                0x08005216        0xe build/usbd_core.o
                0x08005216                USBD_ClrClassConfig
 .text.USBD_LL_SetupStage
                0x08005224       0x5a build/usbd_core.o
                0x08005224                USBD_LL_SetupStage
 .text.USBD_LL_DataOutStage
                0x0800527e       0x8c build/usbd_core.o
                0x0800527e                USBD_LL_DataOutStage
 .text.USBD_LL_DataInStage
                0x0800530a       0xd0 build/usbd_core.o
                0x0800530a                USBD_LL_DataInStage
 .text.USBD_LL_Reset
                0x080053da       0x50 build/usbd_core.o
                0x080053da                USBD_LL_Reset
 .text.USBD_LL_SetSpeed
                0x0800542a        0x6 build/usbd_core.o
                0x0800542a                USBD_LL_SetSpeed
 .text.USBD_LL_Suspend
                0x08005430       0x12 build/usbd_core.o
                0x08005430                USBD_LL_Suspend
 .text.USBD_LL_Resume
                0x08005442       0x16 build/usbd_core.o
                0x08005442                USBD_LL_Resume
 .text.USBD_LL_SOF
                0x08005458       0x1c build/usbd_core.o
                0x08005458                USBD_LL_SOF
 .text.USBD_GetLen
                0x08005474       0x14 build/usbd_ctlreq.o
 .text.USBD_SetFeature
                0x08005488       0x14 build/usbd_ctlreq.o
 .text.USBD_ParseSetupRequest
                0x0800549c       0x28 build/usbd_ctlreq.o
                0x0800549c                USBD_ParseSetupRequest
 .text.USBD_CtlError
                0x080054c4       0x14 build/usbd_ctlreq.o
                0x080054c4                USBD_CtlError
 .text.USBD_GetDescriptor
                0x080054d8      0x186 build/usbd_ctlreq.o
 .text.USBD_SetAddress
                0x0800565e       0x4e build/usbd_ctlreq.o
 .text.USBD_SetConfig
                0x080056ac       0xb0 build/usbd_ctlreq.o
 .text.USBD_GetConfig
                0x0800575c       0x3e build/usbd_ctlreq.o
 .text.USBD_GetStatus
                0x0800579a       0x38 build/usbd_ctlreq.o
 .text.USBD_ClrFeature
                0x080057d2       0x26 build/usbd_ctlreq.o
 .text.USBD_StdDevReq
                0x080057f8       0x68 build/usbd_ctlreq.o
                0x080057f8                USBD_StdDevReq
 .text.USBD_StdItfReq
                0x08005860       0x60 build/usbd_ctlreq.o
                0x08005860                USBD_StdItfReq
 .text.USBD_StdEPReq
                0x080058c0      0x1e2 build/usbd_ctlreq.o
                0x080058c0                USBD_StdEPReq
 .text.USBD_GetString
                0x08005aa2       0x3a build/usbd_ctlreq.o
                0x08005aa2                USBD_GetString
 .text.USBD_CtlSendData
                0x08005adc       0x1a build/usbd_ioreq.o
                0x08005adc                USBD_CtlSendData
 .text.USBD_CtlContinueSendData
                0x08005af6       0x10 build/usbd_ioreq.o
                0x08005af6                USBD_CtlContinueSendData
 .text.USBD_CtlPrepareRx
                0x08005b06       0x1e build/usbd_ioreq.o
                0x08005b06                USBD_CtlPrepareRx
 .text.USBD_CtlContinueRx
                0x08005b24       0x10 build/usbd_ioreq.o
                0x08005b24                USBD_CtlContinueRx
 .text.USBD_CtlSendStatus
                0x08005b34       0x16 build/usbd_ioreq.o
                0x08005b34                USBD_CtlSendStatus
 .text.USBD_CtlReceiveStatus
                0x08005b4a       0x16 build/usbd_ioreq.o
                0x08005b4a                USBD_CtlReceiveStatus
 .text.USBD_CDC_EP0_RxReady
                0x08005b60       0x28 build/usbd_cdc.o
 .text.USBD_CDC_GetFSCfgDesc
                0x08005b88        0xc build/usbd_cdc.o
 .text.USBD_CDC_GetHSCfgDesc
                0x08005b94        0xc build/usbd_cdc.o
 .text.USBD_CDC_GetOtherSpeedCfgDesc
                0x08005ba0        0xc build/usbd_cdc.o
 .text.USBD_CDC_GetDeviceQualifierDescriptor
                0x08005bac        0xc build/usbd_cdc.o
                0x08005bac                USBD_CDC_GetDeviceQualifierDescriptor
 .text.USBD_CDC_DataOut
                0x08005bb8       0x2e build/usbd_cdc.o
 .text.USBD_CDC_DataIn
                0x08005be6       0x4e build/usbd_cdc.o
 .text.USBD_CDC_Setup
                0x08005c34       0xd6 build/usbd_cdc.o
 .text.USBD_CDC_DeInit
                0x08005d0a       0x42 build/usbd_cdc.o
 .text.USBD_CDC_Init
                0x08005d4c       0xaa build/usbd_cdc.o
 .text.USBD_CDC_RegisterInterface
                0x08005df6        0xe build/usbd_cdc.o
                0x08005df6                USBD_CDC_RegisterInterface
 .text.USBD_CDC_SetTxBuffer
                0x08005e04       0x10 build/usbd_cdc.o
                0x08005e04                USBD_CDC_SetTxBuffer
 .text.USBD_CDC_SetRxBuffer
                0x08005e14        0xc build/usbd_cdc.o
                0x08005e14                USBD_CDC_SetRxBuffer
 .text.USBD_CDC_ReceivePacket
                0x08005e20       0x30 build/usbd_cdc.o
                0x08005e20                USBD_CDC_ReceivePacket
 .text.Reset_Handler
                0x08005e50       0x48 build/startup_stm32f103xb.o
                0x08005e50                Reset_Handler
 .text.Default_Handler
                0x08005e98        0x2 build/startup_stm32f103xb.o
                0x08005e98                RTC_Alarm_IRQHandler
                0x08005e98                EXTI2_IRQHandler
                0x08005e98                TIM1_CC_IRQHandler
                0x08005e98                PVD_IRQHandler
                0x08005e98                EXTI3_IRQHandler
                0x08005e98                EXTI0_IRQHandler
                0x08005e98                I2C2_EV_IRQHandler
                0x08005e98                ADC1_2_IRQHandler
                0x08005e98                SPI1_IRQHandler
                0x08005e98                TAMPER_IRQHandler
                0x08005e98                DMA1_Channel4_IRQHandler
                0x08005e98                USART3_IRQHandler
                0x08005e98                RTC_IRQHandler
                0x08005e98                DMA1_Channel7_IRQHandler
                0x08005e98                CAN1_RX1_IRQHandler
                0x08005e98                I2C1_EV_IRQHandler
                0x08005e98                DMA1_Channel6_IRQHandler
                0x08005e98                RCC_IRQHandler
                0x08005e98                TIM1_TRG_COM_IRQHandler
                0x08005e98                DMA1_Channel1_IRQHandler
                0x08005e98                Default_Handler
                0x08005e98                EXTI9_5_IRQHandler
                0x08005e98                SPI2_IRQHandler
                0x08005e98                DMA1_Channel5_IRQHandler
                0x08005e98                EXTI4_IRQHandler
                0x08005e98                USB_HP_CAN1_TX_IRQHandler
                0x08005e98                DMA1_Channel3_IRQHandler
                0x08005e98                TIM1_UP_IRQHandler
                0x08005e98                WWDG_IRQHandler
                0x08005e98                TIM2_IRQHandler
                0x08005e98                TIM1_BRK_IRQHandler
                0x08005e98                EXTI1_IRQHandler
                0x08005e98                USART2_IRQHandler
                0x08005e98                I2C2_ER_IRQHandler
                0x08005e98                DMA1_Channel2_IRQHandler
                0x08005e98                CAN1_SCE_IRQHandler
                0x08005e98                FLASH_IRQHandler
                0x08005e98                USART1_IRQHandler
                0x08005e98                I2C1_ER_IRQHandler
                0x08005e98                USBWakeUp_IRQHandler
 .text.memset   0x08005e9a       0x10 E:/STM/arm-none-eabi/bin/../lib/gcc/arm-none-eabi/14.3.1/../../../../arm-none-eabi/lib/thumb/v7-m/nofp\libc_nano.a(libc_a-memset.o)
                0x08005e9a                memset
 *fill*         0x08005eaa        0x2 
 .text.__libc_init_array
                0x08005eac       0x48 E:/STM/arm-none-eabi/bin/../lib/gcc/arm-none-eabi/14.3.1/../../../../arm-none-eabi/lib/thumb/v7-m/nofp\libc_nano.a(libc_a-init.o)
                0x08005eac                __libc_init_array
 .text.acos     0x08005ef4       0x50 E:/STM/arm-none-eabi/bin/../lib/gcc/arm-none-eabi/14.3.1/../../../../arm-none-eabi/lib/thumb/v7-m/nofp\libm.a(libm_a-w_acos.o)
                0x08005ef4                acos
 .text.pow      0x08005f44       0xdc E:/STM/arm-none-eabi/bin/../lib/gcc/arm-none-eabi/14.3.1/../../../../arm-none-eabi/lib/thumb/v7-m/nofp\libm.a(libm_a-w_pow.o)
                0x08005f44                pow
 .text.sqrt     0x08006020       0x50 E:/STM/arm-none-eabi/bin/../lib/gcc/arm-none-eabi/14.3.1/../../../../arm-none-eabi/lib/thumb/v7-m/nofp\libm.a(libm_a-w_sqrt.o)
                0x08006020                sqrt
 .text.atan     0x08006070      0x338 E:/STM/arm-none-eabi/bin/../lib/gcc/arm-none-eabi/14.3.1/../../../../arm-none-eabi/lib/thumb/v7-m/nofp\libm.a(libm_a-s_atan.o)
                0x08006070                atan
 .text.fabs     0x080063a8        0x8 E:/STM/arm-none-eabi/bin/../lib/gcc/arm-none-eabi/14.3.1/../../../../arm-none-eabi/lib/thumb/v7-m/nofp\libm.a(libm_a-s_fabs.o)
                0x080063a8                fabs
 .text.atan2f   0x080063b0        0x4 E:/STM/arm-none-eabi/bin/../lib/gcc/arm-none-eabi/14.3.1/../../../../arm-none-eabi/lib/thumb/v7-m/nofp\libm.a(libm_a-wf_atan2.o)
                0x080063b0                atan2f
 .text.finite   0x080063b4        0xc E:/STM/arm-none-eabi/bin/../lib/gcc/arm-none-eabi/14.3.1/../../../../arm-none-eabi/lib/thumb/v7-m/nofp\libm.a(libm_a-s_finite.o)
                0x080063b4                finite
 .text.nan      0x080063c0        0xc E:/STM/arm-none-eabi/bin/../lib/gcc/arm-none-eabi/14.3.1/../../../../arm-none-eabi/lib/thumb/v7-m/nofp\libm.a(libm_a-s_nan.o)
                0x080063c0                nan
 .text.__ieee754_sqrt
                0x080063cc      0x1dc E:/STM/arm-none-eabi/bin/../lib/gcc/arm-none-eabi/14.3.1/../../../../arm-none-eabi/lib/thumb/v7-m/nofp\libm.a(libm_a-e_sqrt.o)
                0x080063cc                __ieee754_sqrt
 .text.__ieee754_acos
                0x080065a8      0x4b0 E:/STM/arm-none-eabi/bin/../lib/gcc/arm-none-eabi/14.3.1/../../../../arm-none-eabi/lib/thumb/v7-m/nofp\libm.a(libm_a-e_acos.o)
                0x080065a8                __ieee754_acos
 .text.__ieee754_pow
                0x08006a58      0xbc8 E:/STM/arm-none-eabi/bin/../lib/gcc/arm-none-eabi/14.3.1/../../../../arm-none-eabi/lib/thumb/v7-m/nofp\libm.a(libm_a-e_pow.o)
                0x08006a58                __ieee754_pow
 .text.__ieee754_atan2f
                0x08007620      0x110 E:/STM/arm-none-eabi/bin/../lib/gcc/arm-none-eabi/14.3.1/../../../../arm-none-eabi/lib/thumb/v7-m/nofp\libm.a(libm_a-ef_atan2.o)
                0x08007620                __ieee754_atan2f
 .text.atanf    0x08007730      0x22c E:/STM/arm-none-eabi/bin/../lib/gcc/arm-none-eabi/14.3.1/../../../../arm-none-eabi/lib/thumb/v7-m/nofp\libm.a(libm_a-sf_atan.o)
                0x08007730                atanf
 .text.fabsf    0x0800795c        0x8 E:/STM/arm-none-eabi/bin/../lib/gcc/arm-none-eabi/14.3.1/../../../../arm-none-eabi/lib/thumb/v7-m/nofp\libm.a(libm_a-sf_fabs.o)
                0x0800795c                fabsf
 *fill*         0x08007964        0x4 
 .text.scalbn   0x08007968       0xfc E:/STM/arm-none-eabi/bin/../lib/gcc/arm-none-eabi/14.3.1/../../../../arm-none-eabi/lib/thumb/v7-m/nofp\libm.a(libm_a-s_scalbn.o)
                0x08007968                scalbn
 .text.with_errno
                0x08007a64       0x18 E:/STM/arm-none-eabi/bin/../lib/gcc/arm-none-eabi/14.3.1/../../../../arm-none-eabi/lib/thumb/v7-m/nofp\libm.a(libm_a-math_err.o)
 .text.xflow    0x08007a7c       0x30 E:/STM/arm-none-eabi/bin/../lib/gcc/arm-none-eabi/14.3.1/../../../../arm-none-eabi/lib/thumb/v7-m/nofp\libm.a(libm_a-math_err.o)
 .text.__math_uflow
                0x08007aac        0xc E:/STM/arm-none-eabi/bin/../lib/gcc/arm-none-eabi/14.3.1/../../../../arm-none-eabi/lib/thumb/v7-m/nofp\libm.a(libm_a-math_err.o)
                0x08007aac                __math_uflow
 .text.__math_oflow
                0x08007ab8        0xc E:/STM/arm-none-eabi/bin/../lib/gcc/arm-none-eabi/14.3.1/../../../../arm-none-eabi/lib/thumb/v7-m/nofp\libm.a(libm_a-math_err.o)
                0x08007ab8                __math_oflow
 .text.__errno  0x08007ac4        0xc E:/STM/arm-none-eabi/bin/../lib/gcc/arm-none-eabi/14.3.1/../../../../arm-none-eabi/lib/thumb/v7-m/nofp\libc_nano.a(libc_a-errno.o)
                0x08007ac4                __errno
 *(.glue_7)
 .glue_7        0x08007ad0        0x0 linker stubs
 *(.glue_7t)
 .glue_7t       0x08007ad0        0x0 linker stubs
 *(.eh_frame)
 .eh_frame      0x08007ad0        0x0 E:/STM/arm-none-eabi/bin/../lib/gcc/arm-none-eabi/14.3.1/thumb/v7-m/nofp/crtbegin.o
 *(.init)
 .init          0x08007ad0        0x4 E:/STM/arm-none-eabi/bin/../lib/gcc/arm-none-eabi/14.3.1/thumb/v7-m/nofp/crti.o
                0x08007ad0                _init
 .init          0x08007ad4        0x8 E:/STM/arm-none-eabi/bin/../lib/gcc/arm-none-eabi/14.3.1/thumb/v7-m/nofp/crtn.o
 *(.fini)
 .fini          0x08007adc        0x4 E:/STM/arm-none-eabi/bin/../lib/gcc/arm-none-eabi/14.3.1/thumb/v7-m/nofp/crti.o
                0x08007adc                _fini
 .fini          0x08007ae0        0x8 E:/STM/arm-none-eabi/bin/../lib/gcc/arm-none-eabi/14.3.1/thumb/v7-m/nofp/crtn.o
                0x08007ae8                        . = ALIGN (0x4)
                0x08007ae8                        _etext = .

.vfp11_veneer   0x08007ae8        0x0
 .vfp11_veneer  0x08007ae8        0x0 linker stubs

.v4_bx          0x08007ae8        0x0
 .v4_bx         0x08007ae8        0x0 linker stubs

.iplt           0x08007ae8        0x0
 .iplt          0x08007ae8        0x0 E:/STM/arm-none-eabi/bin/../lib/gcc/arm-none-eabi/14.3.1/thumb/v7-m/nofp/crtbegin.o

.rodata         0x08007ae8       0xf0
                0x08007ae8                        . = ALIGN (0x4)
 *(.rodata)
 *(.rodata*)
 .rodata.aPredivFactorTable.0
                0x08007ae8        0x2 build/stm32f1xx_hal_rcc.o
 *fill*         0x08007aea        0x2 
 .rodata.aPLLMULFactorTable.1
                0x08007aec       0x10 build/stm32f1xx_hal_rcc.o
 .rodata.AHBPrescTable
                0x08007afc       0x10 build/system_stm32f1xx.o
                0x08007afc                AHBPrescTable
 .rodata.USBD_FS_ProductStrDescriptor.str1.4
                0x08007b0c       0x3d build/usbd_desc.o
                                  0xc (size before relaxing)
 .rodata.USBD_FS_ManufacturerStrDescriptor.str1.4
                0x08007b49       0x13 build/usbd_desc.o
 .rodata.USBD_FS_ConfigStrDescriptor.str1.4
                0x08007b49        0xb build/usbd_desc.o
 .rodata.USBD_FS_InterfaceStrDescriptor.str1.4
                0x08007b49        0xe build/usbd_desc.o
 .rodata.acos.str1.4
                0x08007b49        0x1 E:/STM/arm-none-eabi/bin/../lib/gcc/arm-none-eabi/14.3.1/../../../../arm-none-eabi/lib/thumb/v7-m/nofp\libm.a(libm_a-w_acos.o)
 *fill*         0x08007b49        0x7 
 .rodata.atanlo
                0x08007b50       0x20 E:/STM/arm-none-eabi/bin/../lib/gcc/arm-none-eabi/14.3.1/../../../../arm-none-eabi/lib/thumb/v7-m/nofp\libm.a(libm_a-s_atan.o)
 .rodata.atanhi
                0x08007b70       0x20 E:/STM/arm-none-eabi/bin/../lib/gcc/arm-none-eabi/14.3.1/../../../../arm-none-eabi/lib/thumb/v7-m/nofp\libm.a(libm_a-s_atan.o)
 .rodata.tiny   0x08007b90        0x8 E:/STM/arm-none-eabi/bin/../lib/gcc/arm-none-eabi/14.3.1/../../../../arm-none-eabi/lib/thumb/v7-m/nofp\libm.a(libm_a-e_sqrt.o)
 .rodata.one    0x08007b98        0x8 E:/STM/arm-none-eabi/bin/../lib/gcc/arm-none-eabi/14.3.1/../../../../arm-none-eabi/lib/thumb/v7-m/nofp\libm.a(libm_a-e_sqrt.o)
 .rodata.CSWTCH.9
                0x08007ba0        0xc E:/STM/arm-none-eabi/bin/../lib/gcc/arm-none-eabi/14.3.1/../../../../arm-none-eabi/lib/thumb/v7-m/nofp\libm.a(libm_a-ef_atan2.o)
 .rodata.CSWTCH.8
                0x08007bac        0xc E:/STM/arm-none-eabi/bin/../lib/gcc/arm-none-eabi/14.3.1/../../../../arm-none-eabi/lib/thumb/v7-m/nofp\libm.a(libm_a-ef_atan2.o)
 .rodata.atanlo
                0x08007bb8       0x10 E:/STM/arm-none-eabi/bin/../lib/gcc/arm-none-eabi/14.3.1/../../../../arm-none-eabi/lib/thumb/v7-m/nofp\libm.a(libm_a-sf_atan.o)
 .rodata.atanhi
                0x08007bc8       0x10 E:/STM/arm-none-eabi/bin/../lib/gcc/arm-none-eabi/14.3.1/../../../../arm-none-eabi/lib/thumb/v7-m/nofp\libm.a(libm_a-sf_atan.o)
                0x08007bd8                        . = ALIGN (0x4)

.rel.dyn        0x08007bd8        0x0
 .rel.iplt      0x08007bd8        0x0 E:/STM/arm-none-eabi/bin/../lib/gcc/arm-none-eabi/14.3.1/thumb/v7-m/nofp/crtbegin.o

.ARM.extab
 *(.ARM.extab* .gnu.linkonce.armextab.*)

.ARM            0x08007bd8        0x0
                0x08007bd8                        __exidx_start = .
 *(.ARM.exidx*)
                0x08007bd8                        __exidx_end = .

.preinit_array  0x08007bd8        0x0
                0x08007bd8                        PROVIDE (__preinit_array_start = .)
 *(.preinit_array*)
                0x08007bd8                        PROVIDE (__preinit_array_end = .)

.init_array     0x08007bd8        0x4
                0x08007bd8                        PROVIDE (__init_array_start = .)
 *(SORT_BY_NAME(.init_array.*))
 *(.init_array*)
 .init_array    0x08007bd8        0x4 E:/STM/arm-none-eabi/bin/../lib/gcc/arm-none-eabi/14.3.1/thumb/v7-m/nofp/crtbegin.o
                0x08007bdc                        PROVIDE (__init_array_end = .)

.fini_array     0x08007bdc        0x4
                [!provide]                        PROVIDE (__fini_array_start = .)
 *(SORT_BY_NAME(.fini_array.*))
 *(.fini_array*)
 .fini_array    0x08007bdc        0x4 E:/STM/arm-none-eabi/bin/../lib/gcc/arm-none-eabi/14.3.1/thumb/v7-m/nofp/crtbegin.o
                [!provide]                        PROVIDE (__fini_array_end = .)
                0x08007be0                        _sidata = LOADADDR (.data)

.data           0x20000000      0x1e0 load address 0x08007be0
                0x20000000                        . = ALIGN (0x4)
                0x20000000                        _sdata = .
 *(.data)
 *(.data*)
 .data.prev     0x20000000        0x8 build/stepper.o
                0x20000000                prev
 .data.pos      0x20000008        0xc build/stepper.o
                0x20000008                pos
 .data.uwTickFreq
                0x20000014        0x1 build/stm32f1xx_hal.o
                0x20000014                uwTickFreq
 *fill*         0x20000015        0x3 
 .data.uwTickPrio
                0x20000018        0x4 build/stm32f1xx_hal.o
                0x20000018                uwTickPrio
 .data.SystemCoreClock
                0x2000001c        0x4 build/system_stm32f1xx.o
                0x2000001c                SystemCoreClock
 .data.USBD_StringSerial
                0x20000020       0x1a build/usbd_desc.o
                0x20000020                USBD_StringSerial
 *fill*         0x2000003a        0x2 
 .data.USBD_LangIDDesc
                0x2000003c        0x4 build/usbd_desc.o
                0x2000003c                USBD_LangIDDesc
 .data.USBD_FS_DeviceDesc
                0x20000040       0x12 build/usbd_desc.o
                0x20000040                USBD_FS_DeviceDesc
 *fill*         0x20000052        0x2 
 .data.FS_Desc  0x20000054       0x1c build/usbd_desc.o
                0x20000054                FS_Desc
 .data.USBD_Interface_fops_FS
                0x20000070       0x10 build/usbd_cdc_if.o
                0x20000070                USBD_Interface_fops_FS
 .data.USBD_CDC_OtherSpeedCfgDesc
                0x20000080       0x43 build/usbd_cdc.o
                0x20000080                USBD_CDC_OtherSpeedCfgDesc
 *fill*         0x200000c3        0x1 
 .data.USBD_CDC_CfgFSDesc
                0x200000c4       0x43 build/usbd_cdc.o
                0x200000c4                USBD_CDC_CfgFSDesc
 *fill*         0x20000107        0x1 
 .data.USBD_CDC_CfgHSDesc
                0x20000108       0x43 build/usbd_cdc.o
                0x20000108                USBD_CDC_CfgHSDesc
 *fill*         0x2000014b        0x1 
 .data.USBD_CDC
                0x2000014c       0x38 build/usbd_cdc.o
                0x2000014c                USBD_CDC
 .data.USBD_CDC_DeviceQualifierDesc
                0x20000184        0xa build/usbd_cdc.o
 *fill*         0x2000018e        0x2 
 .data._impure_ptr
                0x20000190        0x4 E:/STM/arm-none-eabi/bin/../lib/gcc/arm-none-eabi/14.3.1/../../../../arm-none-eabi/lib/thumb/v7-m/nofp\libc_nano.a(libc_a-impure.o)
                0x20000190                _impure_ptr
 .data._impure_data
                0x20000194       0x4c E:/STM/arm-none-eabi/bin/../lib/gcc/arm-none-eabi/14.3.1/../../../../arm-none-eabi/lib/thumb/v7-m/nofp\libc_nano.a(libc_a-impure.o)
                0x20000194                _impure_data
                0x200001e0                        . = ALIGN (0x4)
                0x200001e0                        _edata = .

.igot.plt       0x200001e0        0x0 load address 0x08007dc0
 .igot.plt      0x200001e0        0x0 E:/STM/arm-none-eabi/bin/../lib/gcc/arm-none-eabi/14.3.1/thumb/v7-m/nofp/crtbegin.o
                0x200001e0                        . = ALIGN (0x4)

.bss            0x200001e0     0x13d8 load address 0x08007dc0
                0x200001e0                        _sbss = .
                0x200001e0                        __bss_start__ = _sbss
 *(.bss)
 .bss           0x200001e0       0x1c E:/STM/arm-none-eabi/bin/../lib/gcc/arm-none-eabi/14.3.1/thumb/v7-m/nofp/crtbegin.o
 *(.bss*)
 .bss.htim4     0x200001fc       0x48 build/main.o
                0x200001fc                htim4
 .bss.htim3     0x20000244       0x48 build/main.o
                0x20000244                htim3
 .bss.btn_cnt   0x2000028c        0x1 build/stepper.o
                0x2000028c                btn_cnt
 *fill*         0x2000028d        0x3 
 .bss.t         0x20000290        0xc build/stepper.o
                0x20000290                t
 .bss.flag      0x2000029c        0x1 build/stepper.o
                0x2000029c                flag
 *fill*         0x2000029d        0x3 
 .bss.Steps     0x200002a0        0x4 build/stepper.o
                0x200002a0                Steps
 .bss.uwTick    0x200002a4        0x4 build/stm32f1xx_hal.o
                0x200002a4                uwTick
 .bss.hUsbDeviceFS
                0x200002a8      0x2c4 build/usb_device.o
                0x200002a8                hUsbDeviceFS
 .bss.USBD_StrDesc
                0x2000056c      0x200 build/usbd_desc.o
                0x2000056c                USBD_StrDesc
 .bss.UserTxBufferFS
                0x2000076c      0x400 build/usbd_cdc_if.o
                0x2000076c                UserTxBufferFS
 .bss.UserRxBufferFS
                0x20000b6c      0x400 build/usbd_cdc_if.o
                0x20000b6c                UserRxBufferFS
 .bss.mem.0     0x20000f6c      0x220 build/usbd_conf.o
 .bss.hpcd_USB_FS
                0x2000118c      0x2f0 build/usbd_conf.o
                0x2000118c                hpcd_USB_FS
 .bss.cfgidx.0  0x2000147c        0x1 build/usbd_ctlreq.o
 *fill*         0x2000147d        0x3 
 .bss.__sf      0x20001480      0x138 E:/STM/arm-none-eabi/bin/../lib/gcc/arm-none-eabi/14.3.1/../../../../arm-none-eabi/lib/thumb/v7-m/nofp\libc_nano.a(libc_a-findfp.o)
                0x20001480                __sf
 *(COMMON)
                0x200015b8                        . = ALIGN (0x4)
                0x200015b8                        _ebss = .
                0x200015b8                        __bss_end__ = _ebss

._user_heap_stack
                0x200015b8      0x600 load address 0x08007dc0
                0x200015b8                        . = ALIGN (0x8)
                0x200015b8                        PROVIDE (end = .)
                [!provide]                        PROVIDE (_end = .)
                0x200017b8                        . = (. + _Min_Heap_Size)
 *fill*         0x200015b8      0x200 
                0x20001bb8                        . = (. + _Min_Stack_Size)
 *fill*         0x200017b8      0x400 
                0x20001bb8                        . = ALIGN (0x8)

/DISCARD/
 libc.a(*)
 libm.a(*)
 libgcc.a(*)

.ARM.attributes
                0x00000000       0x29
 *(.ARM.attributes)
 .ARM.attributes
                0x00000000       0x1d E:/STM/arm-none-eabi/bin/../lib/gcc/arm-none-eabi/14.3.1/thumb/v7-m/nofp/crti.o
 .ARM.attributes
                0x0000001d       0x2d E:/STM/arm-none-eabi/bin/../lib/gcc/arm-none-eabi/14.3.1/thumb/v7-m/nofp/crtbegin.o
 .ARM.attributes
                0x0000004a       0x2d build/main.o
 .ARM.attributes
                0x00000077       0x2d build/stepper.o
 .ARM.attributes
                0x000000a4       0x2d build/stm32f1xx_it.o
 .ARM.attributes
                0x000000d1       0x2d build/stm32f1xx_hal_msp.o
 .ARM.attributes
                0x000000fe       0x2d build/stm32f1xx_hal_tim.o
 .ARM.attributes
                0x0000012b       0x2d build/stm32f1xx_hal_tim_ex.o
 .ARM.attributes
                0x00000158       0x2d build/stm32f1xx_hal.o
 .ARM.attributes
                0x00000185       0x2d build/stm32f1xx_hal_rcc.o
 .ARM.attributes
                0x000001b2       0x2d build/stm32f1xx_hal_rcc_ex.o
 .ARM.attributes
                0x000001df       0x2d build/stm32f1xx_hal_gpio.o
 .ARM.attributes
                0x0000020c       0x2d build/stm32f1xx_hal_cortex.o
 .ARM.attributes
                0x00000239       0x2d build/system_stm32f1xx.o
 .ARM.attributes
                0x00000266       0x2d build/usb_device.o
 .ARM.attributes
                0x00000293       0x2d build/usbd_desc.o
 .ARM.attributes
                0x000002c0       0x2d build/usbd_cdc_if.o
 .ARM.attributes
                0x000002ed       0x2d build/usbd_conf.o
 .ARM.attributes
                0x0000031a       0x2d build/stm32f1xx_hal_pcd.o
 .ARM.attributes
                0x00000347       0x2d build/stm32f1xx_hal_pcd_ex.o
 .ARM.attributes
                0x00000374       0x2d build/stm32f1xx_ll_usb.o
 .ARM.attributes
                0x000003a1       0x2d build/usbd_core.o
 .ARM.attributes
                0x000003ce       0x2d build/usbd_ctlreq.o
 .ARM.attributes
                0x000003fb       0x2d build/usbd_ioreq.o
 .ARM.attributes
                0x00000428       0x2d build/usbd_cdc.o
 .ARM.attributes
                0x00000455       0x21 build/startup_stm32f103xb.o
 .ARM.attributes
                0x00000476       0x2d E:/STM/arm-none-eabi/bin/../lib/gcc/arm-none-eabi/14.3.1/../../../../arm-none-eabi/lib/thumb/v7-m/nofp\libc_nano.a(libc_a-findfp.o)
 .ARM.attributes
                0x000004a3       0x2d E:/STM/arm-none-eabi/bin/../lib/gcc/arm-none-eabi/14.3.1/../../../../arm-none-eabi/lib/thumb/v7-m/nofp\libc_nano.a(libc_a-memset.o)
 .ARM.attributes
                0x000004d0       0x2d E:/STM/arm-none-eabi/bin/../lib/gcc/arm-none-eabi/14.3.1/../../../../arm-none-eabi/lib/thumb/v7-m/nofp\libc_nano.a(libc_a-impure.o)
 .ARM.attributes
                0x000004fd       0x2d E:/STM/arm-none-eabi/bin/../lib/gcc/arm-none-eabi/14.3.1/../../../../arm-none-eabi/lib/thumb/v7-m/nofp\libc_nano.a(libc_a-init.o)
 .ARM.attributes
                0x0000052a       0x2d E:/STM/arm-none-eabi/bin/../lib/gcc/arm-none-eabi/14.3.1/../../../../arm-none-eabi/lib/thumb/v7-m/nofp\libm.a(libm_a-w_acos.o)
 .ARM.attributes
                0x00000557       0x2d E:/STM/arm-none-eabi/bin/../lib/gcc/arm-none-eabi/14.3.1/../../../../arm-none-eabi/lib/thumb/v7-m/nofp\libm.a(libm_a-w_pow.o)
 .ARM.attributes
                0x00000584       0x2d E:/STM/arm-none-eabi/bin/../lib/gcc/arm-none-eabi/14.3.1/../../../../arm-none-eabi/lib/thumb/v7-m/nofp\libm.a(libm_a-w_sqrt.o)
 .ARM.attributes
                0x000005b1       0x2d E:/STM/arm-none-eabi/bin/../lib/gcc/arm-none-eabi/14.3.1/../../../../arm-none-eabi/lib/thumb/v7-m/nofp\libm.a(libm_a-s_atan.o)
 .ARM.attributes
                0x000005de       0x2d E:/STM/arm-none-eabi/bin/../lib/gcc/arm-none-eabi/14.3.1/../../../../arm-none-eabi/lib/thumb/v7-m/nofp\libm.a(libm_a-s_fabs.o)
 .ARM.attributes
                0x0000060b       0x2d E:/STM/arm-none-eabi/bin/../lib/gcc/arm-none-eabi/14.3.1/../../../../arm-none-eabi/lib/thumb/v7-m/nofp\libm.a(libm_a-wf_atan2.o)
 .ARM.attributes
                0x00000638       0x2d E:/STM/arm-none-eabi/bin/../lib/gcc/arm-none-eabi/14.3.1/../../../../arm-none-eabi/lib/thumb/v7-m/nofp\libm.a(libm_a-s_finite.o)
 .ARM.attributes
                0x00000665       0x2d E:/STM/arm-none-eabi/bin/../lib/gcc/arm-none-eabi/14.3.1/../../../../arm-none-eabi/lib/thumb/v7-m/nofp\libm.a(libm_a-s_nan.o)
 .ARM.attributes
                0x00000692       0x2d E:/STM/arm-none-eabi/bin/../lib/gcc/arm-none-eabi/14.3.1/../../../../arm-none-eabi/lib/thumb/v7-m/nofp\libm.a(libm_a-e_sqrt.o)
 .ARM.attributes
                0x000006bf       0x2d E:/STM/arm-none-eabi/bin/../lib/gcc/arm-none-eabi/14.3.1/../../../../arm-none-eabi/lib/thumb/v7-m/nofp\libm.a(libm_a-e_acos.o)
 .ARM.attributes
                0x000006ec       0x2d E:/STM/arm-none-eabi/bin/../lib/gcc/arm-none-eabi/14.3.1/../../../../arm-none-eabi/lib/thumb/v7-m/nofp\libm.a(libm_a-e_pow.o)
 .ARM.attributes
                0x00000719       0x2d E:/STM/arm-none-eabi/bin/../lib/gcc/arm-none-eabi/14.3.1/../../../../arm-none-eabi/lib/thumb/v7-m/nofp\libm.a(libm_a-ef_atan2.o)
 .ARM.attributes
                0x00000746       0x2d E:/STM/arm-none-eabi/bin/../lib/gcc/arm-none-eabi/14.3.1/../../../../arm-none-eabi/lib/thumb/v7-m/nofp\libm.a(libm_a-sf_atan.o)
 .ARM.attributes
                0x00000773       0x2d E:/STM/arm-none-eabi/bin/../lib/gcc/arm-none-eabi/14.3.1/../../../../arm-none-eabi/lib/thumb/v7-m/nofp\libm.a(libm_a-sf_fabs.o)
 .ARM.attributes
                0x000007a0       0x2d E:/STM/arm-none-eabi/bin/../lib/gcc/arm-none-eabi/14.3.1/../../../../arm-none-eabi/lib/thumb/v7-m/nofp\libm.a(libm_a-s_scalbn.o)
 .ARM.attributes
                0x000007cd       0x2d E:/STM/arm-none-eabi/bin/../lib/gcc/arm-none-eabi/14.3.1/../../../../arm-none-eabi/lib/thumb/v7-m/nofp\libm.a(libm_a-math_err.o)
 .ARM.attributes
                0x000007fa       0x1d E:/STM/arm-none-eabi/bin/../lib/gcc/arm-none-eabi/14.3.1/thumb/v7-m/nofp\libgcc.a(_arm_addsubdf3.o)
 .ARM.attributes
                0x00000817       0x1d E:/STM/arm-none-eabi/bin/../lib/gcc/arm-none-eabi/14.3.1/thumb/v7-m/nofp\libgcc.a(_arm_muldivdf3.o)
 .ARM.attributes
                0x00000834       0x1d E:/STM/arm-none-eabi/bin/../lib/gcc/arm-none-eabi/14.3.1/thumb/v7-m/nofp\libgcc.a(_arm_cmpdf2.o)
 .ARM.attributes
                0x00000851       0x1d E:/STM/arm-none-eabi/bin/../lib/gcc/arm-none-eabi/14.3.1/thumb/v7-m/nofp\libgcc.a(_arm_unorddf2.o)
 .ARM.attributes
                0x0000086e       0x1d E:/STM/arm-none-eabi/bin/../lib/gcc/arm-none-eabi/14.3.1/thumb/v7-m/nofp\libgcc.a(_arm_truncdfsf2.o)
 .ARM.attributes
                0x0000088b       0x1d E:/STM/arm-none-eabi/bin/../lib/gcc/arm-none-eabi/14.3.1/thumb/v7-m/nofp\libgcc.a(_arm_addsubsf3.o)
 .ARM.attributes
                0x000008a8       0x1d E:/STM/arm-none-eabi/bin/../lib/gcc/arm-none-eabi/14.3.1/thumb/v7-m/nofp\libgcc.a(_arm_muldivsf3.o)
 .ARM.attributes
                0x000008c5       0x1d E:/STM/arm-none-eabi/bin/../lib/gcc/arm-none-eabi/14.3.1/thumb/v7-m/nofp\libgcc.a(_arm_cmpsf2.o)
 .ARM.attributes
                0x000008e2       0x1d E:/STM/arm-none-eabi/bin/../lib/gcc/arm-none-eabi/14.3.1/thumb/v7-m/nofp\libgcc.a(_arm_fixunssfsi.o)
 .ARM.attributes
                0x000008ff       0x2d E:/STM/arm-none-eabi/bin/../lib/gcc/arm-none-eabi/14.3.1/../../../../arm-none-eabi/lib/thumb/v7-m/nofp\libc_nano.a(libc_a-errno.o)
 .ARM.attributes
                0x0000092c       0x1d E:/STM/arm-none-eabi/bin/../lib/gcc/arm-none-eabi/14.3.1/thumb/v7-m/nofp/crtn.o
OUTPUT(build/Basic_Manipulator.elf elf32-littlearm)
LOAD linker stubs
LOAD E:/STM/arm-none-eabi/bin/../lib/gcc/arm-none-eabi/14.3.1/../../../../arm-none-eabi/lib/thumb/v7-m/nofp\libc.a
LOAD E:/STM/arm-none-eabi/bin/../lib/gcc/arm-none-eabi/14.3.1/../../../../arm-none-eabi/lib/thumb/v7-m/nofp\libm.a
LOAD E:/STM/arm-none-eabi/bin/../lib/gcc/arm-none-eabi/14.3.1/thumb/v7-m/nofp\libgcc.a

.debug_info     0x00000000    0x18ef9
 .debug_info    0x00000000     0x15d6 build/main.o
 .debug_info    0x000015d6     0x136c build/stepper.o
 .debug_info    0x00002942      0xded build/stm32f1xx_it.o
 .debug_info    0x0000372f      0xcce build/stm32f1xx_hal_msp.o
 .debug_info    0x000043fd     0x411c build/stm32f1xx_hal_tim.o
 .debug_info    0x00008519     0x1d41 build/stm32f1xx_hal_tim_ex.o
 .debug_info    0x0000a25a      0x880 build/stm32f1xx_hal.o
 .debug_info    0x0000aada      0xb10 build/stm32f1xx_hal_rcc.o
 .debug_info    0x0000b5ea      0x47d build/stm32f1xx_hal_rcc_ex.o
 .debug_info    0x0000ba67      0x6d7 build/stm32f1xx_hal_gpio.o
 .debug_info    0x0000c13e      0xe3f build/stm32f1xx_hal_cortex.o
 .debug_info    0x0000cf7d      0x26e build/system_stm32f1xx.o
 .debug_info    0x0000d1eb      0x792 build/usb_device.o
 .debug_info    0x0000d97d      0x654 build/usbd_desc.o
 .debug_info    0x0000dfd1      0x996 build/usbd_cdc_if.o
 .debug_info    0x0000e967     0x2052 build/usbd_conf.o
 .debug_info    0x000109b9     0x1f83 build/stm32f1xx_hal_pcd.o
 .debug_info    0x0001293c      0x7b9 build/stm32f1xx_hal_pcd_ex.o
 .debug_info    0x000130f5     0x1d27 build/stm32f1xx_ll_usb.o
 .debug_info    0x00014e1c      0xf97 build/usbd_core.o
 .debug_info    0x00015db3     0x1203 build/usbd_ctlreq.o
 .debug_info    0x00016fb6      0x946 build/usbd_ioreq.o
 .debug_info    0x000178fc     0x15cd build/usbd_cdc.o
 .debug_info    0x00018ec9       0x30 build/startup_stm32f103xb.o

.debug_abbrev   0x00000000     0x3855
 .debug_abbrev  0x00000000      0x36b build/main.o
 .debug_abbrev  0x0000036b      0x27d build/stepper.o
 .debug_abbrev  0x000005e8      0x203 build/stm32f1xx_it.o
 .debug_abbrev  0x000007eb      0x1ff build/stm32f1xx_hal_msp.o
 .debug_abbrev  0x000009ea      0x2bd build/stm32f1xx_hal_tim.o
 .debug_abbrev  0x00000ca7      0x2b7 build/stm32f1xx_hal_tim_ex.o
 .debug_abbrev  0x00000f5e      0x232 build/stm32f1xx_hal.o
 .debug_abbrev  0x00001190      0x2d6 build/stm32f1xx_hal_rcc.o
 .debug_abbrev  0x00001466      0x1d4 build/stm32f1xx_hal_rcc_ex.o
 .debug_abbrev  0x0000163a      0x222 build/stm32f1xx_hal_gpio.o
 .debug_abbrev  0x0000185c      0x3aa build/stm32f1xx_hal_cortex.o
 .debug_abbrev  0x00001c06      0x140 build/system_stm32f1xx.o
 .debug_abbrev  0x00001d46      0x195 build/usb_device.o
 .debug_abbrev  0x00001edb      0x23c build/usbd_desc.o
 .debug_abbrev  0x00002117      0x26d build/usbd_cdc_if.o
 .debug_abbrev  0x00002384      0x33e build/usbd_conf.o
 .debug_abbrev  0x000026c2      0x32d build/stm32f1xx_hal_pcd.o
 .debug_abbrev  0x000029ef      0x184 build/stm32f1xx_hal_pcd_ex.o
 .debug_abbrev  0x00002b73      0x262 build/stm32f1xx_ll_usb.o
 .debug_abbrev  0x00002dd5      0x2ae build/usbd_core.o
 .debug_abbrev  0x00003083      0x2ec build/usbd_ctlreq.o
 .debug_abbrev  0x0000336f      0x18e build/usbd_ioreq.o
 .debug_abbrev  0x000034fd      0x33b build/usbd_cdc.o
 .debug_abbrev  0x00003838       0x1d build/startup_stm32f103xb.o

.debug_loc      0x00000000    0x12eb8
 .debug_loc     0x00000000      0x167 build/main.o
 .debug_loc     0x00000167      0x897 build/stepper.o
 .debug_loc     0x000009fe       0xc0 build/stm32f1xx_it.o
 .debug_loc     0x00000abe      0x275 build/stm32f1xx_hal_msp.o
 .debug_loc     0x00000d33     0x612b build/stm32f1xx_hal_tim.o
 .debug_loc     0x00006e5e     0x226a build/stm32f1xx_hal_tim_ex.o
 .debug_loc     0x000090c8      0x1f9 build/stm32f1xx_hal.o
 .debug_loc     0x000092c1      0x7c6 build/stm32f1xx_hal_rcc.o
 .debug_loc     0x00009a87      0x484 build/stm32f1xx_hal_rcc_ex.o
 .debug_loc     0x00009f0b      0x55f build/stm32f1xx_hal_gpio.o
 .debug_loc     0x0000a46a      0x8b4 build/stm32f1xx_hal_cortex.o
 .debug_loc     0x0000ad1e      0x11b build/system_stm32f1xx.o
 .debug_loc     0x0000ae39       0x20 build/usb_device.o
 .debug_loc     0x0000ae59      0x4e7 build/usbd_desc.o
 .debug_loc     0x0000b340      0x1bb build/usbd_cdc_if.o
 .debug_loc     0x0000b4fb     0x105a build/usbd_conf.o
 .debug_loc     0x0000c555     0x1aa3 build/stm32f1xx_hal_pcd.o
 .debug_loc     0x0000dff8      0x15a build/stm32f1xx_hal_pcd_ex.o
 .debug_loc     0x0000e152     0x1b4a build/stm32f1xx_ll_usb.o
 .debug_loc     0x0000fc9c      0xbaa build/usbd_core.o
 .debug_loc     0x00010846     0x17db build/usbd_ctlreq.o
 .debug_loc     0x00012021      0x3f8 build/usbd_ioreq.o
 .debug_loc     0x00012419      0xa9f build/usbd_cdc.o

.debug_aranges  0x00000000     0x1020
 .debug_aranges
                0x00000000       0x58 build/main.o
 .debug_aranges
                0x00000058       0x58 build/stepper.o
 .debug_aranges
                0x000000b0       0x80 build/stm32f1xx_it.o
 .debug_aranges
                0x00000130       0x48 build/stm32f1xx_hal_msp.o
 .debug_aranges
                0x00000178      0x3d0 build/stm32f1xx_hal_tim.o
 .debug_aranges
                0x00000548      0x168 build/stm32f1xx_hal_tim_ex.o
 .debug_aranges
                0x000006b0       0xe0 build/stm32f1xx_hal.o
 .debug_aranges
                0x00000790       0x90 build/stm32f1xx_hal_rcc.o
 .debug_aranges
                0x00000820       0x30 build/stm32f1xx_hal_rcc_ex.o
 .debug_aranges
                0x00000850       0x58 build/stm32f1xx_hal_gpio.o
 .debug_aranges
                0x000008a8       0xc0 build/stm32f1xx_hal_cortex.o
 .debug_aranges
                0x00000968       0x28 build/system_stm32f1xx.o
 .debug_aranges
                0x00000990       0x20 build/usb_device.o
 .debug_aranges
                0x000009b0       0x60 build/usbd_desc.o
 .debug_aranges
                0x00000a10       0x40 build/usbd_cdc_if.o
 .debug_aranges
                0x00000a50      0x118 build/usbd_conf.o
 .debug_aranges
                0x00000b68      0x140 build/stm32f1xx_hal_pcd.o
 .debug_aranges
                0x00000ca8       0x38 build/stm32f1xx_hal_pcd_ex.o
 .debug_aranges
                0x00000ce0       0xf8 build/stm32f1xx_ll_usb.o
 .debug_aranges
                0x00000dd8       0xb8 build/usbd_core.o
 .debug_aranges
                0x00000e90       0x88 build/usbd_ctlreq.o
 .debug_aranges
                0x00000f18       0x50 build/usbd_ioreq.o
 .debug_aranges
                0x00000f68       0x90 build/usbd_cdc.o
 .debug_aranges
                0x00000ff8       0x28 build/startup_stm32f103xb.o

.debug_ranges   0x00000000     0x1228
 .debug_ranges  0x00000000       0x48 build/main.o
 .debug_ranges  0x00000048       0x48 build/stepper.o
 .debug_ranges  0x00000090       0x70 build/stm32f1xx_it.o
 .debug_ranges  0x00000100       0x38 build/stm32f1xx_hal_msp.o
 .debug_ranges  0x00000138      0x3c0 build/stm32f1xx_hal_tim.o
 .debug_ranges  0x000004f8      0x158 build/stm32f1xx_hal_tim_ex.o
 .debug_ranges  0x00000650       0xd0 build/stm32f1xx_hal.o
 .debug_ranges  0x00000720       0xa0 build/stm32f1xx_hal_rcc.o
 .debug_ranges  0x000007c0       0x38 build/stm32f1xx_hal_rcc_ex.o
 .debug_ranges  0x000007f8       0x48 build/stm32f1xx_hal_gpio.o
 .debug_ranges  0x00000840       0xb0 build/stm32f1xx_hal_cortex.o
 .debug_ranges  0x000008f0       0x18 build/system_stm32f1xx.o
 .debug_ranges  0x00000908       0x10 build/usb_device.o
 .debug_ranges  0x00000918       0x50 build/usbd_desc.o
 .debug_ranges  0x00000968       0x30 build/usbd_cdc_if.o
 .debug_ranges  0x00000998      0x108 build/usbd_conf.o
 .debug_ranges  0x00000aa0      0x240 build/stm32f1xx_hal_pcd.o
 .debug_ranges  0x00000ce0       0x28 build/stm32f1xx_hal_pcd_ex.o
 .debug_ranges  0x00000d08      0x320 build/stm32f1xx_ll_usb.o
 .debug_ranges  0x00001028       0xa8 build/usbd_core.o
 .debug_ranges  0x000010d0       0x78 build/usbd_ctlreq.o
 .debug_ranges  0x00001148       0x40 build/usbd_ioreq.o
 .debug_ranges  0x00001188       0x80 build/usbd_cdc.o
 .debug_ranges  0x00001208       0x20 build/startup_stm32f103xb.o

.debug_line     0x00000000     0xf4cf
 .debug_line    0x00000000      0x688 build/main.o
 .debug_line    0x00000688      0x675 build/stepper.o
 .debug_line    0x00000cfd      0x365 build/stm32f1xx_it.o
 .debug_line    0x00001062      0x334 build/stm32f1xx_hal_msp.o
 .debug_line    0x00001396     0x4543 build/stm32f1xx_hal_tim.o
 .debug_line    0x000058d9     0x195b build/stm32f1xx_hal_tim_ex.o
 .debug_line    0x00007234      0x538 build/stm32f1xx_hal.o
 .debug_line    0x0000776c      0xcb8 build/stm32f1xx_hal_rcc.o
 .debug_line    0x00008424      0x4b1 build/stm32f1xx_hal_rcc_ex.o
 .debug_line    0x000088d5      0x5d1 build/stm32f1xx_hal_gpio.o
 .debug_line    0x00008ea6      0x6af build/stm32f1xx_hal_cortex.o
 .debug_line    0x00009555      0x24d build/system_stm32f1xx.o
 .debug_line    0x000097a2      0x241 build/usb_device.o
 .debug_line    0x000099e3      0x35c build/usbd_desc.o
 .debug_line    0x00009d3f      0x26f build/usbd_cdc_if.o
 .debug_line    0x00009fae      0x7c5 build/usbd_conf.o
 .debug_line    0x0000a773     0x1725 build/stm32f1xx_hal_pcd.o
 .debug_line    0x0000be98      0x29b build/stm32f1xx_hal_pcd_ex.o
 .debug_line    0x0000c133     0x16a9 build/stm32f1xx_ll_usb.o
 .debug_line    0x0000d7dc      0x721 build/usbd_core.o
 .debug_line    0x0000defd      0xaec build/usbd_ctlreq.o
 .debug_line    0x0000e9e9      0x2ac build/usbd_ioreq.o
 .debug_line    0x0000ec95      0x7c9 build/usbd_cdc.o
 .debug_line    0x0000f45e       0x71 build/startup_stm32f103xb.o

.debug_str      0x00000000     0x4796
 .debug_str     0x00000000     0x4796 build/main.o
                                0xf56 (size before relaxing)
 .debug_str     0x00004796      0x8b0 build/stepper.o
 .debug_str     0x00004796      0xa92 build/stm32f1xx_it.o
 .debug_str     0x00004796      0xa99 build/stm32f1xx_hal_msp.o
 .debug_str     0x00004796     0x1639 build/stm32f1xx_hal_tim.o
 .debug_str     0x00004796      0xe55 build/stm32f1xx_hal_tim_ex.o
 .debug_str     0x00004796      0x7f2 build/stm32f1xx_hal.o
 .debug_str     0x00004796      0x5ef build/stm32f1xx_hal_rcc.o
 .debug_str     0x00004796      0x397 build/stm32f1xx_hal_rcc_ex.o
 .debug_str     0x00004796      0x3c4 build/stm32f1xx_hal_gpio.o
 .debug_str     0x00004796      0x897 build/stm32f1xx_hal_cortex.o
 .debug_str     0x00004796      0x218 build/system_stm32f1xx.o
 .debug_str     0x00004796      0x61d build/usb_device.o
 .debug_str     0x00004796      0x415 build/usbd_desc.o
 .debug_str     0x00004796      0x6d1 build/usbd_cdc_if.o
 .debug_str     0x00004796     0x116a build/usbd_conf.o
 .debug_str     0x00004796      0xadc build/stm32f1xx_hal_pcd.o
 .debug_str     0x00004796      0x68c build/stm32f1xx_hal_pcd_ex.o
 .debug_str     0x00004796      0x6de build/stm32f1xx_ll_usb.o
 .debug_str     0x00004796      0x7f5 build/usbd_core.o
 .debug_str     0x00004796      0x70f build/usbd_ctlreq.o
 .debug_str     0x00004796      0x63c build/usbd_ioreq.o
 .debug_str     0x00004796      0xbdd build/usbd_cdc.o
 .debug_str     0x00004796       0x4f build/startup_stm32f103xb.o

.comment        0x00000000       0x43
 .comment       0x00000000       0x43 build/main.o
                                 0x44 (size before relaxing)
 .comment       0x00000043       0x44 build/stepper.o
 .comment       0x00000043       0x44 build/stm32f1xx_it.o
 .comment       0x00000043       0x44 build/stm32f1xx_hal_msp.o
 .comment       0x00000043       0x44 build/stm32f1xx_hal_tim.o
 .comment       0x00000043       0x44 build/stm32f1xx_hal_tim_ex.o
 .comment       0x00000043       0x44 build/stm32f1xx_hal.o
 .comment       0x00000043       0x44 build/stm32f1xx_hal_rcc.o
 .comment       0x00000043       0x44 build/stm32f1xx_hal_rcc_ex.o
 .comment       0x00000043       0x44 build/stm32f1xx_hal_gpio.o
 .comment       0x00000043       0x44 build/stm32f1xx_hal_cortex.o
 .comment       0x00000043       0x44 build/system_stm32f1xx.o
 .comment       0x00000043       0x44 build/usb_device.o
 .comment       0x00000043       0x44 build/usbd_desc.o
 .comment       0x00000043       0x44 build/usbd_cdc_if.o
 .comment       0x00000043       0x44 build/usbd_conf.o
 .comment       0x00000043       0x44 build/stm32f1xx_hal_pcd.o
 .comment       0x00000043       0x44 build/stm32f1xx_hal_pcd_ex.o
 .comment       0x00000043       0x44 build/stm32f1xx_ll_usb.o
 .comment       0x00000043       0x44 build/usbd_core.o
 .comment       0x00000043       0x44 build/usbd_ctlreq.o
 .comment       0x00000043       0x44 build/usbd_ioreq.o
 .comment       0x00000043       0x44 build/usbd_cdc.o

.debug_frame    0x00000000     0x31bc
 .debug_frame   0x00000000       0xe0 build/main.o
 .debug_frame   0x000000e0      0x108 build/stepper.o
 .debug_frame   0x000001e8      0x110 build/stm32f1xx_it.o
 .debug_frame   0x000002f8       0xb0 build/stm32f1xx_hal_msp.o
 .debug_frame   0x000003a8      0xb08 build/stm32f1xx_hal_tim.o
 .debug_frame   0x00000eb0      0x40c build/stm32f1xx_hal_tim_ex.o
 .debug_frame   0x000012bc      0x1cc build/stm32f1xx_hal.o
 .debug_frame   0x00001488      0x184 build/stm32f1xx_hal_rcc.o
 .debug_frame   0x0000160c       0x60 build/stm32f1xx_hal_rcc_ex.o
 .debug_frame   0x0000166c       0xe4 build/stm32f1xx_hal_gpio.o
 .debug_frame   0x00001750      0x19c build/stm32f1xx_hal_cortex.o
 .debug_frame   0x000018ec       0x30 build/system_stm32f1xx.o
 .debug_frame   0x0000191c       0x28 build/usb_device.o
 .debug_frame   0x00001944       0xe0 build/usbd_desc.o
 .debug_frame   0x00001a24       0x78 build/usbd_cdc_if.o
 .debug_frame   0x00001a9c      0x2ec build/usbd_conf.o
 .debug_frame   0x00001d88      0x360 build/stm32f1xx_hal_pcd.o
 .debug_frame   0x000020e8       0x50 build/stm32f1xx_hal_pcd_ex.o
 .debug_frame   0x00002138      0x1fc build/stm32f1xx_ll_usb.o
 .debug_frame   0x00002334      0x1c4 build/usbd_core.o
 .debug_frame   0x000024f8      0x178 build/usbd_ctlreq.o
 .debug_frame   0x00002670       0xb8 build/usbd_ioreq.o
 .debug_frame   0x00002728      0x160 build/usbd_cdc.o
 .debug_frame   0x00002888      0x144 E:/STM/arm-none-eabi/bin/../lib/gcc/arm-none-eabi/14.3.1/../../../../arm-none-eabi/lib/thumb/v7-m/nofp\libc_nano.a(libc_a-findfp.o)
 .debug_frame   0x000029cc       0x20 E:/STM/arm-none-eabi/bin/../lib/gcc/arm-none-eabi/14.3.1/../../../../arm-none-eabi/lib/thumb/v7-m/nofp\libc_nano.a(libc_a-memset.o)
 .debug_frame   0x000029ec       0x2c E:/STM/arm-none-eabi/bin/../lib/gcc/arm-none-eabi/14.3.1/../../../../arm-none-eabi/lib/thumb/v7-m/nofp\libc_nano.a(libc_a-init.o)
 .debug_frame   0x00002a18       0x38 E:/STM/arm-none-eabi/bin/../lib/gcc/arm-none-eabi/14.3.1/../../../../arm-none-eabi/lib/thumb/v7-m/nofp\libm.a(libm_a-w_acos.o)
 .debug_frame   0x00002a50       0x34 E:/STM/arm-none-eabi/bin/../lib/gcc/arm-none-eabi/14.3.1/../../../../arm-none-eabi/lib/thumb/v7-m/nofp\libm.a(libm_a-w_pow.o)
 .debug_frame   0x00002a84       0x30 E:/STM/arm-none-eabi/bin/../lib/gcc/arm-none-eabi/14.3.1/../../../../arm-none-eabi/lib/thumb/v7-m/nofp\libm.a(libm_a-w_sqrt.o)
 .debug_frame   0x00002ab4       0x38 E:/STM/arm-none-eabi/bin/../lib/gcc/arm-none-eabi/14.3.1/../../../../arm-none-eabi/lib/thumb/v7-m/nofp\libm.a(libm_a-s_atan.o)
 .debug_frame   0x00002aec       0x20 E:/STM/arm-none-eabi/bin/../lib/gcc/arm-none-eabi/14.3.1/../../../../arm-none-eabi/lib/thumb/v7-m/nofp\libm.a(libm_a-s_fabs.o)
 .debug_frame   0x00002b0c       0x20 E:/STM/arm-none-eabi/bin/../lib/gcc/arm-none-eabi/14.3.1/../../../../arm-none-eabi/lib/thumb/v7-m/nofp\libm.a(libm_a-wf_atan2.o)
 .debug_frame   0x00002b2c       0x20 E:/STM/arm-none-eabi/bin/../lib/gcc/arm-none-eabi/14.3.1/../../../../arm-none-eabi/lib/thumb/v7-m/nofp\libm.a(libm_a-s_finite.o)
 .debug_frame   0x00002b4c       0x20 E:/STM/arm-none-eabi/bin/../lib/gcc/arm-none-eabi/14.3.1/../../../../arm-none-eabi/lib/thumb/v7-m/nofp\libm.a(libm_a-s_nan.o)
 .debug_frame   0x00002b6c       0x38 E:/STM/arm-none-eabi/bin/../lib/gcc/arm-none-eabi/14.3.1/../../../../arm-none-eabi/lib/thumb/v7-m/nofp\libm.a(libm_a-e_sqrt.o)
 .debug_frame   0x00002ba4       0x38 E:/STM/arm-none-eabi/bin/../lib/gcc/arm-none-eabi/14.3.1/../../../../arm-none-eabi/lib/thumb/v7-m/nofp\libm.a(libm_a-e_acos.o)
 .debug_frame   0x00002bdc       0x80 E:/STM/arm-none-eabi/bin/../lib/gcc/arm-none-eabi/14.3.1/../../../../arm-none-eabi/lib/thumb/v7-m/nofp\libm.a(libm_a-e_pow.o)
 .debug_frame   0x00002c5c       0x38 E:/STM/arm-none-eabi/bin/../lib/gcc/arm-none-eabi/14.3.1/../../../../arm-none-eabi/lib/thumb/v7-m/nofp\libm.a(libm_a-ef_atan2.o)
 .debug_frame   0x00002c94       0x30 E:/STM/arm-none-eabi/bin/../lib/gcc/arm-none-eabi/14.3.1/../../../../arm-none-eabi/lib/thumb/v7-m/nofp\libm.a(libm_a-sf_atan.o)
 .debug_frame   0x00002cc4       0x20 E:/STM/arm-none-eabi/bin/../lib/gcc/arm-none-eabi/14.3.1/../../../../arm-none-eabi/lib/thumb/v7-m/nofp\libm.a(libm_a-sf_fabs.o)
 .debug_frame   0x00002ce4       0x30 E:/STM/arm-none-eabi/bin/../lib/gcc/arm-none-eabi/14.3.1/../../../../arm-none-eabi/lib/thumb/v7-m/nofp\libm.a(libm_a-s_scalbn.o)
 .debug_frame   0x00002d14      0x114 E:/STM/arm-none-eabi/bin/../lib/gcc/arm-none-eabi/14.3.1/../../../../arm-none-eabi/lib/thumb/v7-m/nofp\libm.a(libm_a-math_err.o)
 .debug_frame   0x00002e28       0xac E:/STM/arm-none-eabi/bin/../lib/gcc/arm-none-eabi/14.3.1/thumb/v7-m/nofp\libgcc.a(_arm_addsubdf3.o)
 .debug_frame   0x00002ed4       0x50 E:/STM/arm-none-eabi/bin/../lib/gcc/arm-none-eabi/14.3.1/thumb/v7-m/nofp\libgcc.a(_arm_muldivdf3.o)
 .debug_frame   0x00002f24       0xc4 E:/STM/arm-none-eabi/bin/../lib/gcc/arm-none-eabi/14.3.1/thumb/v7-m/nofp\libgcc.a(_arm_cmpdf2.o)
 .debug_frame   0x00002fe8       0x20 E:/STM/arm-none-eabi/bin/../lib/gcc/arm-none-eabi/14.3.1/thumb/v7-m/nofp\libgcc.a(_arm_unorddf2.o)
 .debug_frame   0x00003008       0x24 E:/STM/arm-none-eabi/bin/../lib/gcc/arm-none-eabi/14.3.1/thumb/v7-m/nofp\libgcc.a(_arm_truncdfsf2.o)
 .debug_frame   0x0000302c       0x4c E:/STM/arm-none-eabi/bin/../lib/gcc/arm-none-eabi/14.3.1/thumb/v7-m/nofp\libgcc.a(_arm_addsubsf3.o)
 .debug_frame   0x00003078       0x38 E:/STM/arm-none-eabi/bin/../lib/gcc/arm-none-eabi/14.3.1/thumb/v7-m/nofp\libgcc.a(_arm_muldivsf3.o)
 .debug_frame   0x000030b0       0xc8 E:/STM/arm-none-eabi/bin/../lib/gcc/arm-none-eabi/14.3.1/thumb/v7-m/nofp\libgcc.a(_arm_cmpsf2.o)
 .debug_frame   0x00003178       0x24 E:/STM/arm-none-eabi/bin/../lib/gcc/arm-none-eabi/14.3.1/thumb/v7-m/nofp\libgcc.a(_arm_fixunssfsi.o)
 .debug_frame   0x0000319c       0x20 E:/STM/arm-none-eabi/bin/../lib/gcc/arm-none-eabi/14.3.1/../../../../arm-none-eabi/lib/thumb/v7-m/nofp\libc_nano.a(libc_a-errno.o)

Cross Reference Table

Symbol                                            File
ADC1_2_IRQHandler                                 build/startup_stm32f103xb.o
AHBPrescTable                                     build/system_stm32f1xx.o
                                                  build/stm32f1xx_hal_rcc.o
APBPrescTable                                     build/system_stm32f1xx.o
                                                  build/stm32f1xx_hal_rcc.o
BusFault_Handler                                  build/stm32f1xx_it.o
CAN1_RX1_IRQHandler                               build/startup_stm32f103xb.o
CAN1_SCE_IRQHandler                               build/startup_stm32f103xb.o
CDC_Transmit_FS                                   build/usbd_cdc_if.o
DMA1_Channel1_IRQHandler                          build/startup_stm32f103xb.o
DMA1_Channel2_IRQHandler                          build/startup_stm32f103xb.o
DMA1_Channel3_IRQHandler                          build/startup_stm32f103xb.o
DMA1_Channel4_IRQHandler                          build/startup_stm32f103xb.o
DMA1_Channel5_IRQHandler                          build/startup_stm32f103xb.o
DMA1_Channel6_IRQHandler                          build/startup_stm32f103xb.o
DMA1_Channel7_IRQHandler                          build/startup_stm32f103xb.o
DWT_Init                                          build/main.o
DebugMon_Handler                                  build/stm32f1xx_it.o
Default_Handler                                   build/startup_stm32f103xb.o
EXTI0_IRQHandler                                  build/startup_stm32f103xb.o
EXTI15_10_IRQHandler                              build/stm32f1xx_it.o
EXTI1_IRQHandler                                  build/startup_stm32f103xb.o
EXTI2_IRQHandler                                  build/startup_stm32f103xb.o
EXTI3_IRQHandler                                  build/startup_stm32f103xb.o
EXTI4_IRQHandler                                  build/startup_stm32f103xb.o
EXTI9_5_IRQHandler                                build/startup_stm32f103xb.o
Error_Handler                                     build/main.o
                                                  build/usbd_conf.o
                                                  build/usb_device.o
FLASH_IRQHandler                                  build/startup_stm32f103xb.o
FLASH_PageErase                                   build/stm32f1xx_hal_flash_ex.o
                                                  build/stm32f1xx_hal_flash.o
FLASH_WaitForLastOperation                        build/stm32f1xx_hal_flash.o
                                                  build/stm32f1xx_hal_flash_ex.o
FS_Desc                                           build/usbd_desc.o
                                                  build/usb_device.o
HAL_DBGMCU_DisableDBGSleepMode                    build/stm32f1xx_hal.o
HAL_DBGMCU_DisableDBGStandbyMode                  build/stm32f1xx_hal.o
HAL_DBGMCU_DisableDBGStopMode                     build/stm32f1xx_hal.o
HAL_DBGMCU_EnableDBGSleepMode                     build/stm32f1xx_hal.o
HAL_DBGMCU_EnableDBGStandbyMode                   build/stm32f1xx_hal.o
HAL_DBGMCU_EnableDBGStopMode                      build/stm32f1xx_hal.o
HAL_DMA_Abort                                     build/stm32f1xx_hal_dma.o
HAL_DMA_Abort_IT                                  build/stm32f1xx_hal_dma.o
                                                  build/stm32f1xx_hal_tim_ex.o
                                                  build/stm32f1xx_hal_tim.o
HAL_DMA_DeInit                                    build/stm32f1xx_hal_dma.o
HAL_DMA_GetError                                  build/stm32f1xx_hal_dma.o
HAL_DMA_GetState                                  build/stm32f1xx_hal_dma.o
HAL_DMA_IRQHandler                                build/stm32f1xx_hal_dma.o
HAL_DMA_Init                                      build/stm32f1xx_hal_dma.o
HAL_DMA_PollForTransfer                           build/stm32f1xx_hal_dma.o
HAL_DMA_RegisterCallback                          build/stm32f1xx_hal_dma.o
HAL_DMA_Start                                     build/stm32f1xx_hal_dma.o
HAL_DMA_Start_IT                                  build/stm32f1xx_hal_dma.o
                                                  build/stm32f1xx_hal_tim_ex.o
                                                  build/stm32f1xx_hal_tim.o
HAL_DMA_UnRegisterCallback                        build/stm32f1xx_hal_dma.o
HAL_DeInit                                        build/stm32f1xx_hal.o
HAL_Delay                                         build/stm32f1xx_hal.o
                                                  build/usbd_conf.o
                                                  build/stepper.o
HAL_EXTI_ClearConfigLine                          build/stm32f1xx_hal_exti.o
HAL_EXTI_ClearPending                             build/stm32f1xx_hal_exti.o
HAL_EXTI_GenerateSWI                              build/stm32f1xx_hal_exti.o
HAL_EXTI_GetConfigLine                            build/stm32f1xx_hal_exti.o
HAL_EXTI_GetHandle                                build/stm32f1xx_hal_exti.o
HAL_EXTI_GetPending                               build/stm32f1xx_hal_exti.o
HAL_EXTI_IRQHandler                               build/stm32f1xx_hal_exti.o
HAL_EXTI_RegisterCallback                         build/stm32f1xx_hal_exti.o
HAL_EXTI_SetConfigLine                            build/stm32f1xx_hal_exti.o
HAL_FLASHEx_Erase                                 build/stm32f1xx_hal_flash_ex.o
HAL_FLASHEx_Erase_IT                              build/stm32f1xx_hal_flash_ex.o
HAL_FLASHEx_OBErase                               build/stm32f1xx_hal_flash_ex.o
HAL_FLASHEx_OBGetConfig                           build/stm32f1xx_hal_flash_ex.o
HAL_FLASHEx_OBGetUserData                         build/stm32f1xx_hal_flash_ex.o
HAL_FLASHEx_OBProgram                             build/stm32f1xx_hal_flash_ex.o
HAL_FLASH_EndOfOperationCallback                  build/stm32f1xx_hal_flash.o
HAL_FLASH_GetError                                build/stm32f1xx_hal_flash.o
HAL_FLASH_IRQHandler                              build/stm32f1xx_hal_flash.o
HAL_FLASH_Lock                                    build/stm32f1xx_hal_flash.o
HAL_FLASH_OB_Launch                               build/stm32f1xx_hal_flash.o
HAL_FLASH_OB_Lock                                 build/stm32f1xx_hal_flash.o
HAL_FLASH_OB_Unlock                               build/stm32f1xx_hal_flash.o
HAL_FLASH_OperationErrorCallback                  build/stm32f1xx_hal_flash.o
HAL_FLASH_Program                                 build/stm32f1xx_hal_flash.o
HAL_FLASH_Program_IT                              build/stm32f1xx_hal_flash.o
HAL_FLASH_Unlock                                  build/stm32f1xx_hal_flash.o
HAL_GPIOEx_ConfigEventout                         build/stm32f1xx_hal_gpio_ex.o
HAL_GPIOEx_DisableEventout                        build/stm32f1xx_hal_gpio_ex.o
HAL_GPIOEx_EnableEventout                         build/stm32f1xx_hal_gpio_ex.o
HAL_GPIO_DeInit                                   build/stm32f1xx_hal_gpio.o
                                                  build/stepper.o
                                                  build/main.o
HAL_GPIO_EXTI_Callback                            build/stepper.o
HAL_GPIO_EXTI_IRQHandler                          build/stm32f1xx_hal_gpio.o
                                                  build/stm32f1xx_it.o
HAL_GPIO_Init                                     build/stm32f1xx_hal_gpio.o
                                                  build/stm32f1xx_hal_rcc.o
                                                  build/stm32f1xx_hal_msp.o
                                                  build/main.o
HAL_GPIO_LockPin                                  build/stm32f1xx_hal_gpio.o
HAL_GPIO_ReadPin                                  build/stm32f1xx_hal_gpio.o
                                                  build/stepper.o
HAL_GPIO_TogglePin                                build/stm32f1xx_hal_gpio.o
HAL_GPIO_WritePin                                 build/stm32f1xx_hal_gpio.o
                                                  build/stepper.o
                                                  build/main.o
HAL_GetDEVID                                      build/stm32f1xx_hal.o
HAL_GetHalVersion                                 build/stm32f1xx_hal.o
HAL_GetREVID                                      build/stm32f1xx_hal.o
HAL_GetTick                                       build/stm32f1xx_hal.o
                                                  build/stm32f1xx_hal_flash.o
                                                  build/stm32f1xx_hal_dma.o
                                                  build/stm32f1xx_hal_rcc_ex.o
                                                  build/stm32f1xx_hal_rcc.o
HAL_GetTickFreq                                   build/stm32f1xx_hal.o
HAL_GetTickPrio                                   build/stm32f1xx_hal.o
HAL_GetUIDw0                                      build/stm32f1xx_hal.o
HAL_GetUIDw1                                      build/stm32f1xx_hal.o
HAL_GetUIDw2                                      build/stm32f1xx_hal.o
HAL_IncTick                                       build/stm32f1xx_hal.o
                                                  build/stm32f1xx_it.o
HAL_Init                                          build/stm32f1xx_hal.o
                                                  build/main.o
HAL_InitTick                                      build/stm32f1xx_hal.o
                                                  build/stm32f1xx_hal_rcc.o
HAL_MspDeInit                                     build/stm32f1xx_hal.o
HAL_MspInit                                       build/stm32f1xx_hal_msp.o
HAL_NVIC_ClearPendingIRQ                          build/stm32f1xx_hal_cortex.o
HAL_NVIC_DisableIRQ                               build/stm32f1xx_hal_cortex.o
                                                  build/usbd_conf.o
                                                  build/stm32f1xx_hal_msp.o
HAL_NVIC_EnableIRQ                                build/stm32f1xx_hal_cortex.o
                                                  build/usbd_conf.o
                                                  build/stm32f1xx_hal_msp.o
                                                  build/main.o
HAL_NVIC_GetActive                                build/stm32f1xx_hal_cortex.o
HAL_NVIC_GetPendingIRQ                            build/stm32f1xx_hal_cortex.o
HAL_NVIC_GetPriority                              build/stm32f1xx_hal_cortex.o
HAL_NVIC_GetPriorityGrouping                      build/stm32f1xx_hal_cortex.o
HAL_NVIC_SetPendingIRQ                            build/stm32f1xx_hal_cortex.o
HAL_NVIC_SetPriority                              build/stm32f1xx_hal_cortex.o
                                                  build/usbd_conf.o
                                                  build/stm32f1xx_hal.o
                                                  build/stm32f1xx_hal_msp.o
                                                  build/main.o
HAL_NVIC_SetPriorityGrouping                      build/stm32f1xx_hal_cortex.o
                                                  build/stm32f1xx_hal.o
HAL_NVIC_SystemReset                              build/stm32f1xx_hal_cortex.o
                                                  build/stm32f1xx_hal_flash.o
HAL_PCDEx_BCD_Callback                            build/stm32f1xx_hal_pcd_ex.o
HAL_PCDEx_LPM_Callback                            build/stm32f1xx_hal_pcd_ex.o
HAL_PCDEx_PMAConfig                               build/stm32f1xx_hal_pcd_ex.o
                                                  build/usbd_conf.o
HAL_PCDEx_SetConnectionState                      build/usbd_conf.o
                                                  build/stm32f1xx_hal_pcd.o
HAL_PCD_ActivateRemoteWakeup                      build/stm32f1xx_hal_pcd.o
HAL_PCD_ConnectCallback                           build/usbd_conf.o
HAL_PCD_DataInStageCallback                       build/usbd_conf.o
HAL_PCD_DataOutStageCallback                      build/usbd_conf.o
HAL_PCD_DeActivateRemoteWakeup                    build/stm32f1xx_hal_pcd.o
HAL_PCD_DeInit                                    build/stm32f1xx_hal_pcd.o
                                                  build/usbd_conf.o
HAL_PCD_DevConnect                                build/stm32f1xx_hal_pcd.o
HAL_PCD_DevDisconnect                             build/stm32f1xx_hal_pcd.o
HAL_PCD_DisconnectCallback                        build/usbd_conf.o
HAL_PCD_EP_Abort                                  build/stm32f1xx_hal_pcd.o
HAL_PCD_EP_Close                                  build/stm32f1xx_hal_pcd.o
                                                  build/usbd_conf.o
HAL_PCD_EP_ClrStall                               build/stm32f1xx_hal_pcd.o
                                                  build/usbd_conf.o
HAL_PCD_EP_Flush                                  build/stm32f1xx_hal_pcd.o
                                                  build/usbd_conf.o
HAL_PCD_EP_GetRxCount                             build/stm32f1xx_hal_pcd.o
                                                  build/usbd_conf.o
HAL_PCD_EP_Open                                   build/stm32f1xx_hal_pcd.o
                                                  build/usbd_conf.o
HAL_PCD_EP_Receive                                build/stm32f1xx_hal_pcd.o
                                                  build/usbd_conf.o
HAL_PCD_EP_SetStall                               build/stm32f1xx_hal_pcd.o
                                                  build/usbd_conf.o
HAL_PCD_EP_Transmit                               build/stm32f1xx_hal_pcd.o
                                                  build/usbd_conf.o
HAL_PCD_GetState                                  build/stm32f1xx_hal_pcd.o
HAL_PCD_IRQHandler                                build/stm32f1xx_hal_pcd.o
                                                  build/stm32f1xx_it.o
HAL_PCD_ISOINIncompleteCallback                   build/usbd_conf.o
HAL_PCD_ISOOUTIncompleteCallback                  build/usbd_conf.o
HAL_PCD_Init                                      build/stm32f1xx_hal_pcd.o
                                                  build/usbd_conf.o
HAL_PCD_MspDeInit                                 build/usbd_conf.o