ARM GAS  C:\Users\Admin\AppData\Local\Temp\cccY2Nji.s 			page 1


   1              		.cpu cortex-m3
   2              		.arch armv7-m
   3              		.fpu softvfp
   4              		.eabi_attribute 20, 1
   5              		.eabi_attribute 21, 1
   6              		.eabi_attribute 23, 3
   7              		.eabi_attribute 24, 1
   8              		.eabi_attribute 25, 1
   9              		.eabi_attribute 26, 1
  10              		.eabi_attribute 30, 1
  11              		.eabi_attribute 34, 1
  12              		.eabi_attribute 18, 4
  13              		.file	"stm32f1xx_hal_msp.c"
  14              		.text
  15              	.Ltext0:
  16              		.cfi_sections	.debug_frame
  17              		.file 1 "Core/Src/stm32f1xx_hal_msp.c"
  18              		.section	.text.HAL_MspInit,"ax",%progbits
  19              		.align	1
  20              		.global	HAL_MspInit
  21              		.syntax unified
  22              		.thumb
  23              		.thumb_func
  25              	HAL_MspInit:
  26              	.LFB65:
   1:Core/Src/stm32f1xx_hal_msp.c **** /* USER CODE BEGIN Header */
   2:Core/Src/stm32f1xx_hal_msp.c **** /**
   3:Core/Src/stm32f1xx_hal_msp.c ****   ******************************************************************************
   4:Core/Src/stm32f1xx_hal_msp.c ****   * @file         stm32f1xx_hal_msp.c
   5:Core/Src/stm32f1xx_hal_msp.c ****   * @brief        This file provides code for the MSP Initialization
   6:Core/Src/stm32f1xx_hal_msp.c ****   *               and de-Initialization codes.
   7:Core/Src/stm32f1xx_hal_msp.c ****   ******************************************************************************
   8:Core/Src/stm32f1xx_hal_msp.c ****   * @attention
   9:Core/Src/stm32f1xx_hal_msp.c ****   *
  10:Core/Src/stm32f1xx_hal_msp.c ****   * Copyright (c) 2024 STMicroelectronics.
  11:Core/Src/stm32f1xx_hal_msp.c ****   * All rights reserved.
  12:Core/Src/stm32f1xx_hal_msp.c ****   *
  13:Core/Src/stm32f1xx_hal_msp.c ****   * This software is licensed under terms that can be found in the LICENSE file
  14:Core/Src/stm32f1xx_hal_msp.c ****   * in the root directory of this software component.
  15:Core/Src/stm32f1xx_hal_msp.c ****   * If no LICENSE file comes with this software, it is provided AS-IS.
  16:Core/Src/stm32f1xx_hal_msp.c ****   *
  17:Core/Src/stm32f1xx_hal_msp.c ****   ******************************************************************************
  18:Core/Src/stm32f1xx_hal_msp.c ****   */
  19:Core/Src/stm32f1xx_hal_msp.c **** /* USER CODE END Header */
  20:Core/Src/stm32f1xx_hal_msp.c **** 
  21:Core/Src/stm32f1xx_hal_msp.c **** /* Includes ------------------------------------------------------------------*/
  22:Core/Src/stm32f1xx_hal_msp.c **** #include "main.h"
  23:Core/Src/stm32f1xx_hal_msp.c **** 
  24:Core/Src/stm32f1xx_hal_msp.c **** /* USER CODE BEGIN Includes */
  25:Core/Src/stm32f1xx_hal_msp.c **** 
  26:Core/Src/stm32f1xx_hal_msp.c **** /* USER CODE END Includes */
  27:Core/Src/stm32f1xx_hal_msp.c **** 
  28:Core/Src/stm32f1xx_hal_msp.c **** /* Private typedef -----------------------------------------------------------*/
  29:Core/Src/stm32f1xx_hal_msp.c **** /* USER CODE BEGIN TD */
  30:Core/Src/stm32f1xx_hal_msp.c **** 
  31:Core/Src/stm32f1xx_hal_msp.c **** /* USER CODE END TD */
  32:Core/Src/stm32f1xx_hal_msp.c **** 
ARM GAS  C:\Users\Admin\AppData\Local\Temp\cccY2Nji.s 			page 2


  33:Core/Src/stm32f1xx_hal_msp.c **** /* Private define ------------------------------------------------------------*/
  34:Core/Src/stm32f1xx_hal_msp.c **** /* USER CODE BEGIN Define */
  35:Core/Src/stm32f1xx_hal_msp.c **** 
  36:Core/Src/stm32f1xx_hal_msp.c **** /* USER CODE END Define */
  37:Core/Src/stm32f1xx_hal_msp.c **** 
  38:Core/Src/stm32f1xx_hal_msp.c **** /* Private macro -------------------------------------------------------------*/
  39:Core/Src/stm32f1xx_hal_msp.c **** /* USER CODE BEGIN Macro */
  40:Core/Src/stm32f1xx_hal_msp.c **** 
  41:Core/Src/stm32f1xx_hal_msp.c **** /* USER CODE END Macro */
  42:Core/Src/stm32f1xx_hal_msp.c **** 
  43:Core/Src/stm32f1xx_hal_msp.c **** /* Private variables ---------------------------------------------------------*/
  44:Core/Src/stm32f1xx_hal_msp.c **** /* USER CODE BEGIN PV */
  45:Core/Src/stm32f1xx_hal_msp.c **** 
  46:Core/Src/stm32f1xx_hal_msp.c **** /* USER CODE END PV */
  47:Core/Src/stm32f1xx_hal_msp.c **** 
  48:Core/Src/stm32f1xx_hal_msp.c **** /* Private function prototypes -----------------------------------------------*/
  49:Core/Src/stm32f1xx_hal_msp.c **** /* USER CODE BEGIN PFP */
  50:Core/Src/stm32f1xx_hal_msp.c **** 
  51:Core/Src/stm32f1xx_hal_msp.c **** /* USER CODE END PFP */
  52:Core/Src/stm32f1xx_hal_msp.c **** 
  53:Core/Src/stm32f1xx_hal_msp.c **** /* External functions --------------------------------------------------------*/
  54:Core/Src/stm32f1xx_hal_msp.c **** /* USER CODE BEGIN ExternalFunctions */
  55:Core/Src/stm32f1xx_hal_msp.c **** 
  56:Core/Src/stm32f1xx_hal_msp.c **** /* USER CODE END ExternalFunctions */
  57:Core/Src/stm32f1xx_hal_msp.c **** 
  58:Core/Src/stm32f1xx_hal_msp.c **** /* USER CODE BEGIN 0 */
  59:Core/Src/stm32f1xx_hal_msp.c **** 
  60:Core/Src/stm32f1xx_hal_msp.c **** /* USER CODE END 0 */
  61:Core/Src/stm32f1xx_hal_msp.c **** 
  62:Core/Src/stm32f1xx_hal_msp.c **** void HAL_TIM_MspPostInit(TIM_HandleTypeDef *htim);
  63:Core/Src/stm32f1xx_hal_msp.c ****                     /**
  64:Core/Src/stm32f1xx_hal_msp.c ****   * Initializes the Global MSP.
  65:Core/Src/stm32f1xx_hal_msp.c ****   */
  66:Core/Src/stm32f1xx_hal_msp.c **** void HAL_MspInit(void)
  67:Core/Src/stm32f1xx_hal_msp.c **** {
  27              		.loc 1 67 1 view -0
  28              		.cfi_startproc
  29              		@ args = 0, pretend = 0, frame = 8
  30              		@ frame_needed = 0, uses_anonymous_args = 0
  31              		@ link register save eliminated.
  32 0000 82B0     		sub	sp, sp, #8
  33              	.LCFI0:
  34              		.cfi_def_cfa_offset 8
  68:Core/Src/stm32f1xx_hal_msp.c ****   /* USER CODE BEGIN MspInit 0 */
  69:Core/Src/stm32f1xx_hal_msp.c **** 
  70:Core/Src/stm32f1xx_hal_msp.c ****   /* USER CODE END MspInit 0 */
  71:Core/Src/stm32f1xx_hal_msp.c **** 
  72:Core/Src/stm32f1xx_hal_msp.c ****   __HAL_RCC_AFIO_CLK_ENABLE();
  35              		.loc 1 72 3 view .LVU1
  36              	.LBB2:
  37              		.loc 1 72 3 view .LVU2
  38              		.loc 1 72 3 view .LVU3
  39 0002 0E4B     		ldr	r3, .L3
  40 0004 9A69     		ldr	r2, [r3, #24]
  41 0006 42F00102 		orr	r2, r2, #1
  42 000a 9A61     		str	r2, [r3, #24]
  43              		.loc 1 72 3 view .LVU4
ARM GAS  C:\Users\Admin\AppData\Local\Temp\cccY2Nji.s 			page 3


  44 000c 9A69     		ldr	r2, [r3, #24]
  45 000e 02F00102 		and	r2, r2, #1
  46 0012 0092     		str	r2, [sp]
  47              		.loc 1 72 3 view .LVU5
  48 0014 009A     		ldr	r2, [sp]
  49              	.LBE2:
  50              		.loc 1 72 3 view .LVU6
  73:Core/Src/stm32f1xx_hal_msp.c ****   __HAL_RCC_PWR_CLK_ENABLE();
  51              		.loc 1 73 3 view .LVU7
  52              	.LBB3:
  53              		.loc 1 73 3 view .LVU8
  54              		.loc 1 73 3 view .LVU9
  55 0016 DA69     		ldr	r2, [r3, #28]
  56 0018 42F08052 		orr	r2, r2, #268435456
  57 001c DA61     		str	r2, [r3, #28]
  58              		.loc 1 73 3 view .LVU10
  59 001e DB69     		ldr	r3, [r3, #28]
  60 0020 03F08053 		and	r3, r3, #268435456
  61 0024 0193     		str	r3, [sp, #4]
  62              		.loc 1 73 3 view .LVU11
  63 0026 019B     		ldr	r3, [sp, #4]
  64              	.LBE3:
  65              		.loc 1 73 3 view .LVU12
  74:Core/Src/stm32f1xx_hal_msp.c **** 
  75:Core/Src/stm32f1xx_hal_msp.c ****   /* System interrupt init*/
  76:Core/Src/stm32f1xx_hal_msp.c **** 
  77:Core/Src/stm32f1xx_hal_msp.c ****   /** NOJTAG: JTAG-DP Disabled and SW-DP Enabled
  78:Core/Src/stm32f1xx_hal_msp.c ****   */
  79:Core/Src/stm32f1xx_hal_msp.c ****   __HAL_AFIO_REMAP_SWJ_NOJTAG();
  66              		.loc 1 79 3 view .LVU13
  67              	.LBB4:
  68              		.loc 1 79 3 view .LVU14
  69 0028 054A     		ldr	r2, .L3+4
  70 002a 5368     		ldr	r3, [r2, #4]
  71              	.LVL0:
  72              		.loc 1 79 3 view .LVU15
  73 002c 23F0E063 		bic	r3, r3, #117440512
  74              	.LVL1:
  75              		.loc 1 79 3 view .LVU16
  76 0030 43F00073 		orr	r3, r3, #33554432
  77              	.LVL2:
  78              		.loc 1 79 3 view .LVU17
  79 0034 5360     		str	r3, [r2, #4]
  80              	.LBE4:
  81              		.loc 1 79 3 view .LVU18
  80:Core/Src/stm32f1xx_hal_msp.c **** 
  81:Core/Src/stm32f1xx_hal_msp.c ****   /* USER CODE BEGIN MspInit 1 */
  82:Core/Src/stm32f1xx_hal_msp.c **** 
  83:Core/Src/stm32f1xx_hal_msp.c ****   /* USER CODE END MspInit 1 */
  84:Core/Src/stm32f1xx_hal_msp.c **** }
  82              		.loc 1 84 1 is_stmt 0 view .LVU19
  83 0036 02B0     		add	sp, sp, #8
  84              	.LCFI1:
  85              		.cfi_def_cfa_offset 0
  86              		@ sp needed
  87 0038 7047     		bx	lr
  88              	.L4:
ARM GAS  C:\Users\Admin\AppData\Local\Temp\cccY2Nji.s 			page 4


  89 003a 00BF     		.align	2
  90              	.L3:
  91 003c 00100240 		.word	1073876992
  92 0040 00000140 		.word	1073807360
  93              		.cfi_endproc
  94              	.LFE65:
  96              		.section	.text.HAL_TIM_Base_MspInit,"ax",%progbits
  97              		.align	1
  98              		.global	HAL_TIM_Base_MspInit
  99              		.syntax unified
 100              		.thumb
 101              		.thumb_func
 103              	HAL_TIM_Base_MspInit:
 104              	.LVL3:
 105              	.LFB66:
  85:Core/Src/stm32f1xx_hal_msp.c **** 
  86:Core/Src/stm32f1xx_hal_msp.c **** /**
  87:Core/Src/stm32f1xx_hal_msp.c **** * @brief TIM_Base MSP Initialization
  88:Core/Src/stm32f1xx_hal_msp.c **** * This function configures the hardware resources used in this example
  89:Core/Src/stm32f1xx_hal_msp.c **** * @param htim_base: TIM_Base handle pointer
  90:Core/Src/stm32f1xx_hal_msp.c **** * @retval None
  91:Core/Src/stm32f1xx_hal_msp.c **** */
  92:Core/Src/stm32f1xx_hal_msp.c **** void HAL_TIM_Base_MspInit(TIM_HandleTypeDef* htim_base)
  93:Core/Src/stm32f1xx_hal_msp.c **** {
 106              		.loc 1 93 1 is_stmt 1 view -0
 107              		.cfi_startproc
 108              		@ args = 0, pretend = 0, frame = 8
 109              		@ frame_needed = 0, uses_anonymous_args = 0
  94:Core/Src/stm32f1xx_hal_msp.c ****   if(htim_base->Instance==TIM3)
 110              		.loc 1 94 3 view .LVU21
 111              		.loc 1 94 15 is_stmt 0 view .LVU22
 112 0000 0268     		ldr	r2, [r0]
 113              		.loc 1 94 5 view .LVU23
 114 0002 0D4B     		ldr	r3, .L12
 115 0004 9A42     		cmp	r2, r3
 116 0006 00D0     		beq	.L11
 117 0008 7047     		bx	lr
 118              	.L11:
  93:Core/Src/stm32f1xx_hal_msp.c ****   if(htim_base->Instance==TIM3)
 119              		.loc 1 93 1 view .LVU24
 120 000a 00B5     		push	{lr}
 121              	.LCFI2:
 122              		.cfi_def_cfa_offset 4
 123              		.cfi_offset 14, -4
 124 000c 83B0     		sub	sp, sp, #12
 125              	.LCFI3:
 126              		.cfi_def_cfa_offset 16
  95:Core/Src/stm32f1xx_hal_msp.c ****   {
  96:Core/Src/stm32f1xx_hal_msp.c ****   /* USER CODE BEGIN TIM3_MspInit 0 */
  97:Core/Src/stm32f1xx_hal_msp.c **** 
  98:Core/Src/stm32f1xx_hal_msp.c ****   /* USER CODE END TIM3_MspInit 0 */
  99:Core/Src/stm32f1xx_hal_msp.c ****     /* Peripheral clock enable */
 100:Core/Src/stm32f1xx_hal_msp.c ****     __HAL_RCC_TIM3_CLK_ENABLE();
 127              		.loc 1 100 5 is_stmt 1 view .LVU25
 128              	.LBB5:
 129              		.loc 1 100 5 view .LVU26
 130              		.loc 1 100 5 view .LVU27
ARM GAS  C:\Users\Admin\AppData\Local\Temp\cccY2Nji.s 			page 5


 131 000e 03F50333 		add	r3, r3, #134144
 132 0012 DA69     		ldr	r2, [r3, #28]
 133 0014 42F00202 		orr	r2, r2, #2
 134 0018 DA61     		str	r2, [r3, #28]
 135              		.loc 1 100 5 view .LVU28
 136 001a DB69     		ldr	r3, [r3, #28]
 137 001c 03F00203 		and	r3, r3, #2
 138 0020 0193     		str	r3, [sp, #4]
 139              		.loc 1 100 5 view .LVU29
 140 0022 019B     		ldr	r3, [sp, #4]
 141              	.LBE5:
 142              		.loc 1 100 5 view .LVU30
 101:Core/Src/stm32f1xx_hal_msp.c ****     /* TIM3 interrupt Init */
 102:Core/Src/stm32f1xx_hal_msp.c ****     HAL_NVIC_SetPriority(TIM3_IRQn, 0, 0);
 143              		.loc 1 102 5 view .LVU31
 144 0024 0022     		movs	r2, #0
 145 0026 1146     		mov	r1, r2
 146 0028 1D20     		movs	r0, #29
 147              	.LVL4:
 148              		.loc 1 102 5 is_stmt 0 view .LVU32
 149 002a FFF7FEFF 		bl	HAL_NVIC_SetPriority
 150              	.LVL5:
 103:Core/Src/stm32f1xx_hal_msp.c ****     HAL_NVIC_EnableIRQ(TIM3_IRQn);
 151              		.loc 1 103 5 is_stmt 1 view .LVU33
 152 002e 1D20     		movs	r0, #29
 153 0030 FFF7FEFF 		bl	HAL_NVIC_EnableIRQ
 154              	.LVL6:
 104:Core/Src/stm32f1xx_hal_msp.c ****   /* USER CODE BEGIN TIM3_MspInit 1 */
 105:Core/Src/stm32f1xx_hal_msp.c **** 
 106:Core/Src/stm32f1xx_hal_msp.c ****   /* USER CODE END TIM3_MspInit 1 */
 107:Core/Src/stm32f1xx_hal_msp.c ****   }
 108:Core/Src/stm32f1xx_hal_msp.c **** 
 109:Core/Src/stm32f1xx_hal_msp.c **** }
 155              		.loc 1 109 1 is_stmt 0 view .LVU34
 156 0034 03B0     		add	sp, sp, #12
 157              	.LCFI4:
 158              		.cfi_def_cfa_offset 4
 159              		@ sp needed
 160 0036 00BD     		pop	{pc}
 161              	.L13:
 162              		.align	2
 163              	.L12:
 164 0038 00040040 		.word	1073742848
 165              		.cfi_endproc
 166              	.LFE66:
 168              		.section	.text.HAL_TIM_PWM_MspInit,"ax",%progbits
 169              		.align	1
 170              		.global	HAL_TIM_PWM_MspInit
 171              		.syntax unified
 172              		.thumb
 173              		.thumb_func
 175              	HAL_TIM_PWM_MspInit:
 176              	.LVL7:
 177              	.LFB67:
 110:Core/Src/stm32f1xx_hal_msp.c **** 
 111:Core/Src/stm32f1xx_hal_msp.c **** /**
 112:Core/Src/stm32f1xx_hal_msp.c **** * @brief TIM_PWM MSP Initialization
ARM GAS  C:\Users\Admin\AppData\Local\Temp\cccY2Nji.s 			page 6


 113:Core/Src/stm32f1xx_hal_msp.c **** * This function configures the hardware resources used in this example
 114:Core/Src/stm32f1xx_hal_msp.c **** * @param htim_pwm: TIM_PWM handle pointer
 115:Core/Src/stm32f1xx_hal_msp.c **** * @retval None
 116:Core/Src/stm32f1xx_hal_msp.c **** */
 117:Core/Src/stm32f1xx_hal_msp.c **** void HAL_TIM_PWM_MspInit(TIM_HandleTypeDef* htim_pwm)
 118:Core/Src/stm32f1xx_hal_msp.c **** {
 178              		.loc 1 118 1 is_stmt 1 view -0
 179              		.cfi_startproc
 180              		@ args = 0, pretend = 0, frame = 8
 181              		@ frame_needed = 0, uses_anonymous_args = 0
 119:Core/Src/stm32f1xx_hal_msp.c ****   if(htim_pwm->Instance==TIM4)
 182              		.loc 1 119 3 view .LVU36
 183              		.loc 1 119 14 is_stmt 0 view .LVU37
 184 0000 0268     		ldr	r2, [r0]
 185              		.loc 1 119 5 view .LVU38
 186 0002 0D4B     		ldr	r3, .L21
 187 0004 9A42     		cmp	r2, r3
 188 0006 00D0     		beq	.L20
 189 0008 7047     		bx	lr
 190              	.L20:
 118:Core/Src/stm32f1xx_hal_msp.c ****   if(htim_pwm->Instance==TIM4)
 191              		.loc 1 118 1 view .LVU39
 192 000a 00B5     		push	{lr}
 193              	.LCFI5:
 194              		.cfi_def_cfa_offset 4
 195              		.cfi_offset 14, -4
 196 000c 83B0     		sub	sp, sp, #12
 197              	.LCFI6:
 198              		.cfi_def_cfa_offset 16
 120:Core/Src/stm32f1xx_hal_msp.c ****   {
 121:Core/Src/stm32f1xx_hal_msp.c ****   /* USER CODE BEGIN TIM4_MspInit 0 */
 122:Core/Src/stm32f1xx_hal_msp.c **** 
 123:Core/Src/stm32f1xx_hal_msp.c ****   /* USER CODE END TIM4_MspInit 0 */
 124:Core/Src/stm32f1xx_hal_msp.c ****     /* Peripheral clock enable */
 125:Core/Src/stm32f1xx_hal_msp.c ****     __HAL_RCC_TIM4_CLK_ENABLE();
 199              		.loc 1 125 5 is_stmt 1 view .LVU40
 200              	.LBB6:
 201              		.loc 1 125 5 view .LVU41
 202              		.loc 1 125 5 view .LVU42
 203 000e 03F50233 		add	r3, r3, #133120
 204 0012 DA69     		ldr	r2, [r3, #28]
 205 0014 42F00402 		orr	r2, r2, #4
 206 0018 DA61     		str	r2, [r3, #28]
 207              		.loc 1 125 5 view .LVU43
 208 001a DB69     		ldr	r3, [r3, #28]
 209 001c 03F00403 		and	r3, r3, #4
 210 0020 0193     		str	r3, [sp, #4]
 211              		.loc 1 125 5 view .LVU44
 212 0022 019B     		ldr	r3, [sp, #4]
 213              	.LBE6:
 214              		.loc 1 125 5 view .LVU45
 126:Core/Src/stm32f1xx_hal_msp.c ****     /* TIM4 interrupt Init */
 127:Core/Src/stm32f1xx_hal_msp.c ****     HAL_NVIC_SetPriority(TIM4_IRQn, 0, 0);
 215              		.loc 1 127 5 view .LVU46
 216 0024 0022     		movs	r2, #0
 217 0026 1146     		mov	r1, r2
 218 0028 1E20     		movs	r0, #30
ARM GAS  C:\Users\Admin\AppData\Local\Temp\cccY2Nji.s 			page 7


 219              	.LVL8:
 220              		.loc 1 127 5 is_stmt 0 view .LVU47
 221 002a FFF7FEFF 		bl	HAL_NVIC_SetPriority
 222              	.LVL9:
 128:Core/Src/stm32f1xx_hal_msp.c ****     HAL_NVIC_EnableIRQ(TIM4_IRQn);
 223              		.loc 1 128 5 is_stmt 1 view .LVU48
 224 002e 1E20     		movs	r0, #30
 225 0030 FFF7FEFF 		bl	HAL_NVIC_EnableIRQ
 226              	.LVL10:
 129:Core/Src/stm32f1xx_hal_msp.c ****   /* USER CODE BEGIN TIM4_MspInit 1 */
 130:Core/Src/stm32f1xx_hal_msp.c **** 
 131:Core/Src/stm32f1xx_hal_msp.c ****   /* USER CODE END TIM4_MspInit 1 */
 132:Core/Src/stm32f1xx_hal_msp.c ****   }
 133:Core/Src/stm32f1xx_hal_msp.c **** 
 134:Core/Src/stm32f1xx_hal_msp.c **** }
 227              		.loc 1 134 1 is_stmt 0 view .LVU49
 228 0034 03B0     		add	sp, sp, #12
 229              	.LCFI7:
 230              		.cfi_def_cfa_offset 4
 231              		@ sp needed
 232 0036 00BD     		pop	{pc}
 233              	.L22:
 234              		.align	2
 235              	.L21:
 236 0038 00080040 		.word	1073743872
 237              		.cfi_endproc
 238              	.LFE67:
 240              		.section	.text.HAL_TIM_MspPostInit,"ax",%progbits
 241              		.align	1
 242              		.global	HAL_TIM_MspPostInit
 243              		.syntax unified
 244              		.thumb
 245              		.thumb_func
 247              	HAL_TIM_MspPostInit:
 248              	.LVL11:
 249              	.LFB68:
 135:Core/Src/stm32f1xx_hal_msp.c **** 
 136:Core/Src/stm32f1xx_hal_msp.c **** void HAL_TIM_MspPostInit(TIM_HandleTypeDef* htim)
 137:Core/Src/stm32f1xx_hal_msp.c **** {
 250              		.loc 1 137 1 is_stmt 1 view -0
 251              		.cfi_startproc
 252              		@ args = 0, pretend = 0, frame = 24
 253              		@ frame_needed = 0, uses_anonymous_args = 0
 254              		.loc 1 137 1 is_stmt 0 view .LVU51
 255 0000 00B5     		push	{lr}
 256              	.LCFI8:
 257              		.cfi_def_cfa_offset 4
 258              		.cfi_offset 14, -4
 259 0002 87B0     		sub	sp, sp, #28
 260              	.LCFI9:
 261              		.cfi_def_cfa_offset 32
 138:Core/Src/stm32f1xx_hal_msp.c ****   GPIO_InitTypeDef GPIO_InitStruct = {0};
 262              		.loc 1 138 3 is_stmt 1 view .LVU52
 263              		.loc 1 138 20 is_stmt 0 view .LVU53
 264 0004 0023     		movs	r3, #0
 265 0006 0293     		str	r3, [sp, #8]
 266 0008 0393     		str	r3, [sp, #12]
ARM GAS  C:\Users\Admin\AppData\Local\Temp\cccY2Nji.s 			page 8


 267 000a 0493     		str	r3, [sp, #16]
 268 000c 0593     		str	r3, [sp, #20]
 139:Core/Src/stm32f1xx_hal_msp.c ****   if(htim->Instance==TIM4)
 269              		.loc 1 139 3 is_stmt 1 view .LVU54
 270              		.loc 1 139 10 is_stmt 0 view .LVU55
 271 000e 0268     		ldr	r2, [r0]
 272              		.loc 1 139 5 view .LVU56
 273 0010 0C4B     		ldr	r3, .L27
 274 0012 9A42     		cmp	r2, r3
 275 0014 01D0     		beq	.L26
 276              	.LVL12:
 277              	.L23:
 140:Core/Src/stm32f1xx_hal_msp.c ****   {
 141:Core/Src/stm32f1xx_hal_msp.c ****   /* USER CODE BEGIN TIM4_MspPostInit 0 */
 142:Core/Src/stm32f1xx_hal_msp.c **** 
 143:Core/Src/stm32f1xx_hal_msp.c ****   /* USER CODE END TIM4_MspPostInit 0 */
 144:Core/Src/stm32f1xx_hal_msp.c **** 
 145:Core/Src/stm32f1xx_hal_msp.c ****     __HAL_RCC_GPIOB_CLK_ENABLE();
 146:Core/Src/stm32f1xx_hal_msp.c ****     /**TIM4 GPIO Configuration
 147:Core/Src/stm32f1xx_hal_msp.c ****     PB6     ------> TIM4_CH1
 148:Core/Src/stm32f1xx_hal_msp.c ****     PB7     ------> TIM4_CH2
 149:Core/Src/stm32f1xx_hal_msp.c ****     */
 150:Core/Src/stm32f1xx_hal_msp.c ****     GPIO_InitStruct.Pin = GPIO_PIN_6|GPIO_PIN_7;
 151:Core/Src/stm32f1xx_hal_msp.c ****     GPIO_InitStruct.Mode = GPIO_MODE_AF_PP;
 152:Core/Src/stm32f1xx_hal_msp.c ****     GPIO_InitStruct.Speed = GPIO_SPEED_FREQ_LOW;
 153:Core/Src/stm32f1xx_hal_msp.c ****     HAL_GPIO_Init(GPIOB, &GPIO_InitStruct);
 154:Core/Src/stm32f1xx_hal_msp.c **** 
 155:Core/Src/stm32f1xx_hal_msp.c ****   /* USER CODE BEGIN TIM4_MspPostInit 1 */
 156:Core/Src/stm32f1xx_hal_msp.c **** 
 157:Core/Src/stm32f1xx_hal_msp.c ****   /* USER CODE END TIM4_MspPostInit 1 */
 158:Core/Src/stm32f1xx_hal_msp.c ****   }
 159:Core/Src/stm32f1xx_hal_msp.c **** 
 160:Core/Src/stm32f1xx_hal_msp.c **** }
 278              		.loc 1 160 1 view .LVU57
 279 0016 07B0     		add	sp, sp, #28
 280              	.LCFI10:
 281              		.cfi_remember_state
 282              		.cfi_def_cfa_offset 4
 283              		@ sp needed
 284 0018 00BD     		pop	{pc}
 285              	.LVL13:
 286              	.L26:
 287              	.LCFI11:
 288              		.cfi_restore_state
 145:Core/Src/stm32f1xx_hal_msp.c ****     /**TIM4 GPIO Configuration
 289              		.loc 1 145 5 is_stmt 1 view .LVU58
 290              	.LBB7:
 145:Core/Src/stm32f1xx_hal_msp.c ****     /**TIM4 GPIO Configuration
 291              		.loc 1 145 5 view .LVU59
 145:Core/Src/stm32f1xx_hal_msp.c ****     /**TIM4 GPIO Configuration
 292              		.loc 1 145 5 view .LVU60
 293 001a 03F50233 		add	r3, r3, #133120
 294 001e 9A69     		ldr	r2, [r3, #24]
 295 0020 42F00802 		orr	r2, r2, #8
 296 0024 9A61     		str	r2, [r3, #24]
 145:Core/Src/stm32f1xx_hal_msp.c ****     /**TIM4 GPIO Configuration
 297              		.loc 1 145 5 view .LVU61
ARM GAS  C:\Users\Admin\AppData\Local\Temp\cccY2Nji.s 			page 9


 298 0026 9B69     		ldr	r3, [r3, #24]
 299 0028 03F00803 		and	r3, r3, #8
 300 002c 0193     		str	r3, [sp, #4]
 145:Core/Src/stm32f1xx_hal_msp.c ****     /**TIM4 GPIO Configuration
 301              		.loc 1 145 5 view .LVU62
 302 002e 019B     		ldr	r3, [sp, #4]
 303              	.LBE7:
 145:Core/Src/stm32f1xx_hal_msp.c ****     /**TIM4 GPIO Configuration
 304              		.loc 1 145 5 view .LVU63
 150:Core/Src/stm32f1xx_hal_msp.c ****     GPIO_InitStruct.Mode = GPIO_MODE_AF_PP;
 305              		.loc 1 150 5 view .LVU64
 150:Core/Src/stm32f1xx_hal_msp.c ****     GPIO_InitStruct.Mode = GPIO_MODE_AF_PP;
 306              		.loc 1 150 25 is_stmt 0 view .LVU65
 307 0030 C023     		movs	r3, #192
 308 0032 0293     		str	r3, [sp, #8]
 151:Core/Src/stm32f1xx_hal_msp.c ****     GPIO_InitStruct.Speed = GPIO_SPEED_FREQ_LOW;
 309              		.loc 1 151 5 is_stmt 1 view .LVU66
 151:Core/Src/stm32f1xx_hal_msp.c ****     GPIO_InitStruct.Speed = GPIO_SPEED_FREQ_LOW;
 310              		.loc 1 151 26 is_stmt 0 view .LVU67
 311 0034 0223     		movs	r3, #2
 312 0036 0393     		str	r3, [sp, #12]
 152:Core/Src/stm32f1xx_hal_msp.c ****     HAL_GPIO_Init(GPIOB, &GPIO_InitStruct);
 313              		.loc 1 152 5 is_stmt 1 view .LVU68
 152:Core/Src/stm32f1xx_hal_msp.c ****     HAL_GPIO_Init(GPIOB, &GPIO_InitStruct);
 314              		.loc 1 152 27 is_stmt 0 view .LVU69
 315 0038 0593     		str	r3, [sp, #20]
 153:Core/Src/stm32f1xx_hal_msp.c **** 
 316              		.loc 1 153 5 is_stmt 1 view .LVU70
 317 003a 02A9     		add	r1, sp, #8
 318 003c 0248     		ldr	r0, .L27+4
 319              	.LVL14:
 153:Core/Src/stm32f1xx_hal_msp.c **** 
 320              		.loc 1 153 5 is_stmt 0 view .LVU71
 321 003e FFF7FEFF 		bl	HAL_GPIO_Init
 322              	.LVL15:
 323              		.loc 1 160 1 view .LVU72
 324 0042 E8E7     		b	.L23
 325              	.L28:
 326              		.align	2
 327              	.L27:
 328 0044 00080040 		.word	1073743872
 329 0048 000C0140 		.word	1073810432
 330              		.cfi_endproc
 331              	.LFE68:
 333              		.section	.text.HAL_TIM_Base_MspDeInit,"ax",%progbits
 334              		.align	1
 335              		.global	HAL_TIM_Base_MspDeInit
 336              		.syntax unified
 337              		.thumb
 338              		.thumb_func
 340              	HAL_TIM_Base_MspDeInit:
 341              	.LVL16:
 342              	.LFB69:
 161:Core/Src/stm32f1xx_hal_msp.c **** /**
 162:Core/Src/stm32f1xx_hal_msp.c **** * @brief TIM_Base MSP De-Initialization
 163:Core/Src/stm32f1xx_hal_msp.c **** * This function freeze the hardware resources used in this example
 164:Core/Src/stm32f1xx_hal_msp.c **** * @param htim_base: TIM_Base handle pointer
ARM GAS  C:\Users\Admin\AppData\Local\Temp\cccY2Nji.s 			page 10


 165:Core/Src/stm32f1xx_hal_msp.c **** * @retval None
 166:Core/Src/stm32f1xx_hal_msp.c **** */
 167:Core/Src/stm32f1xx_hal_msp.c **** void HAL_TIM_Base_MspDeInit(TIM_HandleTypeDef* htim_base)
 168:Core/Src/stm32f1xx_hal_msp.c **** {
 343              		.loc 1 168 1 is_stmt 1 view -0
 344              		.cfi_startproc
 345              		@ args = 0, pretend = 0, frame = 0
 346              		@ frame_needed = 0, uses_anonymous_args = 0
 347              		.loc 1 168 1 is_stmt 0 view .LVU74
 348 0000 08B5     		push	{r3, lr}
 349              	.LCFI12:
 350              		.cfi_def_cfa_offset 8
 351              		.cfi_offset 3, -8
 352              		.cfi_offset 14, -4
 169:Core/Src/stm32f1xx_hal_msp.c ****   if(htim_base->Instance==TIM3)
 353              		.loc 1 169 3 is_stmt 1 view .LVU75
 354              		.loc 1 169 15 is_stmt 0 view .LVU76
 355 0002 0268     		ldr	r2, [r0]
 356              		.loc 1 169 5 view .LVU77
 357 0004 064B     		ldr	r3, .L33
 358 0006 9A42     		cmp	r2, r3
 359 0008 00D0     		beq	.L32
 360              	.LVL17:
 361              	.L29:
 170:Core/Src/stm32f1xx_hal_msp.c ****   {
 171:Core/Src/stm32f1xx_hal_msp.c ****   /* USER CODE BEGIN TIM3_MspDeInit 0 */
 172:Core/Src/stm32f1xx_hal_msp.c **** 
 173:Core/Src/stm32f1xx_hal_msp.c ****   /* USER CODE END TIM3_MspDeInit 0 */
 174:Core/Src/stm32f1xx_hal_msp.c ****     /* Peripheral clock disable */
 175:Core/Src/stm32f1xx_hal_msp.c ****     __HAL_RCC_TIM3_CLK_DISABLE();
 176:Core/Src/stm32f1xx_hal_msp.c **** 
 177:Core/Src/stm32f1xx_hal_msp.c ****     /* TIM3 interrupt DeInit */
 178:Core/Src/stm32f1xx_hal_msp.c ****     HAL_NVIC_DisableIRQ(TIM3_IRQn);
 179:Core/Src/stm32f1xx_hal_msp.c ****   /* USER CODE BEGIN TIM3_MspDeInit 1 */
 180:Core/Src/stm32f1xx_hal_msp.c **** 
 181:Core/Src/stm32f1xx_hal_msp.c ****   /* USER CODE END TIM3_MspDeInit 1 */
 182:Core/Src/stm32f1xx_hal_msp.c ****   }
 183:Core/Src/stm32f1xx_hal_msp.c **** 
 184:Core/Src/stm32f1xx_hal_msp.c **** }
 362              		.loc 1 184 1 view .LVU78
 363 000a 08BD     		pop	{r3, pc}
 364              	.LVL18:
 365              	.L32:
 175:Core/Src/stm32f1xx_hal_msp.c **** 
 366              		.loc 1 175 5 is_stmt 1 view .LVU79
 367 000c 054A     		ldr	r2, .L33+4
 368 000e D369     		ldr	r3, [r2, #28]
 369 0010 23F00203 		bic	r3, r3, #2
 370 0014 D361     		str	r3, [r2, #28]
 178:Core/Src/stm32f1xx_hal_msp.c ****   /* USER CODE BEGIN TIM3_MspDeInit 1 */
 371              		.loc 1 178 5 view .LVU80
 372 0016 1D20     		movs	r0, #29
 373              	.LVL19:
 178:Core/Src/stm32f1xx_hal_msp.c ****   /* USER CODE BEGIN TIM3_MspDeInit 1 */
 374              		.loc 1 178 5 is_stmt 0 view .LVU81
 375 0018 FFF7FEFF 		bl	HAL_NVIC_DisableIRQ
 376              	.LVL20:
ARM GAS  C:\Users\Admin\AppData\Local\Temp\cccY2Nji.s 			page 11


 377              		.loc 1 184 1 view .LVU82
 378 001c F5E7     		b	.L29
 379              	.L34:
 380 001e 00BF     		.align	2
 381              	.L33:
 382 0020 00040040 		.word	1073742848
 383 0024 00100240 		.word	1073876992
 384              		.cfi_endproc
 385              	.LFE69:
 387              		.section	.text.HAL_TIM_PWM_MspDeInit,"ax",%progbits
 388              		.align	1
 389              		.global	HAL_TIM_PWM_MspDeInit
 390              		.syntax unified
 391              		.thumb
 392              		.thumb_func
 394              	HAL_TIM_PWM_MspDeInit:
 395              	.LVL21:
 396              	.LFB70:
 185:Core/Src/stm32f1xx_hal_msp.c **** 
 186:Core/Src/stm32f1xx_hal_msp.c **** /**
 187:Core/Src/stm32f1xx_hal_msp.c **** * @brief TIM_PWM MSP De-Initialization
 188:Core/Src/stm32f1xx_hal_msp.c **** * This function freeze the hardware resources used in this example
 189:Core/Src/stm32f1xx_hal_msp.c **** * @param htim_pwm: TIM_PWM handle pointer
 190:Core/Src/stm32f1xx_hal_msp.c **** * @retval None
 191:Core/Src/stm32f1xx_hal_msp.c **** */
 192:Core/Src/stm32f1xx_hal_msp.c **** void HAL_TIM_PWM_MspDeInit(TIM_HandleTypeDef* htim_pwm)
 193:Core/Src/stm32f1xx_hal_msp.c **** {
 397              		.loc 1 193 1 is_stmt 1 view -0
 398              		.cfi_startproc
 399              		@ args = 0, pretend = 0, frame = 0
 400              		@ frame_needed = 0, uses_anonymous_args = 0
 401              		.loc 1 193 1 is_stmt 0 view .LVU84
 402 0000 08B5     		push	{r3, lr}
 403              	.LCFI13:
 404              		.cfi_def_cfa_offset 8
 405              		.cfi_offset 3, -8
 406              		.cfi_offset 14, -4
 194:Core/Src/stm32f1xx_hal_msp.c ****   if(htim_pwm->Instance==TIM4)
 407              		.loc 1 194 3 is_stmt 1 view .LVU85
 408              		.loc 1 194 14 is_stmt 0 view .LVU86
 409 0002 0268     		ldr	r2, [r0]
 410              		.loc 1 194 5 view .LVU87
 411 0004 064B     		ldr	r3, .L39
 412 0006 9A42     		cmp	r2, r3
 413 0008 00D0     		beq	.L38
 414              	.LVL22:
 415              	.L35:
 195:Core/Src/stm32f1xx_hal_msp.c ****   {
 196:Core/Src/stm32f1xx_hal_msp.c ****   /* USER CODE BEGIN TIM4_MspDeInit 0 */
 197:Core/Src/stm32f1xx_hal_msp.c **** 
 198:Core/Src/stm32f1xx_hal_msp.c ****   /* USER CODE END TIM4_MspDeInit 0 */
 199:Core/Src/stm32f1xx_hal_msp.c ****     /* Peripheral clock disable */
 200:Core/Src/stm32f1xx_hal_msp.c ****     __HAL_RCC_TIM4_CLK_DISABLE();
 201:Core/Src/stm32f1xx_hal_msp.c **** 
 202:Core/Src/stm32f1xx_hal_msp.c ****     /* TIM4 interrupt DeInit */
 203:Core/Src/stm32f1xx_hal_msp.c ****     HAL_NVIC_DisableIRQ(TIM4_IRQn);
 204:Core/Src/stm32f1xx_hal_msp.c ****   /* USER CODE BEGIN TIM4_MspDeInit 1 */
ARM GAS  C:\Users\Admin\AppData\Local\Temp\cccY2Nji.s 			page 12


 205:Core/Src/stm32f1xx_hal_msp.c **** 
 206:Core/Src/stm32f1xx_hal_msp.c ****   /* USER CODE END TIM4_MspDeInit 1 */
 207:Core/Src/stm32f1xx_hal_msp.c ****   }
 208:Core/Src/stm32f1xx_hal_msp.c **** 
 209:Core/Src/stm32f1xx_hal_msp.c **** }
 416              		.loc 1 209 1 view .LVU88
 417 000a 08BD     		pop	{r3, pc}
 418              	.LVL23:
 419              	.L38:
 200:Core/Src/stm32f1xx_hal_msp.c **** 
 420              		.loc 1 200 5 is_stmt 1 view .LVU89
 421 000c 054A     		ldr	r2, .L39+4
 422 000e D369     		ldr	r3, [r2, #28]
 423 0010 23F00403 		bic	r3, r3, #4
 424 0014 D361     		str	r3, [r2, #28]
 203:Core/Src/stm32f1xx_hal_msp.c ****   /* USER CODE BEGIN TIM4_MspDeInit 1 */
 425              		.loc 1 203 5 view .LVU90
 426 0016 1E20     		movs	r0, #30
 427              	.LVL24:
 203:Core/Src/stm32f1xx_hal_msp.c ****   /* USER CODE BEGIN TIM4_MspDeInit 1 */
 428              		.loc 1 203 5 is_stmt 0 view .LVU91
 429 0018 FFF7FEFF 		bl	HAL_NVIC_DisableIRQ
 430              	.LVL25:
 431              		.loc 1 209 1 view .LVU92
 432 001c F5E7     		b	.L35
 433              	.L40:
 434 001e 00BF     		.align	2
 435              	.L39:
 436 0020 00080040 		.word	1073743872
 437 0024 00100240 		.word	1073876992
 438              		.cfi_endproc
 439              	.LFE70:
 441              		.text
 442              	.Letext0:
 443              		.file 2 "Drivers/CMSIS/Device/ST/STM32F1xx/Include/stm32f103xb.h"
 444              		.file 3 "E:\\STM\\arm-none-eabi\\bin/../lib/gcc/arm-none-eabi/14.3.1/../../../../arm-none-eabi/inc
 445              		.file 4 "E:\\STM\\arm-none-eabi\\bin/../lib/gcc/arm-none-eabi/14.3.1/../../../../arm-none-eabi/inc
 446              		.file 5 "Drivers/STM32F1xx_HAL_Driver/Inc/stm32f1xx_hal_def.h"
 447              		.file 6 "Drivers/STM32F1xx_HAL_Driver/Inc/stm32f1xx_hal_gpio.h"
 448              		.file 7 "Drivers/STM32F1xx_HAL_Driver/Inc/stm32f1xx_hal_dma.h"
 449              		.file 8 "Drivers/STM32F1xx_HAL_Driver/Inc/stm32f1xx_hal_tim.h"
 450              		.file 9 "Drivers/STM32F1xx_HAL_Driver/Inc/stm32f1xx_hal_cortex.h"
ARM GAS  C:\Users\Admin\AppData\Local\Temp\cccY2Nji.s 			page 13


DEFINED SYMBOLS
                            *ABS*:00000000 stm32f1xx_hal_msp.c
C:\Users\Admin\AppData\Local\Temp\cccY2Nji.s:19     .text.HAL_MspInit:00000000 $t
C:\Users\Admin\AppData\Local\Temp\cccY2Nji.s:25     .text.HAL_MspInit:00000000 HAL_MspInit
C:\Users\Admin\AppData\Local\Temp\cccY2Nji.s:91     .text.HAL_MspInit:0000003c $d
C:\Users\Admin\AppData\Local\Temp\cccY2Nji.s:97     .text.HAL_TIM_Base_MspInit:00000000 $t
C:\Users\Admin\AppData\Local\Temp\cccY2Nji.s:103    .text.HAL_TIM_Base_MspInit:00000000 HAL_TIM_Base_MspInit
C:\Users\Admin\AppData\Local\Temp\cccY2Nji.s:164    .text.HAL_TIM_Base_MspInit:00000038 $d
C:\Users\Admin\AppData\Local\Temp\cccY2Nji.s:169    .text.HAL_TIM_PWM_MspInit:00000000 $t
C:\Users\Admin\AppData\Local\Temp\cccY2Nji.s:175    .text.HAL_TIM_PWM_MspInit:00000000 HAL_TIM_PWM_MspInit
C:\Users\Admin\AppData\Local\Temp\cccY2Nji.s:236    .text.HAL_TIM_PWM_MspInit:00000038 $d
C:\Users\Admin\AppData\Local\Temp\cccY2Nji.s:241    .text.HAL_TIM_MspPostInit:00000000 $t
C:\Users\Admin\AppData\Local\Temp\cccY2Nji.s:247    .text.HAL_TIM_MspPostInit:00000000 HAL_TIM_MspPostInit
C:\Users\Admin\AppData\Local\Temp\cccY2Nji.s:328    .text.HAL_TIM_MspPostInit:00000044 $d
C:\Users\Admin\AppData\Local\Temp\cccY2Nji.s:334    .text.HAL_TIM_Base_MspDeInit:00000000 $t
C:\Users\Admin\AppData\Local\Temp\cccY2Nji.s:340    .text.HAL_TIM_Base_MspDeInit:00000000 HAL_TIM_Base_MspDeInit
C:\Users\Admin\AppData\Local\Temp\cccY2Nji.s:382    .text.HAL_TIM_Base_MspDeInit:00000020 $d
C:\Users\Admin\AppData\Local\Temp\cccY2Nji.s:388    .text.HAL_TIM_PWM_MspDeInit:00000000 $t
C:\Users\Admin\AppData\Local\Temp\cccY2Nji.s:394    .text.HAL_TIM_PWM_MspDeInit:00000000 HAL_TIM_PWM_MspDeInit
C:\Users\Admin\AppData\Local\Temp\cccY2Nji.s:436    .text.HAL_TIM_PWM_MspDeInit:00000020 $d

UNDEFINED SYMBOLS
HAL_NVIC_SetPriority
HAL_NVIC_EnableIRQ
HAL_GPIO_Init
HAL_NVIC_DisableIRQ
