ARM GAS  C:\Users\Admin\AppData\Local\Temp\ccbmud3d.s 			page 1


   1              		.cpu cortex-m3
   2              		.arch armv7-m
   3              		.fpu softvfp
   4              		.eabi_attribute 20, 1
   5              		.eabi_attribute 21, 1
   6              		.eabi_attribute 23, 3
   7              		.eabi_attribute 24, 1
   8              		.eabi_attribute 25, 1
   9              		.eabi_attribute 26, 1
  10              		.eabi_attribute 30, 1
  11              		.eabi_attribute 34, 1
  12              		.eabi_attribute 18, 4
  13              		.file	"stm32f1xx_it.c"
  14              		.text
  15              	.Ltext0:
  16              		.cfi_sections	.debug_frame
  17              		.file 1 "Core/Src/stm32f1xx_it.c"
  18              		.section	.text.NMI_Handler,"ax",%progbits
  19              		.align	1
  20              		.global	NMI_Handler
  21              		.syntax unified
  22              		.thumb
  23              		.thumb_func
  25              	NMI_Handler:
  26              	.LFB65:
   1:Core/Src/stm32f1xx_it.c **** /* USER CODE BEGIN Header */
   2:Core/Src/stm32f1xx_it.c **** /**
   3:Core/Src/stm32f1xx_it.c ****   ******************************************************************************
   4:Core/Src/stm32f1xx_it.c ****   * @file    stm32f1xx_it.c
   5:Core/Src/stm32f1xx_it.c ****   * @brief   Interrupt Service Routines.
   6:Core/Src/stm32f1xx_it.c ****   ******************************************************************************
   7:Core/Src/stm32f1xx_it.c ****   * @attention
   8:Core/Src/stm32f1xx_it.c ****   *
   9:Core/Src/stm32f1xx_it.c ****   * Copyright (c) 2024 STMicroelectronics.
  10:Core/Src/stm32f1xx_it.c ****   * All rights reserved.
  11:Core/Src/stm32f1xx_it.c ****   *
  12:Core/Src/stm32f1xx_it.c ****   * This software is licensed under terms that can be found in the LICENSE file
  13:Core/Src/stm32f1xx_it.c ****   * in the root directory of this software component.
  14:Core/Src/stm32f1xx_it.c ****   * If no LICENSE file comes with this software, it is provided AS-IS.
  15:Core/Src/stm32f1xx_it.c ****   *
  16:Core/Src/stm32f1xx_it.c ****   ******************************************************************************
  17:Core/Src/stm32f1xx_it.c ****   */
  18:Core/Src/stm32f1xx_it.c **** /* USER CODE END Header */
  19:Core/Src/stm32f1xx_it.c **** 
  20:Core/Src/stm32f1xx_it.c **** /* Includes ------------------------------------------------------------------*/
  21:Core/Src/stm32f1xx_it.c **** #include "main.h"
  22:Core/Src/stm32f1xx_it.c **** #include "stm32f1xx_it.h"
  23:Core/Src/stm32f1xx_it.c **** /* Private includes ----------------------------------------------------------*/
  24:Core/Src/stm32f1xx_it.c **** /* USER CODE BEGIN Includes */
  25:Core/Src/stm32f1xx_it.c **** /* USER CODE END Includes */
  26:Core/Src/stm32f1xx_it.c **** 
  27:Core/Src/stm32f1xx_it.c **** /* Private typedef -----------------------------------------------------------*/
  28:Core/Src/stm32f1xx_it.c **** /* USER CODE BEGIN TD */
  29:Core/Src/stm32f1xx_it.c **** 
  30:Core/Src/stm32f1xx_it.c **** /* USER CODE END TD */
  31:Core/Src/stm32f1xx_it.c **** 
  32:Core/Src/stm32f1xx_it.c **** /* Private define ------------------------------------------------------------*/
ARM GAS  C:\Users\Admin\AppData\Local\Temp\ccbmud3d.s 			page 2


  33:Core/Src/stm32f1xx_it.c **** /* USER CODE BEGIN PD */
  34:Core/Src/stm32f1xx_it.c **** 
  35:Core/Src/stm32f1xx_it.c **** /* USER CODE END PD */
  36:Core/Src/stm32f1xx_it.c **** 
  37:Core/Src/stm32f1xx_it.c **** /* Private macro -------------------------------------------------------------*/
  38:Core/Src/stm32f1xx_it.c **** /* USER CODE BEGIN PM */
  39:Core/Src/stm32f1xx_it.c **** 
  40:Core/Src/stm32f1xx_it.c **** /* USER CODE END PM */
  41:Core/Src/stm32f1xx_it.c **** 
  42:Core/Src/stm32f1xx_it.c **** /* Private variables ---------------------------------------------------------*/
  43:Core/Src/stm32f1xx_it.c **** /* USER CODE BEGIN PV */
  44:Core/Src/stm32f1xx_it.c **** 
  45:Core/Src/stm32f1xx_it.c **** /* USER CODE END PV */
  46:Core/Src/stm32f1xx_it.c **** 
  47:Core/Src/stm32f1xx_it.c **** /* Private function prototypes -----------------------------------------------*/
  48:Core/Src/stm32f1xx_it.c **** /* USER CODE BEGIN PFP */
  49:Core/Src/stm32f1xx_it.c **** 
  50:Core/Src/stm32f1xx_it.c **** /* USER CODE END PFP */
  51:Core/Src/stm32f1xx_it.c **** 
  52:Core/Src/stm32f1xx_it.c **** /* Private user code ---------------------------------------------------------*/
  53:Core/Src/stm32f1xx_it.c **** /* USER CODE BEGIN 0 */
  54:Core/Src/stm32f1xx_it.c **** 
  55:Core/Src/stm32f1xx_it.c **** /* USER CODE END 0 */
  56:Core/Src/stm32f1xx_it.c **** 
  57:Core/Src/stm32f1xx_it.c **** /* External variables --------------------------------------------------------*/
  58:Core/Src/stm32f1xx_it.c **** extern PCD_HandleTypeDef hpcd_USB_FS;
  59:Core/Src/stm32f1xx_it.c **** extern TIM_HandleTypeDef htim3;
  60:Core/Src/stm32f1xx_it.c **** extern TIM_HandleTypeDef htim4;
  61:Core/Src/stm32f1xx_it.c **** /* USER CODE BEGIN EV */
  62:Core/Src/stm32f1xx_it.c **** 
  63:Core/Src/stm32f1xx_it.c **** /* USER CODE END EV */
  64:Core/Src/stm32f1xx_it.c **** 
  65:Core/Src/stm32f1xx_it.c **** /******************************************************************************/
  66:Core/Src/stm32f1xx_it.c **** /*           Cortex-M3 Processor Interruption and Exception Handlers          */
  67:Core/Src/stm32f1xx_it.c **** /******************************************************************************/
  68:Core/Src/stm32f1xx_it.c **** /**
  69:Core/Src/stm32f1xx_it.c ****   * @brief This function handles Non maskable interrupt.
  70:Core/Src/stm32f1xx_it.c ****   */
  71:Core/Src/stm32f1xx_it.c **** void NMI_Handler(void)
  72:Core/Src/stm32f1xx_it.c **** {
  27              		.loc 1 72 1 view -0
  28              		.cfi_startproc
  29              		@ Volatile: function does not return.
  30              		@ args = 0, pretend = 0, frame = 0
  31              		@ frame_needed = 0, uses_anonymous_args = 0
  32 0000 08B5     		push	{r3, lr}
  33              	.LCFI0:
  34              		.cfi_def_cfa_offset 8
  35              		.cfi_offset 3, -8
  36              		.cfi_offset 14, -4
  73:Core/Src/stm32f1xx_it.c ****   /* USER CODE BEGIN NonMaskableInt_IRQn 0 */
  74:Core/Src/stm32f1xx_it.c **** 
  75:Core/Src/stm32f1xx_it.c ****   /* USER CODE END NonMaskableInt_IRQn 0 */
  76:Core/Src/stm32f1xx_it.c ****   HAL_RCC_NMI_IRQHandler();
  37              		.loc 1 76 3 view .LVU1
  38 0002 FFF7FEFF 		bl	HAL_RCC_NMI_IRQHandler
  39              	.LVL0:
ARM GAS  C:\Users\Admin\AppData\Local\Temp\ccbmud3d.s 			page 3


  40              	.L2:
  77:Core/Src/stm32f1xx_it.c ****   /* USER CODE BEGIN NonMaskableInt_IRQn 1 */
  78:Core/Src/stm32f1xx_it.c ****    while (1)
  41              		.loc 1 78 4 view .LVU2
  79:Core/Src/stm32f1xx_it.c ****   {
  80:Core/Src/stm32f1xx_it.c ****   }
  42              		.loc 1 80 3 view .LVU3
  78:Core/Src/stm32f1xx_it.c ****   {
  43              		.loc 1 78 10 view .LVU4
  44 0006 FEE7     		b	.L2
  45              		.cfi_endproc
  46              	.LFE65:
  48              		.section	.text.HardFault_Handler,"ax",%progbits
  49              		.align	1
  50              		.global	HardFault_Handler
  51              		.syntax unified
  52              		.thumb
  53              		.thumb_func
  55              	HardFault_Handler:
  56              	.LFB66:
  81:Core/Src/stm32f1xx_it.c ****   /* USER CODE END NonMaskableInt_IRQn 1 */
  82:Core/Src/stm32f1xx_it.c **** }
  83:Core/Src/stm32f1xx_it.c **** 
  84:Core/Src/stm32f1xx_it.c **** /**
  85:Core/Src/stm32f1xx_it.c ****   * @brief This function handles Hard fault interrupt.
  86:Core/Src/stm32f1xx_it.c ****   */
  87:Core/Src/stm32f1xx_it.c **** void HardFault_Handler(void)
  88:Core/Src/stm32f1xx_it.c **** {
  57              		.loc 1 88 1 view -0
  58              		.cfi_startproc
  59              		@ Volatile: function does not return.
  60              		@ args = 0, pretend = 0, frame = 0
  61              		@ frame_needed = 0, uses_anonymous_args = 0
  62              		@ link register save eliminated.
  63              	.L5:
  89:Core/Src/stm32f1xx_it.c ****   /* USER CODE BEGIN HardFault_IRQn 0 */
  90:Core/Src/stm32f1xx_it.c **** 
  91:Core/Src/stm32f1xx_it.c ****   /* USER CODE END HardFault_IRQn 0 */
  92:Core/Src/stm32f1xx_it.c ****   while (1)
  64              		.loc 1 92 3 view .LVU6
  93:Core/Src/stm32f1xx_it.c ****   {
  94:Core/Src/stm32f1xx_it.c ****     /* USER CODE BEGIN W1_HardFault_IRQn 0 */
  95:Core/Src/stm32f1xx_it.c ****     /* USER CODE END W1_HardFault_IRQn 0 */
  96:Core/Src/stm32f1xx_it.c ****   }
  65              		.loc 1 96 3 view .LVU7
  92:Core/Src/stm32f1xx_it.c ****   {
  66              		.loc 1 92 9 view .LVU8
  67 0000 FEE7     		b	.L5
  68              		.cfi_endproc
  69              	.LFE66:
  71              		.section	.text.MemManage_Handler,"ax",%progbits
  72              		.align	1
  73              		.global	MemManage_Handler
  74              		.syntax unified
  75              		.thumb
  76              		.thumb_func
  78              	MemManage_Handler:
ARM GAS  C:\Users\Admin\AppData\Local\Temp\ccbmud3d.s 			page 4


  79              	.LFB67:
  97:Core/Src/stm32f1xx_it.c **** }
  98:Core/Src/stm32f1xx_it.c **** 
  99:Core/Src/stm32f1xx_it.c **** /**
 100:Core/Src/stm32f1xx_it.c ****   * @brief This function handles Memory management fault.
 101:Core/Src/stm32f1xx_it.c ****   */
 102:Core/Src/stm32f1xx_it.c **** void MemManage_Handler(void)
 103:Core/Src/stm32f1xx_it.c **** {
  80              		.loc 1 103 1 view -0
  81              		.cfi_startproc
  82              		@ Volatile: function does not return.
  83              		@ args = 0, pretend = 0, frame = 0
  84              		@ frame_needed = 0, uses_anonymous_args = 0
  85              		@ link register save eliminated.
  86              	.L7:
 104:Core/Src/stm32f1xx_it.c ****   /* USER CODE BEGIN MemoryManagement_IRQn 0 */
 105:Core/Src/stm32f1xx_it.c **** 
 106:Core/Src/stm32f1xx_it.c ****   /* USER CODE END MemoryManagement_IRQn 0 */
 107:Core/Src/stm32f1xx_it.c ****   while (1)
  87              		.loc 1 107 3 view .LVU10
 108:Core/Src/stm32f1xx_it.c ****   {
 109:Core/Src/stm32f1xx_it.c ****     /* USER CODE BEGIN W1_MemoryManagement_IRQn 0 */
 110:Core/Src/stm32f1xx_it.c ****     /* USER CODE END W1_MemoryManagement_IRQn 0 */
 111:Core/Src/stm32f1xx_it.c ****   }
  88              		.loc 1 111 3 view .LVU11
 107:Core/Src/stm32f1xx_it.c ****   {
  89              		.loc 1 107 9 view .LVU12
  90 0000 FEE7     		b	.L7
  91              		.cfi_endproc
  92              	.LFE67:
  94              		.section	.text.BusFault_Handler,"ax",%progbits
  95              		.align	1
  96              		.global	BusFault_Handler
  97              		.syntax unified
  98              		.thumb
  99              		.thumb_func
 101              	BusFault_Handler:
 102              	.LFB68:
 112:Core/Src/stm32f1xx_it.c **** }
 113:Core/Src/stm32f1xx_it.c **** 
 114:Core/Src/stm32f1xx_it.c **** /**
 115:Core/Src/stm32f1xx_it.c ****   * @brief This function handles Prefetch fault, memory access fault.
 116:Core/Src/stm32f1xx_it.c ****   */
 117:Core/Src/stm32f1xx_it.c **** void BusFault_Handler(void)
 118:Core/Src/stm32f1xx_it.c **** {
 103              		.loc 1 118 1 view -0
 104              		.cfi_startproc
 105              		@ Volatile: function does not return.
 106              		@ args = 0, pretend = 0, frame = 0
 107              		@ frame_needed = 0, uses_anonymous_args = 0
 108              		@ link register save eliminated.
 109              	.L9:
 119:Core/Src/stm32f1xx_it.c ****   /* USER CODE BEGIN BusFault_IRQn 0 */
 120:Core/Src/stm32f1xx_it.c **** 
 121:Core/Src/stm32f1xx_it.c ****   /* USER CODE END BusFault_IRQn 0 */
 122:Core/Src/stm32f1xx_it.c ****   while (1)
 110              		.loc 1 122 3 view .LVU14
ARM GAS  C:\Users\Admin\AppData\Local\Temp\ccbmud3d.s 			page 5


 123:Core/Src/stm32f1xx_it.c ****   {
 124:Core/Src/stm32f1xx_it.c ****     /* USER CODE BEGIN W1_BusFault_IRQn 0 */
 125:Core/Src/stm32f1xx_it.c ****     /* USER CODE END W1_BusFault_IRQn 0 */
 126:Core/Src/stm32f1xx_it.c ****   }
 111              		.loc 1 126 3 view .LVU15
 122:Core/Src/stm32f1xx_it.c ****   {
 112              		.loc 1 122 9 view .LVU16
 113 0000 FEE7     		b	.L9
 114              		.cfi_endproc
 115              	.LFE68:
 117              		.section	.text.UsageFault_Handler,"ax",%progbits
 118              		.align	1
 119              		.global	UsageFault_Handler
 120              		.syntax unified
 121              		.thumb
 122              		.thumb_func
 124              	UsageFault_Handler:
 125              	.LFB69:
 127:Core/Src/stm32f1xx_it.c **** }
 128:Core/Src/stm32f1xx_it.c **** 
 129:Core/Src/stm32f1xx_it.c **** /**
 130:Core/Src/stm32f1xx_it.c ****   * @brief This function handles Undefined instruction or illegal state.
 131:Core/Src/stm32f1xx_it.c ****   */
 132:Core/Src/stm32f1xx_it.c **** void UsageFault_Handler(void)
 133:Core/Src/stm32f1xx_it.c **** {
 126              		.loc 1 133 1 view -0
 127              		.cfi_startproc
 128              		@ Volatile: function does not return.
 129              		@ args = 0, pretend = 0, frame = 0
 130              		@ frame_needed = 0, uses_anonymous_args = 0
 131              		@ link register save eliminated.
 132              	.L11:
 134:Core/Src/stm32f1xx_it.c ****   /* USER CODE BEGIN UsageFault_IRQn 0 */
 135:Core/Src/stm32f1xx_it.c **** 
 136:Core/Src/stm32f1xx_it.c ****   /* USER CODE END UsageFault_IRQn 0 */
 137:Core/Src/stm32f1xx_it.c ****   while (1)
 133              		.loc 1 137 3 view .LVU18
 138:Core/Src/stm32f1xx_it.c ****   {
 139:Core/Src/stm32f1xx_it.c ****     /* USER CODE BEGIN W1_UsageFault_IRQn 0 */
 140:Core/Src/stm32f1xx_it.c ****     /* USER CODE END W1_UsageFault_IRQn 0 */
 141:Core/Src/stm32f1xx_it.c ****   }
 134              		.loc 1 141 3 view .LVU19
 137:Core/Src/stm32f1xx_it.c ****   {
 135              		.loc 1 137 9 view .LVU20
 136 0000 FEE7     		b	.L11
 137              		.cfi_endproc
 138              	.LFE69:
 140              		.section	.text.SVC_Handler,"ax",%progbits
 141              		.align	1
 142              		.global	SVC_Handler
 143              		.syntax unified
 144              		.thumb
 145              		.thumb_func
 147              	SVC_Handler:
 148              	.LFB70:
 142:Core/Src/stm32f1xx_it.c **** }
 143:Core/Src/stm32f1xx_it.c **** 
ARM GAS  C:\Users\Admin\AppData\Local\Temp\ccbmud3d.s 			page 6


 144:Core/Src/stm32f1xx_it.c **** /**
 145:Core/Src/stm32f1xx_it.c ****   * @brief This function handles System service call via SWI instruction.
 146:Core/Src/stm32f1xx_it.c ****   */
 147:Core/Src/stm32f1xx_it.c **** void SVC_Handler(void)
 148:Core/Src/stm32f1xx_it.c **** {
 149              		.loc 1 148 1 view -0
 150              		.cfi_startproc
 151              		@ args = 0, pretend = 0, frame = 0
 152              		@ frame_needed = 0, uses_anonymous_args = 0
 153              		@ link register save eliminated.
 149:Core/Src/stm32f1xx_it.c ****   /* USER CODE BEGIN SVCall_IRQn 0 */
 150:Core/Src/stm32f1xx_it.c **** 
 151:Core/Src/stm32f1xx_it.c ****   /* USER CODE END SVCall_IRQn 0 */
 152:Core/Src/stm32f1xx_it.c ****   /* USER CODE BEGIN SVCall_IRQn 1 */
 153:Core/Src/stm32f1xx_it.c **** 
 154:Core/Src/stm32f1xx_it.c ****   /* USER CODE END SVCall_IRQn 1 */
 155:Core/Src/stm32f1xx_it.c **** }
 154              		.loc 1 155 1 view .LVU22
 155 0000 7047     		bx	lr
 156              		.cfi_endproc
 157              	.LFE70:
 159              		.section	.text.DebugMon_Handler,"ax",%progbits
 160              		.align	1
 161              		.global	DebugMon_Handler
 162              		.syntax unified
 163              		.thumb
 164              		.thumb_func
 166              	DebugMon_Handler:
 167              	.LFB71:
 156:Core/Src/stm32f1xx_it.c **** 
 157:Core/Src/stm32f1xx_it.c **** /**
 158:Core/Src/stm32f1xx_it.c ****   * @brief This function handles Debug monitor.
 159:Core/Src/stm32f1xx_it.c ****   */
 160:Core/Src/stm32f1xx_it.c **** void DebugMon_Handler(void)
 161:Core/Src/stm32f1xx_it.c **** {
 168              		.loc 1 161 1 view -0
 169              		.cfi_startproc
 170              		@ args = 0, pretend = 0, frame = 0
 171              		@ frame_needed = 0, uses_anonymous_args = 0
 172              		@ link register save eliminated.
 162:Core/Src/stm32f1xx_it.c ****   /* USER CODE BEGIN DebugMonitor_IRQn 0 */
 163:Core/Src/stm32f1xx_it.c **** 
 164:Core/Src/stm32f1xx_it.c ****   /* USER CODE END DebugMonitor_IRQn 0 */
 165:Core/Src/stm32f1xx_it.c ****   /* USER CODE BEGIN DebugMonitor_IRQn 1 */
 166:Core/Src/stm32f1xx_it.c **** 
 167:Core/Src/stm32f1xx_it.c ****   /* USER CODE END DebugMonitor_IRQn 1 */
 168:Core/Src/stm32f1xx_it.c **** }
 173              		.loc 1 168 1 view .LVU24
 174 0000 7047     		bx	lr
 175              		.cfi_endproc
 176              	.LFE71:
 178              		.section	.text.PendSV_Handler,"ax",%progbits
 179              		.align	1
 180              		.global	PendSV_Handler
 181              		.syntax unified
 182              		.thumb
 183              		.thumb_func
ARM GAS  C:\Users\Admin\AppData\Local\Temp\ccbmud3d.s 			page 7


 185              	PendSV_Handler:
 186              	.LFB72:
 169:Core/Src/stm32f1xx_it.c **** 
 170:Core/Src/stm32f1xx_it.c **** /**
 171:Core/Src/stm32f1xx_it.c ****   * @brief This function handles Pendable request for system service.
 172:Core/Src/stm32f1xx_it.c ****   */
 173:Core/Src/stm32f1xx_it.c **** void PendSV_Handler(void)
 174:Core/Src/stm32f1xx_it.c **** {
 187              		.loc 1 174 1 view -0
 188              		.cfi_startproc
 189              		@ args = 0, pretend = 0, frame = 0
 190              		@ frame_needed = 0, uses_anonymous_args = 0
 191              		@ link register save eliminated.
 175:Core/Src/stm32f1xx_it.c ****   /* USER CODE BEGIN PendSV_IRQn 0 */
 176:Core/Src/stm32f1xx_it.c **** 
 177:Core/Src/stm32f1xx_it.c ****   /* USER CODE END PendSV_IRQn 0 */
 178:Core/Src/stm32f1xx_it.c ****   /* USER CODE BEGIN PendSV_IRQn 1 */
 179:Core/Src/stm32f1xx_it.c **** 
 180:Core/Src/stm32f1xx_it.c ****   /* USER CODE END PendSV_IRQn 1 */
 181:Core/Src/stm32f1xx_it.c **** }
 192              		.loc 1 181 1 view .LVU26
 193 0000 7047     		bx	lr
 194              		.cfi_endproc
 195              	.LFE72:
 197              		.section	.text.SysTick_Handler,"ax",%progbits
 198              		.align	1
 199              		.global	SysTick_Handler
 200              		.syntax unified
 201              		.thumb
 202              		.thumb_func
 204              	SysTick_Handler:
 205              	.LFB73:
 182:Core/Src/stm32f1xx_it.c **** 
 183:Core/Src/stm32f1xx_it.c **** /**
 184:Core/Src/stm32f1xx_it.c ****   * @brief This function handles System tick timer.
 185:Core/Src/stm32f1xx_it.c ****   */
 186:Core/Src/stm32f1xx_it.c **** void SysTick_Handler(void)
 187:Core/Src/stm32f1xx_it.c **** {
 206              		.loc 1 187 1 view -0
 207              		.cfi_startproc
 208              		@ args = 0, pretend = 0, frame = 0
 209              		@ frame_needed = 0, uses_anonymous_args = 0
 210 0000 08B5     		push	{r3, lr}
 211              	.LCFI1:
 212              		.cfi_def_cfa_offset 8
 213              		.cfi_offset 3, -8
 214              		.cfi_offset 14, -4
 188:Core/Src/stm32f1xx_it.c ****   /* USER CODE BEGIN SysTick_IRQn 0 */
 189:Core/Src/stm32f1xx_it.c **** 
 190:Core/Src/stm32f1xx_it.c ****   /* USER CODE END SysTick_IRQn 0 */
 191:Core/Src/stm32f1xx_it.c ****   HAL_IncTick();
 215              		.loc 1 191 3 view .LVU28
 216 0002 FFF7FEFF 		bl	HAL_IncTick
 217              	.LVL1:
 192:Core/Src/stm32f1xx_it.c ****   /* USER CODE BEGIN SysTick_IRQn 1 */
 193:Core/Src/stm32f1xx_it.c **** 
 194:Core/Src/stm32f1xx_it.c ****   /* USER CODE END SysTick_IRQn 1 */
ARM GAS  C:\Users\Admin\AppData\Local\Temp\ccbmud3d.s 			page 8


 195:Core/Src/stm32f1xx_it.c **** }
 218              		.loc 1 195 1 is_stmt 0 view .LVU29
 219 0006 08BD     		pop	{r3, pc}
 220              		.cfi_endproc
 221              	.LFE73:
 223              		.section	.text.USB_LP_CAN1_RX0_IRQHandler,"ax",%progbits
 224              		.align	1
 225              		.global	USB_LP_CAN1_RX0_IRQHandler
 226              		.syntax unified
 227              		.thumb
 228              		.thumb_func
 230              	USB_LP_CAN1_RX0_IRQHandler:
 231              	.LFB74:
 196:Core/Src/stm32f1xx_it.c **** 
 197:Core/Src/stm32f1xx_it.c **** /******************************************************************************/
 198:Core/Src/stm32f1xx_it.c **** /* STM32F1xx Peripheral Interrupt Handlers                                    */
 199:Core/Src/stm32f1xx_it.c **** /* Add here the Interrupt Handlers for the used peripherals.                  */
 200:Core/Src/stm32f1xx_it.c **** /* For the available peripheral interrupt handler names,                      */
 201:Core/Src/stm32f1xx_it.c **** /* please refer to the startup file (startup_stm32f1xx.s).                    */
 202:Core/Src/stm32f1xx_it.c **** /******************************************************************************/
 203:Core/Src/stm32f1xx_it.c **** 
 204:Core/Src/stm32f1xx_it.c **** /**
 205:Core/Src/stm32f1xx_it.c ****   * @brief This function handles USB low priority or CAN RX0 interrupts.
 206:Core/Src/stm32f1xx_it.c ****   */
 207:Core/Src/stm32f1xx_it.c **** void USB_LP_CAN1_RX0_IRQHandler(void)
 208:Core/Src/stm32f1xx_it.c **** {
 232              		.loc 1 208 1 is_stmt 1 view -0
 233              		.cfi_startproc
 234              		@ args = 0, pretend = 0, frame = 0
 235              		@ frame_needed = 0, uses_anonymous_args = 0
 236 0000 08B5     		push	{r3, lr}
 237              	.LCFI2:
 238              		.cfi_def_cfa_offset 8
 239              		.cfi_offset 3, -8
 240              		.cfi_offset 14, -4
 209:Core/Src/stm32f1xx_it.c ****   /* USER CODE BEGIN USB_LP_CAN1_RX0_IRQn 0 */
 210:Core/Src/stm32f1xx_it.c **** 
 211:Core/Src/stm32f1xx_it.c ****   /* USER CODE END USB_LP_CAN1_RX0_IRQn 0 */
 212:Core/Src/stm32f1xx_it.c ****   HAL_PCD_IRQHandler(&hpcd_USB_FS);
 241              		.loc 1 212 3 view .LVU31
 242 0002 0248     		ldr	r0, .L19
 243 0004 FFF7FEFF 		bl	HAL_PCD_IRQHandler
 244              	.LVL2:
 213:Core/Src/stm32f1xx_it.c ****   /* USER CODE BEGIN USB_LP_CAN1_RX0_IRQn 1 */
 214:Core/Src/stm32f1xx_it.c **** 
 215:Core/Src/stm32f1xx_it.c ****   /* USER CODE END USB_LP_CAN1_RX0_IRQn 1 */
 216:Core/Src/stm32f1xx_it.c **** }
 245              		.loc 1 216 1 is_stmt 0 view .LVU32
 246 0008 08BD     		pop	{r3, pc}
 247              	.L20:
 248 000a 00BF     		.align	2
 249              	.L19:
 250 000c 00000000 		.word	hpcd_USB_FS
 251              		.cfi_endproc
 252              	.LFE74:
 254              		.section	.text.TIM3_IRQHandler,"ax",%progbits
 255              		.align	1
ARM GAS  C:\Users\Admin\AppData\Local\Temp\ccbmud3d.s 			page 9


 256              		.global	TIM3_IRQHandler
 257              		.syntax unified
 258              		.thumb
 259              		.thumb_func
 261              	TIM3_IRQHandler:
 262              	.LFB75:
 217:Core/Src/stm32f1xx_it.c **** 
 218:Core/Src/stm32f1xx_it.c **** /**
 219:Core/Src/stm32f1xx_it.c ****   * @brief This function handles TIM3 global interrupt.
 220:Core/Src/stm32f1xx_it.c ****   */
 221:Core/Src/stm32f1xx_it.c **** void TIM3_IRQHandler(void)
 222:Core/Src/stm32f1xx_it.c **** {
 263              		.loc 1 222 1 is_stmt 1 view -0
 264              		.cfi_startproc
 265              		@ args = 0, pretend = 0, frame = 0
 266              		@ frame_needed = 0, uses_anonymous_args = 0
 267 0000 08B5     		push	{r3, lr}
 268              	.LCFI3:
 269              		.cfi_def_cfa_offset 8
 270              		.cfi_offset 3, -8
 271              		.cfi_offset 14, -4
 223:Core/Src/stm32f1xx_it.c ****   /* USER CODE BEGIN TIM3_IRQn 0 */
 224:Core/Src/stm32f1xx_it.c **** 
 225:Core/Src/stm32f1xx_it.c ****   /* USER CODE END TIM3_IRQn 0 */
 226:Core/Src/stm32f1xx_it.c ****   HAL_TIM_IRQHandler(&htim3);
 272              		.loc 1 226 3 view .LVU34
 273 0002 0248     		ldr	r0, .L23
 274 0004 FFF7FEFF 		bl	HAL_TIM_IRQHandler
 275              	.LVL3:
 227:Core/Src/stm32f1xx_it.c ****   /* USER CODE BEGIN TIM3_IRQn 1 */
 228:Core/Src/stm32f1xx_it.c **** 
 229:Core/Src/stm32f1xx_it.c ****   /* USER CODE END TIM3_IRQn 1 */
 230:Core/Src/stm32f1xx_it.c **** }
 276              		.loc 1 230 1 is_stmt 0 view .LVU35
 277 0008 08BD     		pop	{r3, pc}
 278              	.L24:
 279 000a 00BF     		.align	2
 280              	.L23:
 281 000c 00000000 		.word	htim3
 282              		.cfi_endproc
 283              	.LFE75:
 285              		.section	.text.TIM4_IRQHandler,"ax",%progbits
 286              		.align	1
 287              		.global	TIM4_IRQHandler
 288              		.syntax unified
 289              		.thumb
 290              		.thumb_func
 292              	TIM4_IRQHandler:
 293              	.LFB76:
 231:Core/Src/stm32f1xx_it.c **** 
 232:Core/Src/stm32f1xx_it.c **** /**
 233:Core/Src/stm32f1xx_it.c ****   * @brief This function handles TIM4 global interrupt.
 234:Core/Src/stm32f1xx_it.c ****   */
 235:Core/Src/stm32f1xx_it.c **** void TIM4_IRQHandler(void)
 236:Core/Src/stm32f1xx_it.c **** {
 294              		.loc 1 236 1 is_stmt 1 view -0
 295              		.cfi_startproc
ARM GAS  C:\Users\Admin\AppData\Local\Temp\ccbmud3d.s 			page 10


 296              		@ args = 0, pretend = 0, frame = 0
 297              		@ frame_needed = 0, uses_anonymous_args = 0
 298 0000 08B5     		push	{r3, lr}
 299              	.LCFI4:
 300              		.cfi_def_cfa_offset 8
 301              		.cfi_offset 3, -8
 302              		.cfi_offset 14, -4
 237:Core/Src/stm32f1xx_it.c ****   /* USER CODE BEGIN TIM4_IRQn 0 */
 238:Core/Src/stm32f1xx_it.c **** 
 239:Core/Src/stm32f1xx_it.c ****   /* USER CODE END TIM4_IRQn 0 */
 240:Core/Src/stm32f1xx_it.c ****   HAL_TIM_IRQHandler(&htim4);
 303              		.loc 1 240 3 view .LVU37
 304 0002 0248     		ldr	r0, .L27
 305 0004 FFF7FEFF 		bl	HAL_TIM_IRQHandler
 306              	.LVL4:
 241:Core/Src/stm32f1xx_it.c ****   /* USER CODE BEGIN TIM4_IRQn 1 */
 242:Core/Src/stm32f1xx_it.c **** 
 243:Core/Src/stm32f1xx_it.c ****   /* USER CODE END TIM4_IRQn 1 */
 244:Core/Src/stm32f1xx_it.c **** }
 307              		.loc 1 244 1 is_stmt 0 view .LVU38
 308 0008 08BD     		pop	{r3, pc}
 309              	.L28:
 310 000a 00BF     		.align	2
 311              	.L27:
 312 000c 00000000 		.word	htim4
 313              		.cfi_endproc
 314              	.LFE76:
 316              		.section	.text.EXTI15_10_IRQHandler,"ax",%progbits
 317              		.align	1
 318              		.global	EXTI15_10_IRQHandler
 319              		.syntax unified
 320              		.thumb
 321              		.thumb_func
 323              	EXTI15_10_IRQHandler:
 324              	.LFB77:
 245:Core/Src/stm32f1xx_it.c **** 
 246:Core/Src/stm32f1xx_it.c **** /**
 247:Core/Src/stm32f1xx_it.c ****   * @brief This function handles EXTI line[15:10] interrupts.
 248:Core/Src/stm32f1xx_it.c ****   */
 249:Core/Src/stm32f1xx_it.c **** void EXTI15_10_IRQHandler(void)
 250:Core/Src/stm32f1xx_it.c **** {
 325              		.loc 1 250 1 is_stmt 1 view -0
 326              		.cfi_startproc
 327              		@ args = 0, pretend = 0, frame = 0
 328              		@ frame_needed = 0, uses_anonymous_args = 0
 329 0000 08B5     		push	{r3, lr}
 330              	.LCFI5:
 331              		.cfi_def_cfa_offset 8
 332              		.cfi_offset 3, -8
 333              		.cfi_offset 14, -4
 251:Core/Src/stm32f1xx_it.c ****   /* USER CODE BEGIN EXTI15_10_IRQn 0 */
 252:Core/Src/stm32f1xx_it.c **** 
 253:Core/Src/stm32f1xx_it.c ****   /* USER CODE END EXTI15_10_IRQn 0 */
 254:Core/Src/stm32f1xx_it.c ****   HAL_GPIO_EXTI_IRQHandler(GPIO_PIN_12);
 334              		.loc 1 254 3 view .LVU40
 335 0002 4FF48050 		mov	r0, #4096
 336 0006 FFF7FEFF 		bl	HAL_GPIO_EXTI_IRQHandler
ARM GAS  C:\Users\Admin\AppData\Local\Temp\ccbmud3d.s 			page 11


 337              	.LVL5:
 255:Core/Src/stm32f1xx_it.c ****   HAL_GPIO_EXTI_IRQHandler(GPIO_PIN_13);
 338              		.loc 1 255 3 view .LVU41
 339 000a 4FF40050 		mov	r0, #8192
 340 000e FFF7FEFF 		bl	HAL_GPIO_EXTI_IRQHandler
 341              	.LVL6:
 256:Core/Src/stm32f1xx_it.c ****   HAL_GPIO_EXTI_IRQHandler(GPIO_PIN_14);
 342              		.loc 1 256 3 view .LVU42
 343 0012 4FF48040 		mov	r0, #16384
 344 0016 FFF7FEFF 		bl	HAL_GPIO_EXTI_IRQHandler
 345              	.LVL7:
 257:Core/Src/stm32f1xx_it.c ****   /* USER CODE BEGIN EXTI15_10_IRQn 1 */
 258:Core/Src/stm32f1xx_it.c **** 
 259:Core/Src/stm32f1xx_it.c ****   /* USER CODE END EXTI15_10_IRQn 1 */
 260:Core/Src/stm32f1xx_it.c **** }
 346              		.loc 1 260 1 is_stmt 0 view .LVU43
 347 001a 08BD     		pop	{r3, pc}
 348              		.cfi_endproc
 349              	.LFE77:
 351              		.text
 352              	.Letext0:
 353              		.file 2 "E:\\STM\\arm-none-eabi\\bin/../lib/gcc/arm-none-eabi/14.3.1/../../../../arm-none-eabi/inc
 354              		.file 3 "E:\\STM\\arm-none-eabi\\bin/../lib/gcc/arm-none-eabi/14.3.1/../../../../arm-none-eabi/inc
 355              		.file 4 "Drivers/CMSIS/Device/ST/STM32F1xx/Include/stm32f103xb.h"
 356              		.file 5 "Drivers/STM32F1xx_HAL_Driver/Inc/stm32f1xx_hal_def.h"
 357              		.file 6 "Drivers/STM32F1xx_HAL_Driver/Inc/stm32f1xx_hal_dma.h"
 358              		.file 7 "Drivers/STM32F1xx_HAL_Driver/Inc/stm32f1xx_hal_tim.h"
 359              		.file 8 "Drivers/STM32F1xx_HAL_Driver/Inc/stm32f1xx_ll_usb.h"
 360              		.file 9 "Drivers/STM32F1xx_HAL_Driver/Inc/stm32f1xx_hal_pcd.h"
 361              		.file 10 "Drivers/STM32F1xx_HAL_Driver/Inc/stm32f1xx_hal_gpio.h"
 362              		.file 11 "Drivers/STM32F1xx_HAL_Driver/Inc/stm32f1xx_hal.h"
 363              		.file 12 "Drivers/STM32F1xx_HAL_Driver/Inc/stm32f1xx_hal_rcc.h"
ARM GAS  C:\Users\Admin\AppData\Local\Temp\ccbmud3d.s 			page 12


DEFINED SYMBOLS
                            *ABS*:00000000 stm32f1xx_it.c
C:\Users\Admin\AppData\Local\Temp\ccbmud3d.s:19     .text.NMI_Handler:00000000 $t
C:\Users\Admin\AppData\Local\Temp\ccbmud3d.s:25     .text.NMI_Handler:00000000 NMI_Handler
C:\Users\Admin\AppData\Local\Temp\ccbmud3d.s:49     .text.HardFault_Handler:00000000 $t
C:\Users\Admin\AppData\Local\Temp\ccbmud3d.s:55     .text.HardFault_Handler:00000000 HardFault_Handler
C:\Users\Admin\AppData\Local\Temp\ccbmud3d.s:72     .text.MemManage_Handler:00000000 $t
C:\Users\Admin\AppData\Local\Temp\ccbmud3d.s:78     .text.MemManage_Handler:00000000 MemManage_Handler
C:\Users\Admin\AppData\Local\Temp\ccbmud3d.s:95     .text.BusFault_Handler:00000000 $t
C:\Users\Admin\AppData\Local\Temp\ccbmud3d.s:101    .text.BusFault_Handler:00000000 BusFault_Handler
C:\Users\Admin\AppData\Local\Temp\ccbmud3d.s:118    .text.UsageFault_Handler:00000000 $t
C:\Users\Admin\AppData\Local\Temp\ccbmud3d.s:124    .text.UsageFault_Handler:00000000 UsageFault_Handler
C:\Users\Admin\AppData\Local\Temp\ccbmud3d.s:141    .text.SVC_Handler:00000000 $t
C:\Users\Admin\AppData\Local\Temp\ccbmud3d.s:147    .text.SVC_Handler:00000000 SVC_Handler
C:\Users\Admin\AppData\Local\Temp\ccbmud3d.s:160    .text.DebugMon_Handler:00000000 $t
C:\Users\Admin\AppData\Local\Temp\ccbmud3d.s:166    .text.DebugMon_Handler:00000000 DebugMon_Handler
C:\Users\Admin\AppData\Local\Temp\ccbmud3d.s:179    .text.PendSV_Handler:00000000 $t
C:\Users\Admin\AppData\Local\Temp\ccbmud3d.s:185    .text.PendSV_Handler:00000000 PendSV_Handler
C:\Users\Admin\AppData\Local\Temp\ccbmud3d.s:198    .text.SysTick_Handler:00000000 $t
C:\Users\Admin\AppData\Local\Temp\ccbmud3d.s:204    .text.SysTick_Handler:00000000 SysTick_Handler
C:\Users\Admin\AppData\Local\Temp\ccbmud3d.s:224    .text.USB_LP_CAN1_RX0_IRQHandler:00000000 $t
C:\Users\Admin\AppData\Local\Temp\ccbmud3d.s:230    .text.USB_LP_CAN1_RX0_IRQHandler:00000000 USB_LP_CAN1_RX0_IRQHandler
C:\Users\Admin\AppData\Local\Temp\ccbmud3d.s:250    .text.USB_LP_CAN1_RX0_IRQHandler:0000000c $d
C:\Users\Admin\AppData\Local\Temp\ccbmud3d.s:255    .text.TIM3_IRQHandler:00000000 $t
C:\Users\Admin\AppData\Local\Temp\ccbmud3d.s:261    .text.TIM3_IRQHandler:00000000 TIM3_IRQHandler
C:\Users\Admin\AppData\Local\Temp\ccbmud3d.s:281    .text.TIM3_IRQHandler:0000000c $d
C:\Users\Admin\AppData\Local\Temp\ccbmud3d.s:286    .text.TIM4_IRQHandler:00000000 $t
C:\Users\Admin\AppData\Local\Temp\ccbmud3d.s:292    .text.TIM4_IRQHandler:00000000 TIM4_IRQHandler
C:\Users\Admin\AppData\Local\Temp\ccbmud3d.s:312    .text.TIM4_IRQHandler:0000000c $d
C:\Users\Admin\AppData\Local\Temp\ccbmud3d.s:317    .text.EXTI15_10_IRQHandler:00000000 $t
C:\Users\Admin\AppData\Local\Temp\ccbmud3d.s:323    .text.EXTI15_10_IRQHandler:00000000 EXTI15_10_IRQHandler

UNDEFINED SYMBOLS
HAL_RCC_NMI_IRQHandler
HAL_IncTick
HAL_PCD_IRQHandler
hpcd_USB_FS
HAL_TIM_IRQHandler
htim3
htim4
HAL_GPIO_EXTI_IRQHandler
