Archive member included to satisfy reference by file (symbol)

E:/STM/STM32CubeIDE_2.1.1/STM32CubeIDE/plugins/com.st.stm32cube.ide.mcu.externaltools.gnu-tools-for-stm32.14.3.rel1.win32_1.0.100.202602081740/tools/bin/../lib/gcc/arm-none-eabi/14.3.1/../../../../arm-none-eabi/lib/thumb/v7-m/nofp\libc_nano.a(libc_a-exit.o)
                              E:/STM/STM32CubeIDE_2.1.1/STM32CubeIDE/plugins/com.st.stm32cube.ide.mcu.externaltools.gnu-tools-for-stm32.14.3.rel1.win32_1.0.100.202602081740/tools/bin/../lib/gcc/arm-none-eabi/14.3.1/../../../../arm-none-eabi/lib/thumb/v7-m/nofp/crt0.o (exit)
E:/STM/STM32CubeIDE_2.1.1/STM32CubeIDE/plugins/com.st.stm32cube.ide.mcu.externaltools.gnu-tools-for-stm32.14.3.rel1.win32_1.0.100.202602081740/tools/bin/../lib/gcc/arm-none-eabi/14.3.1/../../../../arm-none-eabi/lib/thumb/v7-m/nofp\libc_nano.a(libc_a-findfp.o)
                              E:/STM/STM32CubeIDE_2.1.1/STM32CubeIDE/plugins/com.st.stm32cube.ide.mcu.externaltools.gnu-tools-for-stm32.14.3.rel1.win32_1.0.100.202602081740/tools/bin/../lib/gcc/arm-none-eabi/14.3.1/../../../../arm-none-eabi/lib/thumb/v7-m/nofp\libc_nano.a(libc_a-exit.o) (__stdio_exit_handler)
E:/STM/STM32CubeIDE_2.1.1/STM32CubeIDE/plugins/com.st.stm32cube.ide.mcu.externaltools.gnu-tools-for-stm32.14.3.rel1.win32_1.0.100.202602081740/tools/bin/../lib/gcc/arm-none-eabi/14.3.1/../../../../arm-none-eabi/lib/thumb/v7-m/nofp\libc_nano.a(libc_a-fwalk.o)
                              E:/STM/STM32CubeIDE_2.1.1/STM32CubeIDE/plugins/com.st.stm32cube.ide.mcu.externaltools.gnu-tools-for-stm32.14.3.rel1.win32_1.0.100.202602081740/tools/bin/../lib/gcc/arm-none-eabi/14.3.1/../../../../arm-none-eabi/lib/thumb/v7-m/nofp\libc_nano.a(libc_a-findfp.o) (_fwalk_sglue)
E:/STM/STM32CubeIDE_2.1.1/STM32CubeIDE/plugins/com.st.stm32cube.ide.mcu.externaltools.gnu-tools-for-stm32.14.3.rel1.win32_1.0.100.202602081740/tools/bin/../lib/gcc/arm-none-eabi/14.3.1/../../../../arm-none-eabi/lib/thumb/v7-m/nofp\libc_nano.a(libc_a-sprintf.o)
                              ./Core/Src/main.o (sprintf)
E:/STM/STM32CubeIDE_2.1.1/STM32CubeIDE/plugins/com.st.stm32cube.ide.mcu.externaltools.gnu-tools-for-stm32.14.3.rel1.win32_1.0.100.202602081740/tools/bin/../lib/gcc/arm-none-eabi/14.3.1/../../../../arm-none-eabi/lib/thumb/v7-m/nofp\libc_nano.a(libc_a-stdio.o)
                              E:/STM/STM32CubeIDE_2.1.1/STM32CubeIDE/plugins/com.st.stm32cube.ide.mcu.externaltools.gnu-tools-for-stm32.14.3.rel1.win32_1.0.100.202602081740/tools/bin/../lib/gcc/arm-none-eabi/14.3.1/../../../../arm-none-eabi/lib/thumb/v7-m/nofp\libc_nano.a(libc_a-findfp.o) (__sread)
E:/STM/STM32CubeIDE_2.1.1/STM32CubeIDE/plugins/com.st.stm32cube.ide.mcu.externaltools.gnu-tools-for-stm32.14.3.rel1.win32_1.0.100.202602081740/tools/bin/../lib/gcc/arm-none-eabi/14.3.1/../../../../arm-none-eabi/lib/thumb/v7-m/nofp\libc_nano.a(libc_a-memset.o)
                              E:/STM/STM32CubeIDE_2.1.1/STM32CubeIDE/plugins/com.st.stm32cube.ide.mcu.externaltools.gnu-tools-for-stm32.14.3.rel1.win32_1.0.100.202602081740/tools/bin/../lib/gcc/arm-none-eabi/14.3.1/../../../../arm-none-eabi/lib/thumb/v7-m/nofp/crt0.o (memset)
E:/STM/STM32CubeIDE_2.1.1/STM32CubeIDE/plugins/com.st.stm32cube.ide.mcu.externaltools.gnu-tools-for-stm32.14.3.rel1.win32_1.0.100.202602081740/tools/bin/../lib/gcc/arm-none-eabi/14.3.1/../../../../arm-none-eabi/lib/thumb/v7-m/nofp\libc_nano.a(libc_a-closer.o)
                              E:/STM/STM32CubeIDE_2.1.1/STM32CubeIDE/plugins/com.st.stm32cube.ide.mcu.externaltools.gnu-tools-for-stm32.14.3.rel1.win32_1.0.100.202602081740/tools/bin/../lib/gcc/arm-none-eabi/14.3.1/../../../../arm-none-eabi/lib/thumb/v7-m/nofp\libc_nano.a(libc_a-stdio.o) (_close_r)
E:/STM/STM32CubeIDE_2.1.1/STM32CubeIDE/plugins/com.st.stm32cube.ide.mcu.externaltools.gnu-tools-for-stm32.14.3.rel1.win32_1.0.100.202602081740/tools/bin/../lib/gcc/arm-none-eabi/14.3.1/../../../../arm-none-eabi/lib/thumb/v7-m/nofp\libc_nano.a(libc_a-reent.o)
                              E:/STM/STM32CubeIDE_2.1.1/STM32CubeIDE/plugins/com.st.stm32cube.ide.mcu.externaltools.gnu-tools-for-stm32.14.3.rel1.win32_1.0.100.202602081740/tools/bin/../lib/gcc/arm-none-eabi/14.3.1/../../../../arm-none-eabi/lib/thumb/v7-m/nofp\libc_nano.a(libc_a-closer.o) (errno)
E:/STM/STM32CubeIDE_2.1.1/STM32CubeIDE/plugins/com.st.stm32cube.ide.mcu.externaltools.gnu-tools-for-stm32.14.3.rel1.win32_1.0.100.202602081740/tools/bin/../lib/gcc/arm-none-eabi/14.3.1/../../../../arm-none-eabi/lib/thumb/v7-m/nofp\libc_nano.a(libc_a-impure.o)
                              E:/STM/STM32CubeIDE_2.1.1/STM32CubeIDE/plugins/com.st.stm32cube.ide.mcu.externaltools.gnu-tools-for-stm32.14.3.rel1.win32_1.0.100.202602081740/tools/bin/../lib/gcc/arm-none-eabi/14.3.1/../../../../arm-none-eabi/lib/thumb/v7-m/nofp\libc_nano.a(libc_a-sprintf.o) (_impure_ptr)
[...]
Memory Configuration

Name             Origin             Length             Attributes
RAM              0x20000000         0x00005000         xrw
FLASH            0x08000000         0x00010000         xr
*default*        0x00000000         0xffffffff

Linker script and memory map

LOAD E:/STM/STM32CubeIDE_2.1.1/STM32CubeIDE/plugins/com.st.stm32cube.ide.mcu.externaltools.gnu-tools-for-stm32.14.3.rel1.win32_1.0.100.202602081740/tools/bin/../lib/gcc/arm-none-eabi/14.3.1/thumb/v7-m/nofp/crti.o
LOAD E:/STM/STM32CubeIDE_2.1.1/STM32CubeIDE/plugins/com.st.stm32cube.ide.mcu.externaltools.gnu-tools-for-stm32.14.3.rel1.win32_1.0.100.202602081740/tools/bin/../lib/gcc/arm-none-eabi/14.3.1/thumb/v7-m/nofp/crtbegin.o
LOAD E:/STM/STM32CubeIDE_2.1.1/STM32CubeIDE/plugins/com.st.stm32cube.ide.mcu.externaltools.gnu-tools-for-stm32.14.3.rel1.win32_1.0.100.202602081740/tools/bin/../lib/gcc/arm-none-eabi/14.3.1/../../../../arm-none-eabi/lib/thumb/v7-m/nofp/crt0.o
LOAD ./Core/Src/main.o
LOAD ./Core/Src/ssd1306.o
LOAD ./Core/Src/ssd1306_fonts.o
LOAD ./Core/Src/stm32f1xx_hal_msp.o
LOAD ./Core/Src/stm32f1xx_it.o
LOAD ./Core/Src/syscalls.o
LOAD ./Core/Src/sysmem.o
LOAD ./Core/Src/system_stm32f1xx.o
LOAD ./Core/Startup/startup_stm32f103c8tx.o
LOAD ./Drivers/STM32F1xx_HAL_Driver/Src/stm32f1xx_hal.o
LOAD ./Drivers/STM32F1xx_HAL_Driver/Src/stm32f1xx_hal_cortex.o
LOAD ./Drivers/STM32F1xx_HAL_Driver/Src/stm32f1xx_hal_dma.o
LOAD ./Drivers/STM32F1xx_HAL_Driver/Src/stm32f1xx_hal_exti.o
LOAD ./Drivers/STM32F1xx_HAL_Driver/Src/stm32f1xx_hal_flash.o
LOAD ./Drivers/STM32F1xx_HAL_Driver/Src/stm32f1xx_hal_flash_ex.o
LOAD ./Drivers/STM32F1xx_HAL_Driver/Src/stm32f1xx_hal_gpio.o
LOAD ./Drivers/STM32F1xx_HAL_Driver/Src/stm32f1xx_hal_gpio_ex.o
LOAD ./Drivers/STM32F1xx_HAL_Driver/Src/stm32f1xx_hal_i2c.o
LOAD ./Drivers/STM32F1xx_HAL_Driver/Src/stm32f1xx_hal_pcd.o
LOAD ./Drivers/STM32F1xx_HAL_Driver/Src/stm32f1xx_hal_pcd_ex.o
LOAD ./Drivers/STM32F1xx_HAL_Driver/Src/stm32f1xx_hal_pwr.o
LOAD ./Drivers/STM32F1xx_HAL_Driver/Src/stm32f1xx_hal_rcc.o
LOAD ./Drivers/STM32F1xx_HAL_Driver/Src/stm32f1xx_hal_rcc_ex.o
LOAD ./Drivers/STM32F1xx_HAL_Driver/Src/stm32f1xx_hal_tim.o
LOAD ./Drivers/STM32F1xx_HAL_Driver/Src/stm32f1xx_hal_tim_ex.o
LOAD ./Drivers/STM32F1xx_HAL_Driver/Src/stm32f1xx_ll_usb.o
LOAD ./Middlewares/ST/STM32_USB_Device_Library/Class/CDC/Src/usbd_cdc.o
LOAD ./Middlewares/ST/STM32_USB_Device_Library/Core/Src/usbd_core.o
LOAD ./Middlewares/ST/STM32_USB_Device_Library/Core/Src/usbd_ctlreq.o
LOAD ./Middlewares/ST/STM32_USB_Device_Library/Core/Src/usbd_ioreq.o
LOAD ./USB_DEVICE/App/usb_device.o
LOAD ./USB_DEVICE/App/usbd_cdc_if.o
LOAD ./USB_DEVICE/App/usbd_desc.o
LOAD ./USB_DEVICE/Target/usbd_conf.o
START GROUP
LOAD E:/STM/STM32CubeIDE_2.1.1/STM32CubeIDE/plugins/com.st.stm32cube.ide.mcu.externaltools.gnu-tools-for-stm32.14.3.rel1.win32_1.0.100.202602081740/tools/bin/../lib/gcc/arm-none-eabi/14.3.1/../../../../arm-none-eabi/lib/thumb/v7-m/nofp\libc_nano.a
LOAD E:/STM/STM32CubeIDE_2.1.1/STM32CubeIDE/plugins/com.st.stm32cube.ide.mcu.externaltools.gnu-tools-for-stm32.14.3.rel1.win32_1.0.100.202602081740/tools/bin/../lib/gcc/arm-none-eabi/14.3.1/../../../../arm-none-eabi/lib/thumb/v7-m/nofp\libm.a
END GROUP
START GROUP
LOAD E:/STM/STM32CubeIDE_2.1.1/STM32CubeIDE/plugins/com.st.stm32cube.ide.mcu.externaltools.gnu-tools-for-stm32.14.3.rel1.win32_1.0.100.202602081740/tools/bin/../lib/gcc/arm-none-eabi/14.3.1/thumb/v7-m/nofp\libgcc.a
LOAD E:/STM/STM32CubeIDE_2.1.1/STM32CubeIDE/plugins/com.st.stm32cube.ide.mcu.externaltools.gnu-tools-for-stm32.14.3.rel1.win32_1.0.100.202602081740/tools/bin/../lib/gcc/arm-none-eabi/14.3.1/../../../../arm-none-eabi/lib/thumb/v7-m/nofp\libc_nano.a
END GROUP
START GROUP
LOAD E:/STM/STM32CubeIDE_2.1.1/STM32CubeIDE/plugins/com.st.stm32cube.ide.mcu.externaltools.gnu-tools-for-stm32.14.3.rel1.win32_1.0.100.202602081740/tools/bin/../lib/gcc/arm-none-eabi/14.3.1/thumb/v7-m/nofp\libgcc.a
LOAD E:/STM/STM32CubeIDE_2.1.1/STM32CubeIDE/plugins/com.st.stm32cube.ide.mcu.externaltools.gnu-tools-for-stm32.14.3.rel1.win32_1.0.100.202602081740/tools/bin/../lib/gcc/arm-none-eabi/14.3.1/../../../../arm-none-eabi/lib/thumb/v7-m/nofp\libc_nano.a
LOAD E:/STM/STM32CubeIDE_2.1.1/STM32CubeIDE/plugins/com.st.stm32cube.ide.mcu.externaltools.gnu-tools-for-stm32.14.3.rel1.win32_1.0.100.202602081740/tools/bin/../lib/gcc/arm-none-eabi/14.3.1/../../../../arm-none-eabi/lib/thumb/v7-m/nofp\libnosys.a
END GROUP
START GROUP
LOAD E:/STM/STM32CubeIDE_2.1.1/STM32CubeIDE/plugins/com.st.stm32cube.ide.mcu.externaltools.gnu-tools-for-stm32.14.3.rel1.win32_1.0.100.202602081740/tools/bin/../lib/gcc/arm-none-eabi/14.3.1/thumb/v7-m/nofp\libgcc.a
LOAD E:/STM/STM32CubeIDE_2.1.1/STM32CubeIDE/plugins/com.st.stm32cube.ide.mcu.externaltools.gnu-tools-for-stm32.14.3.rel1.win32_1.0.100.202602081740/tools/bin/../lib/gcc/arm-none-eabi/14.3.1/../../../../arm-none-eabi/lib/thumb/v7-m/nofp\libc_nano.a
LOAD E:/STM/STM32CubeIDE_2.1.1/STM32CubeIDE/plugins/com.st.stm32cube.ide.mcu.externaltools.gnu-tools-for-stm32.14.3.rel1.win32_1.0.100.202602081740/tools/bin/../lib/gcc/arm-none-eabi/14.3.1/../../../../arm-none-eabi/lib/thumb/v7-m/nofp\libnosys.a
END GROUP
LOAD E:/STM/STM32CubeIDE_2.1.1/STM32CubeIDE/plugins/com.st.stm32cube.ide.mcu.externaltools.gnu-tools-for-stm32.14.3.rel1.win32_1.0.100.202602081740/tools/bin/../lib/gcc/arm-none-eabi/14.3.1/thumb/v7-m/nofp/crtend.o
LOAD E:/STM/STM32CubeIDE_2.1.1/STM32CubeIDE/plugins/com.st.stm32cube.ide.mcu.externaltools.gnu-tools-for-stm32.14.3.rel1.win32_1.0.100.202602081740/tools/bin/../lib/gcc/arm-none-eabi/14.3.1/thumb/v7-m/nofp/crtn.o
                0x20005000                        _estack = (ORIGIN (RAM) + LENGTH (RAM))
                0x00000200                        _Min_Heap_Size = 0x200
                0x00000400                        _Min_Stack_Size = 0x400

.isr_vector     0x08000000      0x10c
                0x08000000                        . = ALIGN (0x4)
 *(.isr_vector)
 .isr_vector    0x08000000      0x10c ./Core/Startup/startup_stm32f103c8tx.o
                0x08000000                g_pfnVectors
                0x0800010c                        . = ALIGN (0x4)

.text           0x0800010c     0xa054
                0x0800010c                        . = ALIGN (0x4)
 *(.text)
 .text          0x0800010c       0x40 E:/STM/STM32CubeIDE_2.1.1/STM32CubeIDE/plugins/com.st.stm32cube.ide.mcu.externaltools.gnu-tools-for-stm32.14.3.rel1.win32_1.0.100.202602081740/tools/bin/../lib/gcc/arm-none-eabi/14.3.1/thumb/v7-m/nofp/crtbegin.o
 .text          0x0800014c       0x14 E:/STM/STM32CubeIDE_2.1.1/STM32CubeIDE/plugins/com.st.stm32cube.ide.mcu.externaltools.gnu-tools-for-stm32.14.3.rel1.win32_1.0.100.202602081740/tools/bin/../lib/gcc/arm-none-eabi/14.3.1/../../../../arm-none-eabi/lib/thumb/v7-m/nofp\libc_nano.a(libc_a-strcmp.o)
                0x0800014c                strcmp
 .text          0x08000160       0x10 E:/STM/STM32CubeIDE_2.1.1/STM32CubeIDE/plugins/com.st.stm32cube.ide.mcu.externaltools.gnu-tools-for-stm32.14.3.rel1.win32_1.0.100.202602081740/tools/bin/../lib/gcc/arm-none-eabi/14.3.1/../../../../arm-none-eabi/lib/thumb/v7-m/nofp\libc_nano.a(libc_a-strlen.o)
                0x08000160                strlen
 *(.text*)
 .text.SendToPC
                0x08000170       0x22 ./Core/Src/main.o
                0x08000170                SendToPC
 *fill*         0x08000192        0x2 
 .text.ProcessUSBCommand
                0x08000194       0xf4 ./Core/Src/main.o
                0x08000194                ProcessUSBCommand
 .text.main     0x08000288       0x98 ./Core/Src/main.o
                0x08000288                main
 .text.SystemClock_Config
                0x08000320       0xb8 ./Core/Src/main.o
                0x08000320                SystemClock_Config
 .text.MX_I2C1_Init
                0x080003d8       0x5c ./Core/Src/main.o
 .text.MX_TIM3_Init
                0x08000434       0x98 ./Core/Src/main.o
 .text.MX_TIM4_Init
                0x080004cc       0xcc ./Core/Src/main.o
 .text.MX_GPIO_Init
                0x08000598      0x110 ./Core/Src/main.o
 .text.Error_Handler
                0x080006a8        0xc ./Core/Src/main.o
                0x080006a8                Error_Handler
 .text.ssd1306_Reset
                0x080006b4        0xc ./Core/Src/ssd1306.o
                0x080006b4                ssd1306_Reset
 .text.ssd1306_WriteCommand
                0x080006c0       0x30 ./Core/Src/ssd1306.o
                0x080006c0                ssd1306_WriteCommand
 .text.ssd1306_WriteData
                0x080006f0       0x34 ./Core/Src/ssd1306.o
                0x080006f0                ssd1306_WriteData
 .text.ssd1306_Init
                0x08000724       0xd4 ./Core/Src/ssd1306.o
                0x08000724                ssd1306_Init
 .text.ssd1306_Fill
                0x080007f8       0x30 ./Core/Src/ssd1306.o
                0x080007f8                ssd1306_Fill
 .text.ssd1306_UpdateScreen
                0x08000828       0x50 ./Core/Src/ssd1306.o
                0x08000828                ssd1306_UpdateScreen
 .text.ssd1306_DrawPixel
                0x08000878       0xa4 ./Core/Src/ssd1306.o
                0x08000878                ssd1306_DrawPixel
 .text.ssd1306_WriteChar
                0x0800091c      0x124 ./Core/Src/ssd1306.o
                0x0800091c                ssd1306_WriteChar
 .text.ssd1306_WriteString
                0x08000a40       0x4c ./Core/Src/ssd1306.o
                0x08000a40                ssd1306_WriteString
 .text.ssd1306_SetCursor
                0x08000a8c       0x30 ./Core/Src/ssd1306.o
                0x08000a8c                ssd1306_SetCursor
 .text.ssd1306_SetContrast
                0x08000abc       0x26 ./Core/Src/ssd1306.o
                0x08000abc                ssd1306_SetContrast
 *fill*         0x08000ae2        0x2 
 .text.ssd1306_SetDisplayOn
                0x08000ae4       0x3c ./Core/Src/ssd1306.o
                0x08000ae4                ssd1306_SetDisplayOn
 .text.HAL_MspInit
                0x08000b20       0x64 ./Core/Src/stm32f1xx_hal_msp.o
                0x08000b20                HAL_MspInit
 .text.HAL_I2C_MspInit
                0x08000b84       0xa0 ./Core/Src/stm32f1xx_hal_msp.o
                0x08000b84                HAL_I2C_MspInit
 .text.HAL_TIM_Base_MspInit
                0x08000c24       0x4c ./Core/Src/stm32f1xx_hal_msp.o
                0x08000c24                HAL_TIM_Base_MspInit
 .text.HAL_TIM_PWM_MspInit
                0x08000c70       0x4c ./Core/Src/stm32f1xx_hal_msp.o
                0x08000c70                HAL_TIM_PWM_MspInit
 .text.HAL_TIM_MspPostInit
                0x08000cbc       0x64 ./Core/Src/stm32f1xx_hal_msp.o
                0x08000cbc                HAL_TIM_MspPostInit
 .text.NMI_Handler
                0x08000d20        0xc ./Core/Src/stm32f1xx_it.o
                0x08000d20                NMI_Handler
 .text.HardFault_Handler
                0x08000d2c        0x8 ./Core/Src/stm32f1xx_it.o
                0x08000d2c                HardFault_Handler
 .text.MemManage_Handler
                0x08000d34        0x8 ./Core/Src/stm32f1xx_it.o
                0x08000d34                MemManage_Handler
 .text.BusFault_Handler
                0x08000d3c        0x8 ./Core/Src/stm32f1xx_it.o
                0x08000d3c                BusFault_Handler
 .text.UsageFault_Handler
                0x08000d44        0x8 ./Core/Src/stm32f1xx_it.o
                0x08000d44                UsageFault_Handler
 .text.SVC_Handler
                0x08000d4c        0xc ./Core/Src/stm32f1xx_it.o
                0x08000d4c                SVC_Handler
 .text.DebugMon_Handler
                0x08000d58        0xc ./Core/Src/stm32f1xx_it.o
                0x08000d58                DebugMon_Handler
 .text.PendSV_Handler
                0x08000d64        0xc ./Core/Src/stm32f1xx_it.o
                0x08000d64                PendSV_Handler
 .text.SysTick_Handler
                0x08000d70        0xc ./Core/Src/stm32f1xx_it.o
                0x08000d70                SysTick_Handler
 .text.USB_LP_CAN1_RX0_IRQHandler
                0x08000d7c       0x14 ./Core/Src/stm32f1xx_it.o
                0x08000d7c                USB_LP_CAN1_RX0_IRQHandler
 .text.TIM3_IRQHandler
                0x08000d90       0x14 ./Core/Src/stm32f1xx_it.o
                0x08000d90                TIM3_IRQHandler
 .text.TIM4_IRQHandler
                0x08000da4       0x14 ./Core/Src/stm32f1xx_it.o
                0x08000da4                TIM4_IRQHandler
 .text.EXTI15_10_IRQHandler
                0x08000db8       0x20 ./Core/Src/stm32f1xx_it.o
                0x08000db8                EXTI15_10_IRQHandler
 .text._sbrk    0x08000dd8       0x6c ./Core/Src/sysmem.o
                0x08000dd8                _sbrk
 .text.SystemInit
                0x08000e44        0xc ./Core/Src/system_stm32f1xx.o
                0x08000e44                SystemInit
 .text.Reset_Handler
                0x08000e50       0x48 ./Core/Startup/startup_stm32f103c8tx.o
                0x08000e50                Reset_Handler
 .text.Default_Handler
                0x08000e98        0x2 ./Core/Startup/startup_stm32f103c8tx.o
                0x08000e98                RTC_Alarm_IRQHandler
                0x08000e98                EXTI2_IRQHandler
                0x08000e98                TIM1_CC_IRQHandler
                0x08000e98                PVD_IRQHandler
                0x08000e98                EXTI3_IRQHandler
                0x08000e98                EXTI0_IRQHandler
                0x08000e98                I2C2_EV_IRQHandler
                0x08000e98                ADC1_2_IRQHandler
                0x08000e98                SPI1_IRQHandler
                0x08000e98                TAMPER_IRQHandler
                0x08000e98                DMA1_Channel4_IRQHandler
                0x08000e98                USART3_IRQHandler
                0x08000e98                RTC_IRQHandler
                0x08000e98                DMA1_Channel7_IRQHandler
                0x08000e98                CAN1_RX1_IRQHandler
                0x08000e98                I2C1_EV_IRQHandler
                0x08000e98                DMA1_Channel6_IRQHandler
                0x08000e98                RCC_IRQHandler
                0x08000e98                TIM1_TRG_COM_IRQHandler
                0x08000e98                DMA1_Channel1_IRQHandler
                0x08000e98                Default_Handler
                0x08000e98                EXTI9_5_IRQHandler
                0x08000e98                SPI2_IRQHandler
                0x08000e98                DMA1_Channel5_IRQHandler
                0x08000e98                EXTI4_IRQHandler
                0x08000e98                USB_HP_CAN1_TX_IRQHandler
                0x08000e98                DMA1_Channel3_IRQHandler
                0x08000e98                TIM1_UP_IRQHandler
                0x08000e98                WWDG_IRQHandler
                0x08000e98                TIM2_IRQHandler
                0x08000e98                TIM1_BRK_IRQHandler
                0x08000e98                EXTI1_IRQHandler
                0x08000e98                USART2_IRQHandler
                0x08000e98                I2C2_ER_IRQHandler
                0x08000e98                DMA1_Channel2_IRQHandler
                0x08000e98                CAN1_SCE_IRQHandler
                0x08000e98                FLASH_IRQHandler
                0x08000e98                USART1_IRQHandler
                0x08000e98                I2C1_ER_IRQHandler
                0x08000e98                USBWakeUp_IRQHandler
 *fill*         0x08000e9a        0x2 
 .text.HAL_Init
                0x08000e9c       0x2c ./Drivers/STM32F1xx_HAL_Driver/Src/stm32f1xx_hal.o
                0x08000e9c                HAL_Init
 .text.HAL_InitTick
                0x08000ec8       0x60 ./Drivers/STM32F1xx_HAL_Driver/Src/stm32f1xx_hal.o
                0x08000ec8                HAL_InitTick
 .text.HAL_IncTick
                0x08000f28       0x24 ./Drivers/STM32F1xx_HAL_Driver/Src/stm32f1xx_hal.o
                0x08000f28                HAL_IncTick
 .text.HAL_GetTick
                0x08000f4c       0x14 ./Drivers/STM32F1xx_HAL_Driver/Src/stm32f1xx_hal.o
                0x08000f4c                HAL_GetTick
 .text.HAL_Delay
                0x08000f60       0x48 ./Drivers/STM32F1xx_HAL_Driver/Src/stm32f1xx_hal.o
                0x08000f60                HAL_Delay
 .text.__NVIC_SetPriorityGrouping
                0x08000fa8       0x48 ./Drivers/STM32F1xx_HAL_Driver/Src/stm32f1xx_hal_cortex.o
 .text.__NVIC_GetPriorityGrouping
                0x08000ff0       0x1c ./Drivers/STM32F1xx_HAL_Driver/Src/stm32f1xx_hal_cortex.o
 .text.__NVIC_EnableIRQ
                0x0800100c       0x38 ./Drivers/STM32F1xx_HAL_Driver/Src/stm32f1xx_hal_cortex.o
 .text.__NVIC_SetPriority
                0x08001044       0x54 ./Drivers/STM32F1xx_HAL_Driver/Src/stm32f1xx_hal_cortex.o
 .text.NVIC_EncodePriority
                0x08001098       0x64 ./Drivers/STM32F1xx_HAL_Driver/Src/stm32f1xx_hal_cortex.o
 .text.SysTick_Config
                0x080010fc       0x44 ./Drivers/STM32F1xx_HAL_Driver/Src/stm32f1xx_hal_cortex.o
 .text.HAL_NVIC_SetPriorityGrouping
                0x08001140       0x16 ./Drivers/STM32F1xx_HAL_Driver/Src/stm32f1xx_hal_cortex.o
                0x08001140                HAL_NVIC_SetPriorityGrouping
 .text.HAL_NVIC_SetPriority
                0x08001156       0x38 ./Drivers/STM32F1xx_HAL_Driver/Src/stm32f1xx_hal_cortex.o
                0x08001156                HAL_NVIC_SetPriority
 .text.HAL_NVIC_EnableIRQ
                0x0800118e       0x1c ./Drivers/STM32F1xx_HAL_Driver/Src/stm32f1xx_hal_cortex.o
                0x0800118e                HAL_NVIC_EnableIRQ
 .text.HAL_SYSTICK_Config
                0x080011aa       0x18 ./Drivers/STM32F1xx_HAL_Driver/Src/stm32f1xx_hal_cortex.o
                0x080011aa                HAL_SYSTICK_Config
 *fill*         0x080011c2        0x2 
 .text.HAL_GPIO_Init
                0x080011c4      0x308 ./Drivers/STM32F1xx_HAL_Driver/Src/stm32f1xx_hal_gpio.o
                0x080011c4                HAL_GPIO_Init
 .text.HAL_GPIO_WritePin
                0x080014cc       0x30 ./Drivers/STM32F1xx_HAL_Driver/Src/stm32f1xx_hal_gpio.o
                0x080014cc                HAL_GPIO_WritePin
 .text.HAL_GPIO_EXTI_IRQHandler
                0x080014fc       0x30 ./Drivers/STM32F1xx_HAL_Driver/Src/stm32f1xx_hal_gpio.o
                0x080014fc                HAL_GPIO_EXTI_IRQHandler
 .text.HAL_GPIO_EXTI_Callback
                0x0800152c       0x14 ./Drivers/STM32F1xx_HAL_Driver/Src/stm32f1xx_hal_gpio.o
                0x0800152c                HAL_GPIO_EXTI_Callback
 .text.HAL_I2C_Init
                0x08001540      0x288 ./Drivers/STM32F1xx_HAL_Driver/Src/stm32f1xx_hal_i2c.o
                0x08001540                HAL_I2C_Init
 .text.HAL_I2C_Mem_Write
                0x080017c8      0x1f4 ./Drivers/STM32F1xx_HAL_Driver/Src/stm32f1xx_hal_i2c.o
                0x080017c8                HAL_I2C_Mem_Write
 .text.I2C_RequestMemoryWrite
                0x080019bc      0x12c ./Drivers/STM32F1xx_HAL_Driver/Src/stm32f1xx_hal_i2c.o
 .text.I2C_WaitOnFlagUntilTimeout
                0x08001ae8       0xf4 ./Drivers/STM32F1xx_HAL_Driver/Src/stm32f1xx_hal_i2c.o
 .text.I2C_WaitOnMasterAddressFlagUntilTimeout
                0x08001bdc      0x140 ./Drivers/STM32F1xx_HAL_Driver/Src/stm32f1xx_hal_i2c.o
 .text.I2C_WaitOnTXEFlagUntilTimeout
                0x08001d1c       0x90 ./Drivers/STM32F1xx_HAL_Driver/Src/stm32f1xx_hal_i2c.o
 .text.I2C_WaitOnBTFFlagUntilTimeout
                0x08001dac       0x90 ./Drivers/STM32F1xx_HAL_Driver/Src/stm32f1xx_hal_i2c.o
 .text.I2C_IsAcknowledgeFailed
                0x08001e3c       0x5c ./Drivers/STM32F1xx_HAL_Driver/Src/stm32f1xx_hal_i2c.o
 .text.HAL_PCD_Init
                0x08001e98      0x1fe ./Drivers/STM32F1xx_HAL_Driver/Src/stm32f1xx_hal_pcd.o
                0x08001e98                HAL_PCD_Init
 .text.HAL_PCD_Start
                0x08002096       0x4c ./Drivers/STM32F1xx_HAL_Driver/Src/stm32f1xx_hal_pcd.o
                0x08002096                HAL_PCD_Start
 .text.HAL_PCD_IRQHandler
                0x080020e2      0x260 ./Drivers/STM32F1xx_HAL_Driver/Src/stm32f1xx_hal_pcd.o
                0x080020e2                HAL_PCD_IRQHandler
 .text.HAL_PCD_SetAddress
                0x08002342       0x4a ./Drivers/STM32F1xx_HAL_Driver/Src/stm32f1xx_hal_pcd.o
                0x08002342                HAL_PCD_SetAddress
 .text.HAL_PCD_EP_Open
                0x0800238c       0xba ./Drivers/STM32F1xx_HAL_Driver/Src/stm32f1xx_hal_pcd.o
                0x0800238c                HAL_PCD_EP_Open
 .text.HAL_PCD_EP_Close
                0x08002446       0x90 ./Drivers/STM32F1xx_HAL_Driver/Src/stm32f1xx_hal_pcd.o
                0x08002446                HAL_PCD_EP_Close
 .text.HAL_PCD_EP_Receive
                0x080024d6       0x62 ./Drivers/STM32F1xx_HAL_Driver/Src/stm32f1xx_hal_pcd.o
                0x080024d6                HAL_PCD_EP_Receive
 .text.HAL_PCD_EP_GetRxCount
                0x08002538       0x2e ./Drivers/STM32F1xx_HAL_Driver/Src/stm32f1xx_hal_pcd.o
                0x08002538                HAL_PCD_EP_GetRxCount
 .text.HAL_PCD_EP_Transmit
                0x08002566       0x6e ./Drivers/STM32F1xx_HAL_Driver/Src/stm32f1xx_hal_pcd.o
                0x08002566                HAL_PCD_EP_Transmit
 .text.HAL_PCD_EP_SetStall
                0x080025d4       0xc0 ./Drivers/STM32F1xx_HAL_Driver/Src/stm32f1xx_hal_pcd.o
                0x080025d4                HAL_PCD_EP_SetStall
 .text.HAL_PCD_EP_ClrStall
                0x08002694       0xa8 ./Drivers/STM32F1xx_HAL_Driver/Src/stm32f1xx_hal_pcd.o
                0x08002694                HAL_PCD_EP_ClrStall
 .text.PCD_EP_ISR_Handler
                0x0800273c      0x7a4 ./Drivers/STM32F1xx_HAL_Driver/Src/stm32f1xx_hal_pcd.o
 .text.HAL_PCD_EP_DB_Receive
                0x08002ee0      0x21a ./Drivers/STM32F1xx_HAL_Driver/Src/stm32f1xx_hal_pcd.o
 .text.HAL_PCD_EP_DB_Transmit
                0x080030fa      0x7f4 ./Drivers/STM32F1xx_HAL_Driver/Src/stm32f1xx_hal_pcd.o
 .text.HAL_PCDEx_PMAConfig
                0x080038ee       0x84 ./Drivers/STM32F1xx_HAL_Driver/Src/stm32f1xx_hal_pcd_ex.o
                0x080038ee                HAL_PCDEx_PMAConfig
 *fill*         0x08003972        0x2 
 .text.HAL_RCC_OscConfig
                0x08003974      0x504 ./Drivers/STM32F1xx_HAL_Driver/Src/stm32f1xx_hal_rcc.o
                0x08003974                HAL_RCC_OscConfig
 .text.HAL_RCC_ClockConfig
                0x08003e78      0x1d4 ./Drivers/STM32F1xx_HAL_Driver/Src/stm32f1xx_hal_rcc.o
                0x08003e78                HAL_RCC_ClockConfig
 .text.HAL_RCC_EnableCSS
                0x0800404c       0x18 ./Drivers/STM32F1xx_HAL_Driver/Src/stm32f1xx_hal_rcc.o
                0x0800404c                HAL_RCC_EnableCSS
 .text.HAL_RCC_GetSysClockFreq
                0x08004064       0xa8 ./Drivers/STM32F1xx_HAL_Driver/Src/stm32f1xx_hal_rcc.o
                0x08004064                HAL_RCC_GetSysClockFreq
 .text.HAL_RCC_GetHCLKFreq
                0x0800410c       0x14 ./Drivers/STM32F1xx_HAL_Driver/Src/stm32f1xx_hal_rcc.o
                0x0800410c                HAL_RCC_GetHCLKFreq
 .text.HAL_RCC_GetPCLK1Freq
                0x08004120       0x28 ./Drivers/STM32F1xx_HAL_Driver/Src/stm32f1xx_hal_rcc.o
                0x08004120                HAL_RCC_GetPCLK1Freq
 .text.HAL_RCC_NMI_IRQHandler
                0x08004148       0x28 ./Drivers/STM32F1xx_HAL_Driver/Src/stm32f1xx_hal_rcc.o
                0x08004148                HAL_RCC_NMI_IRQHandler
 .text.RCC_Delay
                0x08004170       0x3c ./Drivers/STM32F1xx_HAL_Driver/Src/stm32f1xx_hal_rcc.o
 .text.HAL_RCC_CSSCallback
                0x080041ac        0xc ./Drivers/STM32F1xx_HAL_Driver/Src/stm32f1xx_hal_rcc.o
                0x080041ac                HAL_RCC_CSSCallback
 .text.HAL_RCCEx_PeriphCLKConfig
                0x080041b8      0x16c ./Drivers/STM32F1xx_HAL_Driver/Src/stm32f1xx_hal_rcc_ex.o
                0x080041b8                HAL_RCCEx_PeriphCLKConfig
 .text.HAL_TIM_Base_Init
                0x08004324       0x9e ./Drivers/STM32F1xx_HAL_Driver/Src/stm32f1xx_hal_tim.o
                0x08004324                HAL_TIM_Base_Init
 .text.HAL_TIM_PWM_Init
                0x080043c2       0x9e ./Drivers/STM32F1xx_HAL_Driver/Src/stm32f1xx_hal_tim.o
                0x080043c2                HAL_TIM_PWM_Init
 .text.HAL_TIM_IRQHandler
                0x08004460      0x210 ./Drivers/STM32F1xx_HAL_Driver/Src/stm32f1xx_hal_tim.o
                0x08004460                HAL_TIM_IRQHandler
 .text.HAL_TIM_PWM_ConfigChannel
                0x08004670      0x184 ./Drivers/STM32F1xx_HAL_Driver/Src/stm32f1xx_hal_tim.o
                0x08004670                HAL_TIM_PWM_ConfigChannel
 .text.HAL_TIM_ConfigClockSource
                0x080047f4      0x18e ./Drivers/STM32F1xx_HAL_Driver/Src/stm32f1xx_hal_tim.o
                0x080047f4                HAL_TIM_ConfigClockSource
 .text.HAL_TIM_PeriodElapsedCallback
                0x08004982       0x12 ./Drivers/STM32F1xx_HAL_Driver/Src/stm32f1xx_hal_tim.o
                0x08004982                HAL_TIM_PeriodElapsedCallback
 .text.HAL_TIM_OC_DelayElapsedCallback
                0x08004994       0x12 ./Drivers/STM32F1xx_HAL_Driver/Src/stm32f1xx_hal_tim.o
                0x08004994                HAL_TIM_OC_DelayElapsedCallback
 .text.HAL_TIM_IC_CaptureCallback
                0x080049a6       0x12 ./Drivers/STM32F1xx_HAL_Driver/Src/stm32f1xx_hal_tim.o
                0x080049a6                HAL_TIM_IC_CaptureCallback
 .text.HAL_TIM_PWM_PulseFinishedCallback
                0x080049b8       0x12 ./Drivers/STM32F1xx_HAL_Driver/Src/stm32f1xx_hal_tim.o
                0x080049b8                HAL_TIM_PWM_PulseFinishedCallback
 .text.HAL_TIM_TriggerCallback
                0x080049ca       0x12 ./Drivers/STM32F1xx_HAL_Driver/Src/stm32f1xx_hal_tim.o
                0x080049ca                HAL_TIM_TriggerCallback
 .text.TIM_Base_SetConfig
                0x080049dc       0xc4 ./Drivers/STM32F1xx_HAL_Driver/Src/stm32f1xx_hal_tim.o
                0x080049dc                TIM_Base_SetConfig
 .text.TIM_OC1_SetConfig
                0x08004aa0       0xcc ./Drivers/STM32F1xx_HAL_Driver/Src/stm32f1xx_hal_tim.o
 .text.TIM_OC2_SetConfig
                0x08004b6c       0xd4 ./Drivers/STM32F1xx_HAL_Driver/Src/stm32f1xx_hal_tim.o
                0x08004b6c                TIM_OC2_SetConfig
 .text.TIM_OC3_SetConfig
                0x08004c40       0xd4 ./Drivers/STM32F1xx_HAL_Driver/Src/stm32f1xx_hal_tim.o
 .text.TIM_OC4_SetConfig
                0x08004d14       0x9c ./Drivers/STM32F1xx_HAL_Driver/Src/stm32f1xx_hal_tim.o
 .text.TIM_TI1_ConfigInputStage
                0x08004db0       0x5c ./Drivers/STM32F1xx_HAL_Driver/Src/stm32f1xx_hal_tim.o
 .text.TIM_TI2_ConfigInputStage
                0x08004e0c       0x5e ./Drivers/STM32F1xx_HAL_Driver/Src/stm32f1xx_hal_tim.o
 .text.TIM_ITRx_SetConfig
                0x08004e6a       0x34 ./Drivers/STM32F1xx_HAL_Driver/Src/stm32f1xx_hal_tim.o
 .text.TIM_ETR_SetConfig
                0x08004e9e       0x3e ./Drivers/STM32F1xx_HAL_Driver/Src/stm32f1xx_hal_tim.o
                0x08004e9e                TIM_ETR_SetConfig
 .text.HAL_TIMEx_MasterConfigSynchronization
                0x08004edc       0xbc ./Drivers/STM32F1xx_HAL_Driver/Src/stm32f1xx_hal_tim_ex.o
                0x08004edc                HAL_TIMEx_MasterConfigSynchronization
 .text.HAL_TIMEx_CommutCallback
                0x08004f98       0x12 ./Drivers/STM32F1xx_HAL_Driver/Src/stm32f1xx_hal_tim_ex.o
                0x08004f98                HAL_TIMEx_CommutCallback
 .text.HAL_TIMEx_BreakCallback
                0x08004faa       0x12 ./Drivers/STM32F1xx_HAL_Driver/Src/stm32f1xx_hal_tim_ex.o
                0x08004faa                HAL_TIMEx_BreakCallback
 .text.USB_CoreInit
                0x08004fbc       0x20 ./Drivers/STM32F1xx_HAL_Driver/Src/stm32f1xx_ll_usb.o
                0x08004fbc                USB_CoreInit
 .text.USB_EnableGlobalInt
                0x08004fdc       0x2c ./Drivers/STM32F1xx_HAL_Driver/Src/stm32f1xx_ll_usb.o
                0x08004fdc                USB_EnableGlobalInt
 .text.USB_DisableGlobalInt
                0x08005008       0x34 ./Drivers/STM32F1xx_HAL_Driver/Src/stm32f1xx_ll_usb.o
                0x08005008                USB_DisableGlobalInt
 .text.USB_SetCurrentMode
                0x0800503c       0x18 ./Drivers/STM32F1xx_HAL_Driver/Src/stm32f1xx_ll_usb.o
                0x0800503c                USB_SetCurrentMode
 .text.USB_DevInit
                0x08005054       0x40 ./Drivers/STM32F1xx_HAL_Driver/Src/stm32f1xx_ll_usb.o
                0x08005054                USB_DevInit
 .text.USB_ActivateEndpoint
                0x08005094      0x780 ./Drivers/STM32F1xx_HAL_Driver/Src/stm32f1xx_ll_usb.o
                0x08005094                USB_ActivateEndpoint
 .text.USB_DeactivateEndpoint
                0x08005814      0x3d8 ./Drivers/STM32F1xx_HAL_Driver/Src/stm32f1xx_ll_usb.o
                0x08005814                USB_DeactivateEndpoint
 .text.USB_EPStartXfer
                0x08005bec     0x1762 ./Drivers/STM32F1xx_HAL_Driver/Src/stm32f1xx_ll_usb.o
                0x08005bec                USB_EPStartXfer
 .text.USB_EPSetStall
                0x0800734e       0xa0 ./Drivers/STM32F1xx_HAL_Driver/Src/stm32f1xx_ll_usb.o
                0x0800734e                USB_EPSetStall
 .text.USB_EPClearStall
                0x080073ee      0x15a ./Drivers/STM32F1xx_HAL_Driver/Src/stm32f1xx_ll_usb.o
                0x080073ee                USB_EPClearStall
 .text.USB_SetDevAddress
                0x08007548       0x26 ./Drivers/STM32F1xx_HAL_Driver/Src/stm32f1xx_ll_usb.o
                0x08007548                USB_SetDevAddress
 .text.USB_DevConnect
                0x0800756e       0x14 ./Drivers/STM32F1xx_HAL_Driver/Src/stm32f1xx_ll_usb.o
                0x0800756e                USB_DevConnect
 .text.USB_DevDisconnect
                0x08007582       0x14 ./Drivers/STM32F1xx_HAL_Driver/Src/stm32f1xx_ll_usb.o
                0x08007582                USB_DevDisconnect
 .text.USB_ReadInterrupts
                0x08007596       0x1e ./Drivers/STM32F1xx_HAL_Driver/Src/stm32f1xx_ll_usb.o
                0x08007596                USB_ReadInterrupts
 .text.USB_EP0_OutStart
                0x080075b4       0x16 ./Drivers/STM32F1xx_HAL_Driver/Src/stm32f1xx_ll_usb.o
                0x080075b4                USB_EP0_OutStart
 .text.USB_WritePMA
                0x080075ca       0x8c ./Drivers/STM32F1xx_HAL_Driver/Src/stm32f1xx_ll_usb.o
                0x080075ca                USB_WritePMA
 .text.USB_ReadPMA
                0x08007656       0x9e ./Drivers/STM32F1xx_HAL_Driver/Src/stm32f1xx_ll_usb.o
                0x08007656                USB_ReadPMA
 .text.USBD_CDC_Init
                0x080076f4       0xf4 ./Middlewares/ST/STM32_USB_Device_Library/Class/CDC/Src/usbd_cdc.o
 .text.USBD_CDC_DeInit
                0x080077e8       0x6e ./Middlewares/ST/STM32_USB_Device_Library/Class/CDC/Src/usbd_cdc.o
 .text.USBD_CDC_Setup
                0x08007856      0x146 ./Middlewares/ST/STM32_USB_Device_Library/Class/CDC/Src/usbd_cdc.o
 .text.USBD_CDC_DataIn
                0x0800799c       0xa6 ./Middlewares/ST/STM32_USB_Device_Library/Class/CDC/Src/usbd_cdc.o
 .text.USBD_CDC_DataOut
                0x08007a42       0x56 ./Middlewares/ST/STM32_USB_Device_Library/Class/CDC/Src/usbd_cdc.o
 .text.USBD_CDC_EP0_RxReady
                0x08007a98       0x4e ./Middlewares/ST/STM32_USB_Device_Library/Class/CDC/Src/usbd_cdc.o
 *fill*         0x08007ae6        0x2 
 .text.USBD_CDC_GetFSCfgDesc
                0x08007ae8       0x20 ./Middlewares/ST/STM32_USB_Device_Library/Class/CDC/Src/usbd_cdc.o
 .text.USBD_CDC_GetHSCfgDesc
                0x08007b08       0x20 ./Middlewares/ST/STM32_USB_Device_Library/Class/CDC/Src/usbd_cdc.o
 .text.USBD_CDC_GetOtherSpeedCfgDesc
                0x08007b28       0x20 ./Middlewares/ST/STM32_USB_Device_Library/Class/CDC/Src/usbd_cdc.o
 .text.USBD_CDC_GetDeviceQualifierDescriptor
                0x08007b48       0x20 ./Middlewares/ST/STM32_USB_Device_Library/Class/CDC/Src/usbd_cdc.o
                0x08007b48                USBD_CDC_GetDeviceQualifierDescriptor
 .text.USBD_CDC_RegisterInterface
                0x08007b68       0x2c ./Middlewares/ST/STM32_USB_Device_Library/Class/CDC/Src/usbd_cdc.o
                0x08007b68                USBD_CDC_RegisterInterface
 .text.USBD_CDC_SetTxBuffer
                0x08007b94       0x32 ./Middlewares/ST/STM32_USB_Device_Library/Class/CDC/Src/usbd_cdc.o
                0x08007b94                USBD_CDC_SetTxBuffer
 .text.USBD_CDC_SetRxBuffer
                0x08007bc6       0x26 ./Middlewares/ST/STM32_USB_Device_Library/Class/CDC/Src/usbd_cdc.o
                0x08007bc6                USBD_CDC_SetRxBuffer
 .text.USBD_CDC_TransmitPacket
                0x08007bec       0x5e ./Middlewares/ST/STM32_USB_Device_Library/Class/CDC/Src/usbd_cdc.o
                0x08007bec                USBD_CDC_TransmitPacket
 .text.USBD_CDC_ReceivePacket
                0x08007c4a       0x54 ./Middlewares/ST/STM32_USB_Device_Library/Class/CDC/Src/usbd_cdc.o
                0x08007c4a                USBD_CDC_ReceivePacket
 .text.USBD_Init
                0x08007c9e       0x56 ./Middlewares/ST/STM32_USB_Device_Library/Core/Src/usbd_core.o
                0x08007c9e                USBD_Init
 .text.USBD_RegisterClass
                0x08007cf4       0x32 ./Middlewares/ST/STM32_USB_Device_Library/Core/Src/usbd_core.o
                0x08007cf4                USBD_RegisterClass
 .text.USBD_Start
                0x08007d26       0x18 ./Middlewares/ST/STM32_USB_Device_Library/Core/Src/usbd_core.o
                0x08007d26                USBD_Start
 .text.USBD_RunTestMode
                0x08007d3e       0x14 ./Middlewares/ST/STM32_USB_Device_Library/Core/Src/usbd_core.o
                0x08007d3e                USBD_RunTestMode
 .text.USBD_SetClassConfig
                0x08007d52       0x3e ./Middlewares/ST/STM32_USB_Device_Library/Core/Src/usbd_core.o
                0x08007d52                USBD_SetClassConfig
 .text.USBD_ClrClassConfig
                0x08007d90       0x26 ./Middlewares/ST/STM32_USB_Device_Library/Core/Src/usbd_core.o
                0x08007d90                USBD_ClrClassConfig
 .text.USBD_LL_SetupStage
                0x08007db6       0x9a ./Middlewares/ST/STM32_USB_Device_Library/Core/Src/usbd_core.o
                0x08007db6                USBD_LL_SetupStage
 .text.USBD_LL_DataOutStage
                0x08007e50       0xe2 ./Middlewares/ST/STM32_USB_Device_Library/Core/Src/usbd_core.o
                0x08007e50                USBD_LL_DataOutStage
 .text.USBD_LL_DataInStage
                0x08007f32      0x14a ./Middlewares/ST/STM32_USB_Device_Library/Core/Src/usbd_core.o
                0x08007f32                USBD_LL_DataInStage
 .text.USBD_LL_Reset
                0x0800807c       0x82 ./Middlewares/ST/STM32_USB_Device_Library/Core/Src/usbd_core.o
                0x0800807c                USBD_LL_Reset
 .text.USBD_LL_SetSpeed
                0x080080fe       0x1e ./Middlewares/ST/STM32_USB_Device_Library/Core/Src/usbd_core.o
                0x080080fe                USBD_LL_SetSpeed
 .text.USBD_LL_Suspend
                0x0800811c       0x28 ./Middlewares/ST/STM32_USB_Device_Library/Core/Src/usbd_core.o
                0x0800811c                USBD_LL_Suspend
 .text.USBD_LL_Resume
                0x08008144       0x2a ./Middlewares/ST/STM32_USB_Device_Library/Core/Src/usbd_core.o
                0x08008144                USBD_LL_Resume
 .text.USBD_LL_SOF
                0x0800816e       0x34 ./Middlewares/ST/STM32_USB_Device_Library/Core/Src/usbd_core.o
                0x0800816e                USBD_LL_SOF
 *fill*         0x080081a2        0x2 
 .text.USBD_StdDevReq
                0x080081a4       0xd4 ./Middlewares/ST/STM32_USB_Device_Library/Core/Src/usbd_ctlreq.o
                0x080081a4                USBD_StdDevReq
 .text.USBD_StdItfReq
                0x08008278       0x90 ./Middlewares/ST/STM32_USB_Device_Library/Core/Src/usbd_ctlreq.o
                0x08008278                USBD_StdItfReq
 .text.USBD_StdEPReq
                0x08008308      0x2c6 ./Middlewares/ST/STM32_USB_Device_Library/Core/Src/usbd_ctlreq.o
                0x08008308                USBD_StdEPReq
 *fill*         0x080085ce        0x2 
 .text.USBD_GetDescriptor
                0x080085d0      0x2d0 ./Middlewares/ST/STM32_USB_Device_Library/Core/Src/usbd_ctlreq.o
 .text.USBD_SetAddress
                0x080088a0       0x86 ./Middlewares/ST/STM32_USB_Device_Library/Core/Src/usbd_ctlreq.o
 *fill*         0x08008926        0x2 
 .text.USBD_SetConfig
                0x08008928      0x11c ./Middlewares/ST/STM32_USB_Device_Library/Core/Src/usbd_ctlreq.o
 .text.USBD_GetConfig
                0x08008a44       0x6a ./Middlewares/ST/STM32_USB_Device_Library/Core/Src/usbd_ctlreq.o
 .text.USBD_GetStatus
                0x08008aae       0x66 ./Middlewares/ST/STM32_USB_Device_Library/Core/Src/usbd_ctlreq.o
 .text.USBD_SetFeature
                0x08008b14       0x28 ./Middlewares/ST/STM32_USB_Device_Library/Core/Src/usbd_ctlreq.o
 .text.USBD_ClrFeature
                0x08008b3c       0x42 ./Middlewares/ST/STM32_USB_Device_Library/Core/Src/usbd_ctlreq.o
 .text.USBD_ParseSetupRequest
                0x08008b7e       0x72 ./Middlewares/ST/STM32_USB_Device_Library/Core/Src/usbd_ctlreq.o
                0x08008b7e                USBD_ParseSetupRequest
 .text.USBD_CtlError
                0x08008bf0       0x22 ./Middlewares/ST/STM32_USB_Device_Library/Core/Src/usbd_ctlreq.o
                0x08008bf0                USBD_CtlError
 .text.USBD_GetString
                0x08008c12       0x84 ./Middlewares/ST/STM32_USB_Device_Library/Core/Src/usbd_ctlreq.o
                0x08008c12                USBD_GetString
 .text.USBD_GetLen
                0x08008c96       0x2e ./Middlewares/ST/STM32_USB_Device_Library/Core/Src/usbd_ctlreq.o
 .text.USBD_CtlSendData
                0x08008cc4       0x38 ./Middlewares/ST/STM32_USB_Device_Library/Core/Src/usbd_ioreq.o
                0x08008cc4                USBD_CtlSendData
 .text.USBD_CtlContinueSendData
                0x08008cfc       0x24 ./Middlewares/ST/STM32_USB_Device_Library/Core/Src/usbd_ioreq.o
                0x08008cfc                USBD_CtlContinueSendData
 .text.USBD_CtlPrepareRx
                0x08008d20       0x3c ./Middlewares/ST/STM32_USB_Device_Library/Core/Src/usbd_ioreq.o
                0x08008d20                USBD_CtlPrepareRx
 .text.USBD_CtlContinueRx
                0x08008d5c       0x24 ./Middlewares/ST/STM32_USB_Device_Library/Core/Src/usbd_ioreq.o
                0x08008d5c                USBD_CtlContinueRx
 .text.USBD_CtlSendStatus
                0x08008d80       0x26 ./Middlewares/ST/STM32_USB_Device_Library/Core/Src/usbd_ioreq.o
                0x08008d80                USBD_CtlSendStatus
 .text.USBD_CtlReceiveStatus
                0x08008da6       0x26 ./Middlewares/ST/STM32_USB_Device_Library/Core/Src/usbd_ioreq.o
                0x08008da6                USBD_CtlReceiveStatus
 .text.MX_USB_DEVICE_Init
                0x08008dcc       0xf4 ./USB_DEVICE/App/usb_device.o
                0x08008dcc                MX_USB_DEVICE_Init
 .text.CDC_Init_FS
                0x08008ec0       0x28 ./USB_DEVICE/App/usbd_cdc_if.o
 .text.CDC_DeInit_FS
                0x08008ee8        0xe ./USB_DEVICE/App/usbd_cdc_if.o
 *fill*         0x08008ef6        0x2 
 .text.CDC_Control_FS
                0x08008ef8       0xbc ./USB_DEVICE/App/usbd_cdc_if.o
 .text.CDC_Receive_FS
                0x08008fb4       0x68 ./USB_DEVICE/App/usbd_cdc_if.o
 .text.CDC_Transmit_FS
                0x0800901c       0x4c ./USB_DEVICE/App/usbd_cdc_if.o
                0x0800901c                CDC_Transmit_FS
 .text.USBD_FS_DeviceDescriptor
                0x08009068       0x24 ./USB_DEVICE/App/usbd_desc.o
                0x08009068                USBD_FS_DeviceDescriptor
 .text.USBD_FS_LangIDStrDescriptor
                0x0800908c       0x24 ./USB_DEVICE/App/usbd_desc.o
                0x0800908c                USBD_FS_LangIDStrDescriptor
 .text.USBD_FS_ProductStrDescriptor
                0x080090b0       0x3c ./USB_DEVICE/App/usbd_desc.o
                0x080090b0                USBD_FS_ProductStrDescriptor
 .text.USBD_FS_ManufacturerStrDescriptor
                0x080090ec       0x28 ./USB_DEVICE/App/usbd_desc.o
                0x080090ec                USBD_FS_ManufacturerStrDescriptor
 .text.USBD_FS_SerialStrDescriptor
                0x08009114       0x24 ./USB_DEVICE/App/usbd_desc.o
                0x08009114                USBD_FS_SerialStrDescriptor
 .text.USBD_FS_ConfigStrDescriptor
                0x08009138       0x3c ./USB_DEVICE/App/usbd_desc.o
                0x08009138                USBD_FS_ConfigStrDescriptor
 .text.USBD_FS_InterfaceStrDescriptor
                0x08009174       0x3c ./USB_DEVICE/App/usbd_desc.o
                0x08009174                USBD_FS_InterfaceStrDescriptor
 .text.Get_SerialNum
                0x080091b0       0x58 ./USB_DEVICE/App/usbd_desc.o
 .text.IntToUnicode
                0x08009208       0x7c ./USB_DEVICE/App/usbd_desc.o
 .text.HAL_PCD_MspInit
                0x08009284       0x4c ./USB_DEVICE/Target/usbd_conf.o
                0x08009284                HAL_PCD_MspInit
 .text.HAL_PCD_SetupStageCallback
                0x080092d0       0x24 ./USB_DEVICE/Target/usbd_conf.o
                0x080092d0                HAL_PCD_SetupStageCallback
 .text.HAL_PCD_DataOutStageCallback
                0x080092f4       0x36 ./USB_DEVICE/Target/usbd_conf.o
                0x080092f4                HAL_PCD_DataOutStageCallback
 .text.HAL_PCD_DataInStageCallback
                0x0800932a       0x34 ./USB_DEVICE/Target/usbd_conf.o
                0x0800932a                HAL_PCD_DataInStageCallback
 .text.HAL_PCD_SOFCallback
                0x0800935e       0x1c ./USB_DEVICE/Target/usbd_conf.o
                0x0800935e                HAL_PCD_SOFCallback
 .text.HAL_PCD_ResetCallback
                0x0800937a       0x3c ./USB_DEVICE/Target/usbd_conf.o
                0x0800937a                HAL_PCD_ResetCallback
 *fill*         0x080093b6        0x2 
 .text.HAL_PCD_SuspendCallback
                0x080093b8       0x34 ./USB_DEVICE/Target/usbd_conf.o
                0x080093b8                HAL_PCD_SuspendCallback
 .text.HAL_PCD_ResumeCallback
                0x080093ec       0x1c ./USB_DEVICE/Target/usbd_conf.o
                0x080093ec                HAL_PCD_ResumeCallback
 .text.USBD_LL_Init
                0x08009408       0xb4 ./USB_DEVICE/Target/usbd_conf.o
                0x08009408                USBD_LL_Init
 .text.USBD_LL_Start
                0x080094bc       0x36 ./USB_DEVICE/Target/usbd_conf.o
                0x080094bc                USBD_LL_Start
 .text.USBD_LL_OpenEP
                0x080094f2       0x4c ./USB_DEVICE/Target/usbd_conf.o
                0x080094f2                USBD_LL_OpenEP
 .text.USBD_LL_CloseEP
                0x0800953e       0x3e ./USB_DEVICE/Target/usbd_conf.o
                0x0800953e                USBD_LL_CloseEP
 .text.USBD_LL_StallEP
                0x0800957c       0x3e ./USB_DEVICE/Target/usbd_conf.o
                0x0800957c                USBD_LL_StallEP
 .text.USBD_LL_ClearStallEP
                0x080095ba       0x3e ./USB_DEVICE/Target/usbd_conf.o
                0x080095ba                USBD_LL_ClearStallEP
 .text.USBD_LL_IsStallEP
                0x080095f8       0x58 ./USB_DEVICE/Target/usbd_conf.o
                0x080095f8                USBD_LL_IsStallEP
 .text.USBD_LL_SetUSBAddress
                0x08009650       0x3e ./USB_DEVICE/Target/usbd_conf.o
                0x08009650                USBD_LL_SetUSBAddress
 .text.USBD_LL_Transmit
                0x0800968e       0x46 ./USB_DEVICE/Target/usbd_conf.o
                0x0800968e                USBD_LL_Transmit
 .text.USBD_LL_PrepareReceive
                0x080096d4       0x46 ./USB_DEVICE/Target/usbd_conf.o
                0x080096d4                USBD_LL_PrepareReceive
 .text.USBD_LL_GetRxDataSize
                0x0800971a       0x26 ./USB_DEVICE/Target/usbd_conf.o
                0x0800971a                USBD_LL_GetRxDataSize
 .text.USBD_static_malloc
                0x08009740       0x18 ./USB_DEVICE/Target/usbd_conf.o
                0x08009740                USBD_static_malloc
 .text.USBD_static_free
                0x08009758       0x12 ./USB_DEVICE/Target/usbd_conf.o
                0x08009758                USBD_static_free
 .text.HAL_PCDEx_SetConnectionState
                0x0800976a       0x16 ./USB_DEVICE/Target/usbd_conf.o
                0x0800976a                HAL_PCDEx_SetConnectionState
 .text.USBD_Get_USB_Status
                0x08009780       0x58 ./USB_DEVICE/Target/usbd_conf.o
 .text.sprintf  0x080097d8       0x44 E:/STM/STM32CubeIDE_2.1.1/STM32CubeIDE/plugins/com.st.stm32cube.ide.mcu.externaltools.gnu-tools-for-stm32.14.3.rel1.win32_1.0.100.202602081740/tools/bin/../lib/gcc/arm-none-eabi/14.3.1/../../../../arm-none-eabi/lib/thumb/v7-m/nofp\libc_nano.a(libc_a-sprintf.o)
                0x080097d8                siprintf
                0x080097d8                sprintf
 .text.memset   0x0800981c       0x10 E:/STM/STM32CubeIDE_2.1.1/STM32CubeIDE/plugins/com.st.stm32cube.ide.mcu.externaltools.gnu-tools-for-stm32.14.3.rel1.win32_1.0.100.202602081740/tools/bin/../lib/gcc/arm-none-eabi/14.3.1/../../../../arm-none-eabi/lib/thumb/v7-m/nofp\libc_nano.a(libc_a-memset.o)
                0x0800981c                memset
 .text.__errno  0x0800982c        0xc E:/STM/STM32CubeIDE_2.1.1/STM32CubeIDE/plugins/com.st.stm32cube.ide.mcu.externaltools.gnu-tools-for-stm32.14.3.rel1.win32_1.0.100.202602081740/tools/bin/../lib/gcc/arm-none-eabi/14.3.1/../../../../arm-none-eabi/lib/thumb/v7-m/nofp\libc_nano.a(libc_a-errno.o)
                0x0800982c                __errno
 .text.__libc_init_array
                0x08009838       0x48 E:/STM/STM32CubeIDE_2.1.1/STM32CubeIDE/plugins/com.st.stm32cube.ide.mcu.externaltools.gnu-tools-for-stm32.14.3.rel1.win32_1.0.100.202602081740/tools/bin/../lib/gcc/arm-none-eabi/14.3.1/../../../../arm-none-eabi/lib/thumb/v7-m/nofp\libc_nano.a(libc_a-init.o)
                0x08009838                __libc_init_array
 .text.__retarget_lock_acquire_recursive
                0x08009880        0x2 E:/STM/STM32CubeIDE_2.1.1/STM32CubeIDE/plugins/com.st.stm32cube.ide.mcu.externaltools.gnu-tools-for-stm32.14.3.rel1.win32_1.0.100.202602081740/tools/bin/../lib/gcc/arm-none-eabi/14.3.1/../../../../arm-none-eabi/lib/thumb/v7-m/nofp\libc_nano.a(libc_a-lock.o)
                0x08009880                __retarget_lock_acquire_recursive
 .text.__retarget_lock_release_recursive
                0x08009882        0x2 E:/STM/STM32CubeIDE_2.1.1/STM32CubeIDE/plugins/com.st.stm32cube.ide.mcu.externaltools.gnu-tools-for-stm32.14.3.rel1.win32_1.0.100.202602081740/tools/bin/../lib/gcc/arm-none-eabi/14.3.1/../../../../arm-none-eabi/lib/thumb/v7-m/nofp\libc_nano.a(libc_a-lock.o)
                0x08009882                __retarget_lock_release_recursive
 .text.memcpy   0x08009884       0x1c E:/STM/STM32CubeIDE_2.1.1/STM32CubeIDE/plugins/com.st.stm32cube.ide.mcu.externaltools.gnu-tools-for-stm32.14.3.rel1.win32_1.0.100.202602081740/tools/bin/../lib/gcc/arm-none-eabi/14.3.1/../../../../arm-none-eabi/lib/thumb/v7-m/nofp\libc_nano.a(libc_a-memcpy-stub.o)
                0x08009884                memcpy
 .text._free_r  0x080098a0       0x90 E:/STM/STM32CubeIDE_2.1.1/STM32CubeIDE/plugins/com.st.stm32cube.ide.mcu.externaltools.gnu-tools-for-stm32.14.3.rel1.win32_1.0.100.202602081740/tools/bin/../lib/gcc/arm-none-eabi/14.3.1/../../../../arm-none-eabi/lib/thumb/v7-m/nofp\libc_nano.a(libc_a-freer.o)
                0x080098a0                _free_r
 .text.sbrk_aligned
                0x08009930       0x44 E:/STM/STM32CubeIDE_2.1.1/STM32CubeIDE/plugins/com.st.stm32cube.ide.mcu.externaltools.gnu-tools-for-stm32.14.3.rel1.win32_1.0.100.202602081740/tools/bin/../lib/gcc/arm-none-eabi/14.3.1/../../../../arm-none-eabi/lib/thumb/v7-m/nofp\libc_nano.a(libc_a-mallocr.o)
 .text._malloc_r
                0x08009974      0x100 E:/STM/STM32CubeIDE_2.1.1/STM32CubeIDE/plugins/com.st.stm32cube.ide.mcu.externaltools.gnu-tools-for-stm32.14.3.rel1.win32_1.0.100.202602081740/tools/bin/../lib/gcc/arm-none-eabi/14.3.1/../../../../arm-none-eabi/lib/thumb/v7-m/nofp\libc_nano.a(libc_a-mallocr.o)
                0x08009974                _malloc_r
 .text.__malloc_lock
                0x08009a74        0xc E:/STM/STM32CubeIDE_2.1.1/STM32CubeIDE/plugins/com.st.stm32cube.ide.mcu.externaltools.gnu-tools-for-stm32.14.3.rel1.win32_1.0.100.202602081740/tools/bin/../lib/gcc/arm-none-eabi/14.3.1/../../../../arm-none-eabi/lib/thumb/v7-m/nofp\libc_nano.a(libc_a-mlock.o)
                0x08009a74                __malloc_lock
 .text.__malloc_unlock
                0x08009a80        0xc E:/STM/STM32CubeIDE_2.1.1/STM32CubeIDE/plugins/com.st.stm32cube.ide.mcu.externaltools.gnu-tools-for-stm32.14.3.rel1.win32_1.0.100.202602081740/tools/bin/../lib/gcc/arm-none-eabi/14.3.1/../../../../arm-none-eabi/lib/thumb/v7-m/nofp\libc_nano.a(libc_a-mlock.o)
                0x08009a80                __malloc_unlock
 .text.__ssputs_r
                0x08009a8c       0xc0 E:/STM/STM32CubeIDE_2.1.1/STM32CubeIDE/plugins/com.st.stm32cube.ide.mcu.externaltools.gnu-tools-for-stm32.14.3.rel1.win32_1.0.100.202602081740/tools/bin/../lib/gcc/arm-none-eabi/14.3.1/../../../../arm-none-eabi/lib/thumb/v7-m/nofp\libc_nano.a(libc_a-nano-svfprintf.o)
                0x08009a8c                __ssputs_r
 .text._svfprintf_r
                0x08009b4c      0x1f0 E:/STM/STM32CubeIDE_2.1.1/STM32CubeIDE/plugins/com.st.stm32cube.ide.mcu.externaltools.gnu-tools-for-stm32.14.3.rel1.win32_1.0.100.202602081740/tools/bin/../lib/gcc/arm-none-eabi/14.3.1/../../../../arm-none-eabi/lib/thumb/v7-m/nofp\libc_nano.a(libc_a-nano-svfprintf.o)
                0x08009b4c                _svfiprintf_r
                0x08009b4c                _svfprintf_r
 .text._printf_common
                0x08009d3c       0xe4 E:/STM/STM32CubeIDE_2.1.1/STM32CubeIDE/plugins/com.st.stm32cube.ide.mcu.externaltools.gnu-tools-for-stm32.14.3.rel1.win32_1.0.100.202602081740/tools/bin/../lib/gcc/arm-none-eabi/14.3.1/../../../../arm-none-eabi/lib/thumb/v7-m/nofp\libc_nano.a(libc_a-nano-vfprintf_i.o)
                0x08009d3c                _printf_common
 .text._printf_i
                0x08009e20      0x24c E:/STM/STM32CubeIDE_2.1.1/STM32CubeIDE/plugins/com.st.stm32cube.ide.mcu.externaltools.gnu-tools-for-stm32.14.3.rel1.win32_1.0.100.202602081740/tools/bin/../lib/gcc/arm-none-eabi/14.3.1/../../../../arm-none-eabi/lib/thumb/v7-m/nofp\libc_nano.a(libc_a-nano-vfprintf_i.o)
                0x08009e20                _printf_i
 .text.memmove  0x0800a06c       0x32 E:/STM/STM32CubeIDE_2.1.1/STM32CubeIDE/plugins/com.st.stm32cube.ide.mcu.externaltools.gnu-tools-for-stm32.14.3.rel1.win32_1.0.100.202602081740/tools/bin/../lib/gcc/arm-none-eabi/14.3.1/../../../../arm-none-eabi/lib/thumb/v7-m/nofp\libc_nano.a(libc_a-memmove.o)
                0x0800a06c                memmove
 *fill*         0x0800a09e        0x2 
 .text._sbrk_r  0x0800a0a0       0x20 E:/STM/STM32CubeIDE_2.1.1/STM32CubeIDE/plugins/com.st.stm32cube.ide.mcu.externaltools.gnu-tools-for-stm32.14.3.rel1.win32_1.0.100.202602081740/tools/bin/../lib/gcc/arm-none-eabi/14.3.1/../../../../arm-none-eabi/lib/thumb/v7-m/nofp\libc_nano.a(libc_a-sbrkr.o)
                0x0800a0a0                _sbrk_r
 .text.memchr   0x0800a0c0       0x1c E:/STM/STM32CubeIDE_2.1.1/STM32CubeIDE/plugins/com.st.stm32cube.ide.mcu.externaltools.gnu-tools-for-stm32.14.3.rel1.win32_1.0.100.202602081740/tools/bin/../lib/gcc/arm-none-eabi/14.3.1/../../../../arm-none-eabi/lib/thumb/v7-m/nofp\libc_nano.a(libc_a-memchr-stub.o)
                0x0800a0c0                memchr
 .text._realloc_r
                0x0800a0dc       0x5c E:/STM/STM32CubeIDE_2.1.1/STM32CubeIDE/plugins/com.st.stm32cube.ide.mcu.externaltools.gnu-tools-for-stm32.14.3.rel1.win32_1.0.100.202602081740/tools/bin/../lib/gcc/arm-none-eabi/14.3.1/../../../../arm-none-eabi/lib/thumb/v7-m/nofp\libc_nano.a(libc_a-reallocr.o)
                0x0800a0dc                _realloc_r
 .text._malloc_usable_size_r
                0x0800a138       0x10 E:/STM/STM32CubeIDE_2.1.1/STM32CubeIDE/plugins/com.st.stm32cube.ide.mcu.externaltools.gnu-tools-for-stm32.14.3.rel1.win32_1.0.100.202602081740/tools/bin/../lib/gcc/arm-none-eabi/14.3.1/../../../../arm-none-eabi/lib/thumb/v7-m/nofp\libc_nano.a(libc_a-msizer.o)
                0x0800a138                _malloc_usable_size_r
 *(.glue_7)
 .glue_7        0x0800a148        0x0 linker stubs
 *(.glue_7t)
 .glue_7t       0x0800a148        0x0 linker stubs
 *(.eh_frame)
 .eh_frame      0x0800a148        0x0 E:/STM/STM32CubeIDE_2.1.1/STM32CubeIDE/plugins/com.st.stm32cube.ide.mcu.externaltools.gnu-tools-for-stm32.14.3.rel1.win32_1.0.100.202602081740/tools/bin/../lib/gcc/arm-none-eabi/14.3.1/thumb/v7-m/nofp/crtbegin.o
 *(.init)
 .init          0x0800a148        0x4 E:/STM/STM32CubeIDE_2.1.1/STM32CubeIDE/plugins/com.st.stm32cube.ide.mcu.externaltools.gnu-tools-for-stm32.14.3.rel1.win32_1.0.100.202602081740/tools/bin/../lib/gcc/arm-none-eabi/14.3.1/thumb/v7-m/nofp/crti.o
                0x0800a148                _init
 .init          0x0800a14c        0x8 E:/STM/STM32CubeIDE_2.1.1/STM32CubeIDE/plugins/com.st.stm32cube.ide.mcu.externaltools.gnu-tools-for-stm32.14.3.rel1.win32_1.0.100.202602081740/tools/bin/../lib/gcc/arm-none-eabi/14.3.1/thumb/v7-m/nofp/crtn.o
 *(.fini)
 .fini          0x0800a154        0x4 E:/STM/STM32CubeIDE_2.1.1/STM32CubeIDE/plugins/com.st.stm32cube.ide.mcu.externaltools.gnu-tools-for-stm32.14.3.rel1.win32_1.0.100.202602081740/tools/bin/../lib/gcc/arm-none-eabi/14.3.1/thumb/v7-m/nofp/crti.o
                0x0800a154                _fini
 .fini          0x0800a158        0x8 E:/STM/STM32CubeIDE_2.1.1/STM32CubeIDE/plugins/com.st.stm32cube.ide.mcu.externaltools.gnu-tools-for-stm32.14.3.rel1.win32_1.0.100.202602081740/tools/bin/../lib/gcc/arm-none-eabi/14.3.1/thumb/v7-m/nofp/crtn.o
                0x0800a160                        . = ALIGN (0x4)
                0x0800a160                        _etext = .

.vfp11_veneer   0x0800a160        0x0
 .vfp11_veneer  0x0800a160        0x0 linker stubs

.v4_bx          0x0800a160        0x0
 .v4_bx         0x0800a160        0x0 linker stubs

.iplt           0x0800a160        0x0
 .iplt          0x0800a160        0x0 E:/STM/STM32CubeIDE_2.1.1/STM32CubeIDE/plugins/com.st.stm32cube.ide.mcu.externaltools.gnu-tools-for-stm32.14.3.rel1.win32_1.0.100.202602081740/tools/bin/../lib/gcc/arm-none-eabi/14.3.1/thumb/v7-m/nofp/crtbegin.o

.rodata         0x0800a160     0x1648
                0x0800a160                        . = ALIGN (0x4)
 *(.rodata)
 .rodata        0x0800a160       0xbe ./Core/Src/main.o
 *fill*         0x0800a21e        0x2 
 .rodata        0x0800a220       0x46 ./USB_DEVICE/App/usbd_desc.o
 *(.rodata*)
 *fill*         0x0800a266        0x2 
 .rodata.Font7x10
                0x0800a268      0x76c ./Core/Src/ssd1306_fonts.o
 .rodata.Font11x18
                0x0800a9d4      0xd5c ./Core/Src/ssd1306_fonts.o
 .rodata.Font_7x10
                0x0800b730        0xc ./Core/Src/ssd1306_fonts.o
                0x0800b730                Font_7x10
 .rodata.Font_11x18
                0x0800b73c        0xc ./Core/Src/ssd1306_fonts.o
                0x0800b73c                Font_11x18
 .rodata.AHBPrescTable
                0x0800b748       0x10 ./Core/Src/system_stm32f1xx.o
                0x0800b748                AHBPrescTable
 .rodata.APBPrescTable
                0x0800b758        0x8 ./Core/Src/system_stm32f1xx.o
                0x0800b758                APBPrescTable
 .rodata.aPLLMULFactorTable.1
                0x0800b760       0x10 ./Drivers/STM32F1xx_HAL_Driver/Src/stm32f1xx_hal_rcc.o
 .rodata.aPredivFactorTable.0
                0x0800b770        0x2 ./Drivers/STM32F1xx_HAL_Driver/Src/stm32f1xx_hal_rcc.o
 .rodata._svfprintf_r.str1.1
                0x0800b772       0x33 E:/STM/STM32CubeIDE_2.1.1/STM32CubeIDE/plugins/com.st.stm32cube.ide.mcu.externaltools.gnu-tools-for-stm32.14.3.rel1.win32_1.0.100.202602081740/tools/bin/../lib/gcc/arm-none-eabi/14.3.1/../../../../arm-none-eabi/lib/thumb/v7-m/nofp\libc_nano.a(libc_a-nano-svfprintf.o)
                                 0x11 (size before relaxing)
 .rodata._printf_i.str1.1
                0x0800b7a5       0x22 E:/STM/STM32CubeIDE_2.1.1/STM32CubeIDE/plugins/com.st.stm32cube.ide.mcu.externaltools.gnu-tools-for-stm32.14.3.rel1.win32_1.0.100.202602081740/tools/bin/../lib/gcc/arm-none-eabi/14.3.1/../../../../arm-none-eabi/lib/thumb/v7-m/nofp\libc_nano.a(libc_a-nano-vfprintf_i.o)
                0x0800b7c8                        . = ALIGN (0x4)
 *fill*         0x0800b7a5        0x3 

.ARM.extab      0x0800b7a8        0x0
                0x0800b7a8                        . = ALIGN (0x4)
 *(.ARM.extab* .gnu.linkonce.armextab.*)
                0x0800b7a8                        . = ALIGN (0x4)

.ARM            0x0800b7a8        0x8
                0x0800b7a8                        . = ALIGN (0x4)
                0x0800b7a8                        __exidx_start = .
 *(.ARM.exidx*)
 .ARM.exidx     0x0800b7a8        0x8 E:/STM/STM32CubeIDE_2.1.1/STM32CubeIDE/plugins/com.st.stm32cube.ide.mcu.externaltools.gnu-tools-for-stm32.14.3.rel1.win32_1.0.100.202602081740/tools/bin/../lib/gcc/arm-none-eabi/14.3.1/../../../../arm-none-eabi/lib/thumb/v7-m/nofp\libc_nano.a(libc_a-strcmp.o)
 .ARM.exidx     0x0800b7b0        0x0 E:/STM/STM32CubeIDE_2.1.1/STM32CubeIDE/plugins/com.st.stm32cube.ide.mcu.externaltools.gnu-tools-for-stm32.14.3.rel1.win32_1.0.100.202602081740/tools/bin/../lib/gcc/arm-none-eabi/14.3.1/../../../../arm-none-eabi/lib/thumb/v7-m/nofp\libc_nano.a(libc_a-strlen.o)
                                  0x8 (size before relaxing)
                0x0800b7b0                        __exidx_end = .
                0x0800b7b0                        . = ALIGN (0x4)

.preinit_array  0x0800b7b0        0x0
                0x0800b7b0                        . = ALIGN (0x4)
                0x0800b7b0                        PROVIDE (__preinit_array_start = .)
 *(.preinit_array*)
                0x0800b7b0                        PROVIDE (__preinit_array_end = .)
                0x0800b7b0                        . = ALIGN (0x4)

.init_array     0x0800b7b0        0x4
                0x0800b7b0                        . = ALIGN (0x4)
                0x0800b7b0                        PROVIDE (__init_array_start = .)
 *(SORT_BY_NAME(.init_array.*))
 *(.init_array*)
 .init_array    0x0800b7b0        0x4 E:/STM/STM32CubeIDE_2.1.1/STM32CubeIDE/plugins/com.st.stm32cube.ide.mcu.externaltools.gnu-tools-for-stm32.14.3.rel1.win32_1.0.100.202602081740/tools/bin/../lib/gcc/arm-none-eabi/14.3.1/thumb/v7-m/nofp/crtbegin.o
                0x0800b7b4                        PROVIDE (__init_array_end = .)
                0x0800b7b4                        . = ALIGN (0x4)

.fini_array     0x0800b7b4        0x4
                0x0800b7b4                        . = ALIGN (0x4)
                [!provide]                        PROVIDE (__fini_array_start = .)
 *(SORT_BY_NAME(.fini_array.*))
 *(.fini_array*)
 .fini_array    0x0800b7b4        0x4 E:/STM/STM32CubeIDE_2.1.1/STM32CubeIDE/plugins/com.st.stm32cube.ide.mcu.externaltools.gnu-tools-for-stm32.14.3.rel1.win32_1.0.100.202602081740/tools/bin/../lib/gcc/arm-none-eabi/14.3.1/thumb/v7-m/nofp/crtbegin.o
                [!provide]                        PROVIDE (__fini_array_end = .)
                0x0800b7b8                        . = ALIGN (0x4)
                0x0800b7b8                        _sidata = LOADADDR (.data)

.rel.dyn        0x0800b7b8        0x0
 .rel.iplt      0x0800b7b8        0x0 E:/STM/STM32CubeIDE_2.1.1/STM32CubeIDE/plugins/com.st.stm32cube.ide.mcu.externaltools.gnu-tools-for-stm32.14.3.rel1.win32_1.0.100.202602081740/tools/bin/../lib/gcc/arm-none-eabi/14.3.1/thumb/v7-m/nofp/crtbegin.o

.data           0x20000000      0x1cc load address 0x0800b7b8
                0x20000000                        . = ALIGN (0x4)
                0x20000000                        _sdata = .
 *(.data)
 *(.data*)
 .data.SystemCoreClock
                0x20000000        0x4 ./Core/Src/system_stm32f1xx.o
                0x20000000                SystemCoreClock
 .data.uwTickPrio
                0x20000004        0x4 ./Drivers/STM32F1xx_HAL_Driver/Src/stm32f1xx_hal.o
                0x20000004                uwTickPrio
 .data.uwTickFreq
                0x20000008        0x1 ./Drivers/STM32F1xx_HAL_Driver/Src/stm32f1xx_hal.o
                0x20000008                uwTickFreq
 *fill*         0x20000009        0x3 
 .data.USBD_CDC_DeviceQualifierDesc
                0x2000000c        0xa ./Middlewares/ST/STM32_USB_Device_Library/Class/CDC/Src/usbd_cdc.o
 *fill*         0x20000016        0x2 
 .data.USBD_CDC
                0x20000018       0x38 ./Middlewares/ST/STM32_USB_Device_Library/Class/CDC/Src/usbd_cdc.o
                0x20000018                USBD_CDC
 .data.USBD_CDC_CfgHSDesc
                0x20000050       0x43 ./Middlewares/ST/STM32_USB_Device_Library/Class/CDC/Src/usbd_cdc.o
                0x20000050                USBD_CDC_CfgHSDesc
 *fill*         0x20000093        0x1 
 .data.USBD_CDC_CfgFSDesc
                0x20000094       0x43 ./Middlewares/ST/STM32_USB_Device_Library/Class/CDC/Src/usbd_cdc.o
                0x20000094                USBD_CDC_CfgFSDesc
 *fill*         0x200000d7        0x1 
 .data.USBD_CDC_OtherSpeedCfgDesc
                0x200000d8       0x43 ./Middlewares/ST/STM32_USB_Device_Library/Class/CDC/Src/usbd_cdc.o
                0x200000d8                USBD_CDC_OtherSpeedCfgDesc
 *fill*         0x2000011b        0x1 
 .data.USBD_Interface_fops_FS
                0x2000011c       0x10 ./USB_DEVICE/App/usbd_cdc_if.o
                0x2000011c                USBD_Interface_fops_FS
 .data.FS_Desc  0x2000012c       0x1c ./USB_DEVICE/App/usbd_desc.o
                0x2000012c                FS_Desc
 .data.USBD_FS_DeviceDesc
                0x20000148       0x12 ./USB_DEVICE/App/usbd_desc.o
                0x20000148                USBD_FS_DeviceDesc
 *fill*         0x2000015a        0x2 
 .data.USBD_LangIDDesc
                0x2000015c        0x4 ./USB_DEVICE/App/usbd_desc.o
                0x2000015c                USBD_LangIDDesc
 .data.USBD_StringSerial
                0x20000160       0x1a ./USB_DEVICE/App/usbd_desc.o
                0x20000160                USBD_StringSerial
 *fill*         0x2000017a        0x2 
 .data._impure_ptr
                0x2000017c        0x4 E:/STM/STM32CubeIDE_2.1.1/STM32CubeIDE/plugins/com.st.stm32cube.ide.mcu.externaltools.gnu-tools-for-stm32.14.3.rel1.win32_1.0.100.202602081740/tools/bin/../lib/gcc/arm-none-eabi/14.3.1/../../../../arm-none-eabi/lib/thumb/v7-m/nofp\libc_nano.a(libc_a-impure.o)
                0x2000017c                _impure_ptr
 .data._impure_data
                0x20000180       0x4c E:/STM/STM32CubeIDE_2.1.1/STM32CubeIDE/plugins/com.st.stm32cube.ide.mcu.externaltools.gnu-tools-for-stm32.14.3.rel1.win32_1.0.100.202602081740/tools/bin/../lib/gcc/arm-none-eabi/14.3.1/../../../../arm-none-eabi/lib/thumb/v7-m/nofp\libc_nano.a(libc_a-impure.o)
                0x20000180                _impure_data
 *(.RamFunc)
 *(.RamFunc*)
                0x200001cc                        . = ALIGN (0x4)
                0x200001cc                        _edata = .

.igot.plt       0x200001cc        0x0 load address 0x0800b984
 .igot.plt      0x200001cc        0x0 E:/STM/STM32CubeIDE_2.1.1/STM32CubeIDE/plugins/com.st.stm32cube.ide.mcu.externaltools.gnu-tools-for-stm32.14.3.rel1.win32_1.0.100.202602081740/tools/bin/../lib/gcc/arm-none-eabi/14.3.1/thumb/v7-m/nofp/crtbegin.o
                0x200001cc                        . = ALIGN (0x4)

.bss            0x200001cc     0x18b8 load address 0x0800b984
                0x200001cc                        _sbss = .
                0x200001cc                        __bss_start__ = _sbss
 *(.bss)
 .bss           0x200001cc       0x1c E:/STM/STM32CubeIDE_2.1.1/STM32CubeIDE/plugins/com.st.stm32cube.ide.mcu.externaltools.gnu-tools-for-stm32.14.3.rel1.win32_1.0.100.202602081740/tools/bin/../lib/gcc/arm-none-eabi/14.3.1/thumb/v7-m/nofp/crtbegin.o
 *(.bss*)
 .bss.hi2c1     0x200001e8       0x54 ./Core/Src/main.o
                0x200001e8                hi2c1
 .bss.htim3     0x2000023c       0x48 ./Core/Src/main.o
                0x2000023c                htim3
 .bss.htim4     0x20000284       0x48 ./Core/Src/main.o
                0x20000284                htim4
 .bss.usb_rx_buffer
                0x200002cc       0x80 ./Core/Src/main.o
                0x200002cc                usb_rx_buffer
 .bss.usb_rx_len
                0x2000034c        0x4 ./Core/Src/main.o
                0x2000034c                usb_rx_len
 .bss.usb_rx_complete
                0x20000350        0x1 ./Core/Src/main.o
                0x20000350                usb_rx_complete
 *fill*         0x20000351        0x3 
 .bss.SSD1306_Buffer
                0x20000354      0x400 ./Core/Src/ssd1306.o
 .bss.SSD1306   0x20000754        0x6 ./Core/Src/ssd1306.o
 *fill*         0x2000075a        0x2 
 .bss.__sbrk_heap_end
                0x2000075c        0x4 ./Core/Src/sysmem.o
 .bss.uwTick    0x20000760        0x4 ./Drivers/STM32F1xx_HAL_Driver/Src/stm32f1xx_hal.o
                0x20000760                uwTick
 .bss.cfgidx.0  0x20000764        0x1 ./Middlewares/ST/STM32_USB_Device_Library/Core/Src/usbd_ctlreq.o
 *fill*         0x20000765        0x3 
 .bss.hUsbDeviceFS
                0x20000768      0x2c4 ./USB_DEVICE/App/usb_device.o
                0x20000768                hUsbDeviceFS
 .bss.UserRxBufferFS
                0x20000a2c      0x400 ./USB_DEVICE/App/usbd_cdc_if.o
                0x20000a2c                UserRxBufferFS
 .bss.UserTxBufferFS
                0x20000e2c      0x400 ./USB_DEVICE/App/usbd_cdc_if.o
                0x20000e2c                UserTxBufferFS
 .bss.USBD_StrDesc
                0x2000122c      0x200 ./USB_DEVICE/App/usbd_desc.o
                0x2000122c                USBD_StrDesc
 .bss.hpcd_USB_FS
                0x2000142c      0x2f0 ./USB_DEVICE/Target/usbd_conf.o
                0x2000142c                hpcd_USB_FS
 .bss.mem.0     0x2000171c      0x220 ./USB_DEVICE/Target/usbd_conf.o
 .bss.__sf      0x2000193c      0x138 E:/STM/STM32CubeIDE_2.1.1/STM32CubeIDE/plugins/com.st.stm32cube.ide.mcu.externaltools.gnu-tools-for-stm32.14.3.rel1.win32_1.0.100.202602081740/tools/bin/../lib/gcc/arm-none-eabi/14.3.1/../../../../arm-none-eabi/lib/thumb/v7-m/nofp\libc_nano.a(libc_a-findfp.o)
                0x2000193c                __sf
 .bss.errno     0x20001a74        0x4 E:/STM/STM32CubeIDE_2.1.1/STM32CubeIDE/plugins/com.st.stm32cube.ide.mcu.externaltools.gnu-tools-for-stm32.14.3.rel1.win32_1.0.100.202602081740/tools/bin/../lib/gcc/arm-none-eabi/14.3.1/../../../../arm-none-eabi/lib/thumb/v7-m/nofp\libc_nano.a(libc_a-reent.o)
                0x20001a74                errno
 .bss.__lock___malloc_recursive_mutex
                0x20001a78        0x1 E:/STM/STM32CubeIDE_2.1.1/STM32CubeIDE/plugins/com.st.stm32cube.ide.mcu.externaltools.gnu-tools-for-stm32.14.3.rel1.win32_1.0.100.202602081740/tools/bin/../lib/gcc/arm-none-eabi/14.3.1/../../../../arm-none-eabi/lib/thumb/v7-m/nofp\libc_nano.a(libc_a-lock.o)
                0x20001a78                __lock___malloc_recursive_mutex
 *fill*         0x20001a79        0x3 
 .bss.__malloc_sbrk_start
                0x20001a7c        0x4 E:/STM/STM32CubeIDE_2.1.1/STM32CubeIDE/plugins/com.st.stm32cube.ide.mcu.externaltools.gnu-tools-for-stm32.14.3.rel1.win32_1.0.100.202602081740/tools/bin/../lib/gcc/arm-none-eabi/14.3.1/../../../../arm-none-eabi/lib/thumb/v7-m/nofp\libc_nano.a(libc_a-mallocr.o)
                0x20001a7c                __malloc_sbrk_start
 .bss.__malloc_free_list
                0x20001a80        0x4 E:/STM/STM32CubeIDE_2.1.1/STM32CubeIDE/plugins/com.st.stm32cube.ide.mcu.externaltools.gnu-tools-for-stm32.14.3.rel1.win32_1.0.100.202602081740/tools/bin/../lib/gcc/arm-none-eabi/14.3.1/../../../../arm-none-eabi/lib/thumb/v7-m/nofp\libc_nano.a(libc_a-mallocr.o)
                0x20001a80                __malloc_free_list
 *(COMMON)
                0x20001a84                        . = ALIGN (0x4)
                0x20001a84                        _ebss = .
                0x20001a84                        __bss_end__ = _ebss

._user_heap_stack
                0x20001a84      0x604 load address 0x0800b984
                0x20001a88                        . = ALIGN (0x8)
 *fill*         0x20001a84        0x4 
                [!provide]                        PROVIDE (end = .)
                0x20001a88                        PROVIDE (_end = .)
                0x20001c88                        . = (. + _Min_Heap_Size)
 *fill*         0x20001a88      0x200 
                0x20002088                        . = (. + _Min_Stack_Size)
 *fill*         0x20001c88      0x400 
                0x20002088                        . = ALIGN (0x8)

/DISCARD/
 libc.a(*)
 libm.a(*)
 libgcc.a(*)

.ARM.attributes
                0x00000000       0x29
 *(.ARM.attributes)
 .ARM.attributes
                0x00000000       0x1d E:/STM/STM32CubeIDE_2.1.1/STM32CubeIDE/plugins/com.st.stm32cube.ide.mcu.externaltools.gnu-tools-for-stm32.14.3.rel1.win32_1.0.100.202602081740/tools/bin/../lib/gcc/arm-none-eabi/14.3.1/thumb/v7-m/nofp/crti.o
 .ARM.attributes
                0x0000001d       0x2d E:/STM/STM32CubeIDE_2.1.1/STM32CubeIDE/plugins/com.st.stm32cube.ide.mcu.externaltools.gnu-tools-for-stm32.14.3.rel1.win32_1.0.100.202602081740/tools/bin/../lib/gcc/arm-none-eabi/14.3.1/thumb/v7-m/nofp/crtbegin.o
 .ARM.attributes
                0x0000004a       0x2d ./Core/Src/main.o
 .ARM.attributes
                0x00000077       0x2d ./Core/Src/ssd1306.o
 .ARM.attributes
                0x000000a4       0x2d ./Core/Src/ssd1306_fonts.o
 .ARM.attributes
                0x000000d1       0x2d ./Core/Src/stm32f1xx_hal_msp.o
 .ARM.attributes
                0x000000fe       0x2d ./Core/Src/stm32f1xx_it.o
 .ARM.attributes
                0x0000012b       0x2d ./Core/Src/sysmem.o
 .ARM.attributes
                0x00000158       0x2d ./Core/Src/system_stm32f1xx.o
 .ARM.attributes
                0x00000185       0x21 ./Core/Startup/startup_stm32f103c8tx.o
 .ARM.attributes
                0x000001a6       0x2d ./Drivers/STM32F1xx_HAL_Driver/Src/stm32f1xx_hal.o
 .ARM.attributes
                0x000001d3       0x2d ./Drivers/STM32F1xx_HAL_Driver/Src/stm32f1xx_hal_cortex.o
 .ARM.attributes
                0x00000200       0x2d ./Drivers/STM32F1xx_HAL_Driver/Src/stm32f1xx_hal_gpio.o
 .ARM.attributes
                0x0000022d       0x2d ./Drivers/STM32F1xx_HAL_Driver/Src/stm32f1xx_hal_i2c.o
 .ARM.attributes
                0x0000025a       0x2d ./Drivers/STM32F1xx_HAL_Driver/Src/stm32f1xx_hal_pcd.o
 .ARM.attributes
                0x00000287       0x2d ./Drivers/STM32F1xx_HAL_Driver/Src/stm32f1xx_hal_pcd_ex.o
 .ARM.attributes
                0x000002b4       0x2d ./Drivers/STM32F1xx_HAL_Driver/Src/stm32f1xx_hal_rcc.o
 .ARM.attributes
                0x000002e1       0x2d ./Drivers/STM32F1xx_HAL_Driver/Src/stm32f1xx_hal_rcc_ex.o
 .ARM.attributes
                0x0000030e       0x2d ./Drivers/STM32F1xx_HAL_Driver/Src/stm32f1xx_hal_tim.o
 .ARM.attributes
                0x0000033b       0x2d ./Drivers/STM32F1xx_HAL_Driver/Src/stm32f1xx_hal_tim_ex.o
 .ARM.attributes
                0x00000368       0x2d ./Drivers/STM32F1xx_HAL_Driver/Src/stm32f1xx_ll_usb.o
 .ARM.attributes
                0x00000395       0x2d ./Middlewares/ST/STM32_USB_Device_Library/Class/CDC/Src/usbd_cdc.o
 .ARM.attributes
                0x000003c2       0x2d ./Middlewares/ST/STM32_USB_Device_Library/Core/Src/usbd_core.o
 .ARM.attributes
                0x000003ef       0x2d ./Middlewares/ST/STM32_USB_Device_Library/Core/Src/usbd_ctlreq.o
 .ARM.attributes
                0x0000041c       0x2d ./Middlewares/ST/STM32_USB_Device_Library/Core/Src/usbd_ioreq.o
 .ARM.attributes
                0x00000449       0x2d ./USB_DEVICE/App/usb_device.o
 .ARM.attributes
                0x00000476       0x2d ./USB_DEVICE/App/usbd_cdc_if.o
 .ARM.attributes
                0x000004a3       0x2d ./USB_DEVICE/App/usbd_desc.o
 .ARM.attributes
                0x000004d0       0x2d ./USB_DEVICE/Target/usbd_conf.o
 .ARM.attributes
                0x000004fd       0x2d E:/STM/STM32CubeIDE_2.1.1/STM32CubeIDE/plugins/com.st.stm32cube.ide.mcu.externaltools.gnu-tools-for-stm32.14.3.rel1.win32_1.0.100.202602081740/tools/bin/../lib/gcc/arm-none-eabi/14.3.1/../../../../arm-none-eabi/lib/thumb/v7-m/nofp\libc_nano.a(libc_a-findfp.o)
 .ARM.attributes
                0x0000052a       0x2d E:/STM/STM32CubeIDE_2.1.1/STM32CubeIDE/plugins/com.st.stm32cube.ide.mcu.externaltools.gnu-tools-for-stm32.14.3.rel1.win32_1.0.100.202602081740/tools/bin/../lib/gcc/arm-none-eabi/14.3.1/../../../../arm-none-eabi/lib/thumb/v7-m/nofp\libc_nano.a(libc_a-sprintf.o)
 .ARM.attributes
                0x00000557       0x2d E:/STM/STM32CubeIDE_2.1.1/STM32CubeIDE/plugins/com.st.stm32cube.ide.mcu.externaltools.gnu-tools-for-stm32.14.3.rel1.win32_1.0.100.202602081740/tools/bin/../lib/gcc/arm-none-eabi/14.3.1/../../../../arm-none-eabi/lib/thumb/v7-m/nofp\libc_nano.a(libc_a-memset.o)
 .ARM.attributes
                0x00000584       0x2d E:/STM/STM32CubeIDE_2.1.1/STM32CubeIDE/plugins/com.st.stm32cube.ide.mcu.externaltools.gnu-tools-for-stm32.14.3.rel1.win32_1.0.100.202602081740/tools/bin/../lib/gcc/arm-none-eabi/14.3.1/../../../../arm-none-eabi/lib/thumb/v7-m/nofp\libc_nano.a(libc_a-reent.o)
 .ARM.attributes
                0x000005b1       0x2d E:/STM/STM32CubeIDE_2.1.1/STM32CubeIDE/plugins/com.st.stm32cube.ide.mcu.externaltools.gnu-tools-for-stm32.14.3.rel1.win32_1.0.100.202602081740/tools/bin/../lib/gcc/arm-none-eabi/14.3.1/../../../../arm-none-eabi/lib/thumb/v7-m/nofp\libc_nano.a(libc_a-impure.o)
 .ARM.attributes
                0x000005de       0x2d E:/STM/STM32CubeIDE_2.1.1/STM32CubeIDE/plugins/com.st.stm32cube.ide.mcu.externaltools.gnu-tools-for-stm32.14.3.rel1.win32_1.0.100.202602081740/tools/bin/../lib/gcc/arm-none-eabi/14.3.1/../../../../arm-none-eabi/lib/thumb/v7-m/nofp\libc_nano.a(libc_a-errno.o)
 .ARM.attributes
                0x0000060b       0x2d E:/STM/STM32CubeIDE_2.1.1/STM32CubeIDE/plugins/com.st.stm32cube.ide.mcu.externaltools.gnu-tools-for-stm32.14.3.rel1.win32_1.0.100.202602081740/tools/bin/../lib/gcc/arm-none-eabi/14.3.1/../../../../arm-none-eabi/lib/thumb/v7-m/nofp\libc_nano.a(libc_a-init.o)
 .ARM.attributes
                0x00000638       0x2d E:/STM/STM32CubeIDE_2.1.1/STM32CubeIDE/plugins/com.st.stm32cube.ide.mcu.externaltools.gnu-tools-for-stm32.14.3.rel1.win32_1.0.100.202602081740/tools/bin/../lib/gcc/arm-none-eabi/14.3.1/../../../../arm-none-eabi/lib/thumb/v7-m/nofp\libc_nano.a(libc_a-lock.o)
 .ARM.attributes
                0x00000665       0x1b E:/STM/STM32CubeIDE_2.1.1/STM32CubeIDE/plugins/com.st.stm32cube.ide.mcu.externaltools.gnu-tools-for-stm32.14.3.rel1.win32_1.0.100.202602081740/tools/bin/../lib/gcc/arm-none-eabi/14.3.1/../../../../arm-none-eabi/lib/thumb/v7-m/nofp\libc_nano.a(libc_a-strcmp.o)
 .ARM.attributes
                0x00000680       0x2d E:/STM/STM32CubeIDE_2.1.1/STM32CubeIDE/plugins/com.st.stm32cube.ide.mcu.externaltools.gnu-tools-for-stm32.14.3.rel1.win32_1.0.100.202602081740/tools/bin/../lib/gcc/arm-none-eabi/14.3.1/../../../../arm-none-eabi/lib/thumb/v7-m/nofp\libc_nano.a(libc_a-memcpy-stub.o)
 .ARM.attributes
                0x000006ad       0x17 E:/STM/STM32CubeIDE_2.1.1/STM32CubeIDE/plugins/com.st.stm32cube.ide.mcu.externaltools.gnu-tools-for-stm32.14.3.rel1.win32_1.0.100.202602081740/tools/bin/../lib/gcc/arm-none-eabi/14.3.1/../../../../arm-none-eabi/lib/thumb/v7-m/nofp\libc_nano.a(libc_a-strlen.o)
 .ARM.attributes
                0x000006c4       0x2d E:/STM/STM32CubeIDE_2.1.1/STM32CubeIDE/plugins/com.st.stm32cube.ide.mcu.externaltools.gnu-tools-for-stm32.14.3.rel1.win32_1.0.100.202602081740/tools/bin/../lib/gcc/arm-none-eabi/14.3.1/../../../../arm-none-eabi/lib/thumb/v7-m/nofp\libc_nano.a(libc_a-freer.o)
 .ARM.attributes
                0x000006f1       0x2d E:/STM/STM32CubeIDE_2.1.1/STM32CubeIDE/plugins/com.st.stm32cube.ide.mcu.externaltools.gnu-tools-for-stm32.14.3.rel1.win32_1.0.100.202602081740/tools/bin/../lib/gcc/arm-none-eabi/14.3.1/../../../../arm-none-eabi/lib/thumb/v7-m/nofp\libc_nano.a(libc_a-mallocr.o)
 .ARM.attributes
                0x0000071e       0x2d E:/STM/STM32CubeIDE_2.1.1/STM32CubeIDE/plugins/com.st.stm32cube.ide.mcu.externaltools.gnu-tools-for-stm32.14.3.rel1.win32_1.0.100.202602081740/tools/bin/../lib/gcc/arm-none-eabi/14.3.1/../../../../arm-none-eabi/lib/thumb/v7-m/nofp\libc_nano.a(libc_a-mlock.o)
 .ARM.attributes
                0x0000074b       0x2d E:/STM/STM32CubeIDE_2.1.1/STM32CubeIDE/plugins/com.st.stm32cube.ide.mcu.externaltools.gnu-tools-for-stm32.14.3.rel1.win32_1.0.100.202602081740/tools/bin/../lib/gcc/arm-none-eabi/14.3.1/../../../../arm-none-eabi/lib/thumb/v7-m/nofp\libc_nano.a(libc_a-nano-svfprintf.o)
 .ARM.attributes
                0x00000778       0x2d E:/STM/STM32CubeIDE_2.1.1/STM32CubeIDE/plugins/com.st.stm32cube.ide.mcu.externaltools.gnu-tools-for-stm32.14.3.rel1.win32_1.0.100.202602081740/tools/bin/../lib/gcc/arm-none-eabi/14.3.1/../../../../arm-none-eabi/lib/thumb/v7-m/nofp\libc_nano.a(libc_a-nano-vfprintf_i.o)
 .ARM.attributes
                0x000007a5       0x2d E:/STM/STM32CubeIDE_2.1.1/STM32CubeIDE/plugins/com.st.stm32cube.ide.mcu.externaltools.gnu-tools-for-stm32.14.3.rel1.win32_1.0.100.202602081740/tools/bin/../lib/gcc/arm-none-eabi/14.3.1/../../../../arm-none-eabi/lib/thumb/v7-m/nofp\libc_nano.a(libc_a-memmove.o)
 .ARM.attributes
                0x000007d2       0x2d E:/STM/STM32CubeIDE_2.1.1/STM32CubeIDE/plugins/com.st.stm32cube.ide.mcu.externaltools.gnu-tools-for-stm32.14.3.rel1.win32_1.0.100.202602081740/tools/bin/../lib/gcc/arm-none-eabi/14.3.1/../../../../arm-none-eabi/lib/thumb/v7-m/nofp\libc_nano.a(libc_a-sbrkr.o)
 .ARM.attributes
                0x000007ff       0x2d E:/STM/STM32CubeIDE_2.1.1/STM32CubeIDE/plugins/com.st.stm32cube.ide.mcu.externaltools.gnu-tools-for-stm32.14.3.rel1.win32_1.0.100.202602081740/tools/bin/../lib/gcc/arm-none-eabi/14.3.1/../../../../arm-none-eabi/lib/thumb/v7-m/nofp\libc_nano.a(libc_a-memchr-stub.o)
 .ARM.attributes
                0x0000082c       0x2d E:/STM/STM32CubeIDE_2.1.1/STM32CubeIDE/plugins/com.st.stm32cube.ide.mcu.externaltools.gnu-tools-for-stm32.14.3.rel1.win32_1.0.100.202602081740/tools/bin/../lib/gcc/arm-none-eabi/14.3.1/../../../../arm-none-eabi/lib/thumb/v7-m/nofp\libc_nano.a(libc_a-reallocr.o)
 .ARM.attributes
                0x00000859       0x2d E:/STM/STM32CubeIDE_2.1.1/STM32CubeIDE/plugins/com.st.stm32cube.ide.mcu.externaltools.gnu-tools-for-stm32.14.3.rel1.win32_1.0.100.202602081740/tools/bin/../lib/gcc/arm-none-eabi/14.3.1/../../../../arm-none-eabi/lib/thumb/v7-m/nofp\libc_nano.a(libc_a-msizer.o)
 .ARM.attributes
                0x00000886       0x1d E:/STM/STM32CubeIDE_2.1.1/STM32CubeIDE/plugins/com.st.stm32cube.ide.mcu.externaltools.gnu-tools-for-stm32.14.3.rel1.win32_1.0.100.202602081740/tools/bin/../lib/gcc/arm-none-eabi/14.3.1/thumb/v7-m/nofp/crtn.o
OUTPUT(Basic_Manipulator_V2.elf elf32-littlearm)
LOAD linker stubs
LOAD E:/STM/STM32CubeIDE_2.1.1/STM32CubeIDE/plugins/com.st.stm32cube.ide.mcu.externaltools.gnu-tools-for-stm32.14.3.rel1.win32_1.0.100.202602081740/tools/bin/../lib/gcc/arm-none-eabi/14.3.1/../../../../arm-none-eabi/lib/thumb/v7-m/nofp\libc.a
LOAD E:/STM/STM32CubeIDE_2.1.1/STM32CubeIDE/plugins/com.st.stm32cube.ide.mcu.externaltools.gnu-tools-for-stm32.14.3.rel1.win32_1.0.100.202602081740/tools/bin/../lib/gcc/arm-none-eabi/14.3.1/../../../../arm-none-eabi/lib/thumb/v7-m/nofp\libm.a
LOAD E:/STM/STM32CubeIDE_2.1.1/STM32CubeIDE/plugins/com.st.stm32cube.ide.mcu.externaltools.gnu-tools-for-stm32.14.3.rel1.win32_1.0.100.202602081740/tools/bin/../lib/gcc/arm-none-eabi/14.3.1/thumb/v7-m/nofp\libgcc.a

.debug_info     0x00000000    0x1574b
 .debug_info    0x00000000     0x1397 ./Core/Src/main.o
 .debug_info    0x00001397     0x1239 ./Core/Src/ssd1306.o
 .debug_info    0x000025d0      0x18a ./Core/Src/ssd1306_fonts.o
 .debug_info    0x0000275a      0xe45 ./Core/Src/stm32f1xx_hal_msp.o
 .debug_info    0x0000359f      0xbb2 ./Core/Src/stm32f1xx_it.o
 .debug_info    0x00004151      0x168 ./Core/Src/sysmem.o
 .debug_info    0x000042b9      0x222 ./Core/Src/system_stm32f1xx.o
 .debug_info    0x000044db       0x30 ./Core/Startup/startup_stm32f103c8tx.o
 .debug_info    0x0000450b      0x704 ./Drivers/STM32F1xx_HAL_Driver/Src/stm32f1xx_hal.o
 .debug_info    0x00004c0f      0xa87 ./Drivers/STM32F1xx_HAL_Driver/Src/stm32f1xx_hal_cortex.o
 .debug_info    0x00005696      0x5ab ./Drivers/STM32F1xx_HAL_Driver/Src/stm32f1xx_hal_gpio.o
 .debug_info    0x00005c41     0x2515 ./Drivers/STM32F1xx_HAL_Driver/Src/stm32f1xx_hal_i2c.o
 .debug_info    0x00008156     0x16cf ./Drivers/STM32F1xx_HAL_Driver/Src/stm32f1xx_hal_pcd.o
 .debug_info    0x00009825      0x6b6 ./Drivers/STM32F1xx_HAL_Driver/Src/stm32f1xx_hal_pcd_ex.o
 .debug_info    0x00009edb      0x7d5 ./Drivers/STM32F1xx_HAL_Driver/Src/stm32f1xx_hal_rcc.o
 .debug_info    0x0000a6b0      0x3c0 ./Drivers/STM32F1xx_HAL_Driver/Src/stm32f1xx_hal_rcc_ex.o
 .debug_info    0x0000aa70     0x293b ./Drivers/STM32F1xx_HAL_Driver/Src/stm32f1xx_hal_tim.o
 .debug_info    0x0000d3ab     0x149b ./Drivers/STM32F1xx_HAL_Driver/Src/stm32f1xx_hal_tim_ex.o
 .debug_info    0x0000e846     0x17a2 ./Drivers/STM32F1xx_HAL_Driver/Src/stm32f1xx_ll_usb.o
 .debug_info    0x0000ffe8     0x1036 ./Middlewares/ST/STM32_USB_Device_Library/Class/CDC/Src/usbd_cdc.o
 .debug_info    0x0001101e      0xa52 ./Middlewares/ST/STM32_USB_Device_Library/Core/Src/usbd_core.o
 .debug_info    0x00011a70      0x91c ./Middlewares/ST/STM32_USB_Device_Library/Core/Src/usbd_ctlreq.o
 .debug_info    0x0001238c      0x6a0 ./Middlewares/ST/STM32_USB_Device_Library/Core/Src/usbd_ioreq.o
 .debug_info    0x00012a2c      0x81e ./USB_DEVICE/App/usb_device.o
 .debug_info    0x0001324a      0x860 ./USB_DEVICE/App/usbd_cdc_if.o
 .debug_info    0x00013aaa      0x44a ./USB_DEVICE/App/usbd_desc.o
 .debug_info    0x00013ef4     0x1857 ./USB_DEVICE/Target/usbd_conf.o

.debug_abbrev   0x00000000     0x38c1
 .debug_abbrev  0x00000000      0x312 ./Core/Src/main.o
 .debug_abbrev  0x00000312      0x371 ./Core/Src/ssd1306.o
 .debug_abbrev  0x00000683       0xb4 ./Core/Src/ssd1306_fonts.o
 .debug_abbrev  0x00000737      0x201 ./Core/Src/stm32f1xx_hal_msp.o
 .debug_abbrev  0x00000938      0x1db ./Core/Src/stm32f1xx_it.o
 .debug_abbrev  0x00000b13       0xbc ./Core/Src/sysmem.o
 .debug_abbrev  0x00000bcf      0x13f ./Core/Src/system_stm32f1xx.o
 .debug_abbrev  0x00000d0e       0x24 ./Core/Startup/startup_stm32f103c8tx.o
 .debug_abbrev  0x00000d32      0x201 ./Drivers/STM32F1xx_HAL_Driver/Src/stm32f1xx_hal.o
 .debug_abbrev  0x00000f33      0x2f8 ./Drivers/STM32F1xx_HAL_Driver/Src/stm32f1xx_hal_cortex.o
 .debug_abbrev  0x0000122b      0x1ca ./Drivers/STM32F1xx_HAL_Driver/Src/stm32f1xx_hal_gpio.o
 .debug_abbrev  0x000013f5      0x2a3 ./Drivers/STM32F1xx_HAL_Driver/Src/stm32f1xx_hal_i2c.o
 .debug_abbrev  0x00001698      0x2d6 ./Drivers/STM32F1xx_HAL_Driver/Src/stm32f1xx_hal_pcd.o
 .debug_abbrev  0x0000196e      0x189 ./Drivers/STM32F1xx_HAL_Driver/Src/stm32f1xx_hal_pcd_ex.o
 .debug_abbrev  0x00001af7      0x2b3 ./Drivers/STM32F1xx_HAL_Driver/Src/stm32f1xx_hal_rcc.o
 .debug_abbrev  0x00001daa      0x188 ./Drivers/STM32F1xx_HAL_Driver/Src/stm32f1xx_hal_rcc_ex.o
 .debug_abbrev  0x00001f32      0x277 ./Drivers/STM32F1xx_HAL_Driver/Src/stm32f1xx_hal_tim.o
 .debug_abbrev  0x000021a9      0x282 ./Drivers/STM32F1xx_HAL_Driver/Src/stm32f1xx_hal_tim_ex.o
 .debug_abbrev  0x0000242b      0x1de ./Drivers/STM32F1xx_HAL_Driver/Src/stm32f1xx_ll_usb.o
 .debug_abbrev  0x00002609      0x2d3 ./Middlewares/ST/STM32_USB_Device_Library/Class/CDC/Src/usbd_cdc.o
 .debug_abbrev  0x000028dc      0x24a ./Middlewares/ST/STM32_USB_Device_Library/Core/Src/usbd_core.o
 .debug_abbrev  0x00002b26      0x26b ./Middlewares/ST/STM32_USB_Device_Library/Core/Src/usbd_ctlreq.o
 .debug_abbrev  0x00002d91      0x192 ./Middlewares/ST/STM32_USB_Device_Library/Core/Src/usbd_ioreq.o
 .debug_abbrev  0x00002f23      0x20f ./USB_DEVICE/App/usb_device.o
 .debug_abbrev  0x00003132      0x27a ./USB_DEVICE/App/usbd_cdc_if.o
 .debug_abbrev  0x000033ac      0x1ff ./USB_DEVICE/App/usbd_desc.o
 .debug_abbrev  0x000035ab      0x316 ./USB_DEVICE/Target/usbd_conf.o

.debug_aranges  0x00000000     0x13e8
 .debug_aranges
                0x00000000       0x60 ./Core/Src/main.o
 .debug_aranges
                0x00000060       0xe8 ./Core/Src/ssd1306.o
 .debug_aranges
                0x00000148       0x18 ./Core/Src/ssd1306_fonts.o
 .debug_aranges
                0x00000160       0x58 ./Core/Src/stm32f1xx_hal_msp.o
 .debug_aranges
                0x000001b8       0x80 ./Core/Src/stm32f1xx_it.o
 .debug_aranges
                0x00000238       0x20 ./Core/Src/sysmem.o
 .debug_aranges
                0x00000258       0x28 ./Core/Src/system_stm32f1xx.o
 .debug_aranges
                0x00000280       0x28 ./Core/Startup/startup_stm32f103c8tx.o
 .debug_aranges
                0x000002a8       0xe0 ./Drivers/STM32F1xx_HAL_Driver/Src/stm32f1xx_hal.o
 .debug_aranges
                0x00000388      0x100 ./Drivers/STM32F1xx_HAL_Driver/Src/stm32f1xx_hal_cortex.o
 .debug_aranges
                0x00000488       0x58 ./Drivers/STM32F1xx_HAL_Driver/Src/stm32f1xx_hal_gpio.o
 .debug_aranges
                0x000004e0      0x2a8 ./Drivers/STM32F1xx_HAL_Driver/Src/stm32f1xx_hal_i2c.o
 .debug_aranges
                0x00000788      0x140 ./Drivers/STM32F1xx_HAL_Driver/Src/stm32f1xx_hal_pcd.o
 .debug_aranges
                0x000008c8       0x38 ./Drivers/STM32F1xx_HAL_Driver/Src/stm32f1xx_hal_pcd_ex.o
 .debug_aranges
                0x00000900       0x90 ./Drivers/STM32F1xx_HAL_Driver/Src/stm32f1xx_hal_rcc.o
 .debug_aranges
                0x00000990       0x30 ./Drivers/STM32F1xx_HAL_Driver/Src/stm32f1xx_hal_rcc_ex.o
 .debug_aranges
                0x000009c0      0x3d0 ./Drivers/STM32F1xx_HAL_Driver/Src/stm32f1xx_hal_tim.o
 .debug_aranges
                0x00000d90      0x168 ./Drivers/STM32F1xx_HAL_Driver/Src/stm32f1xx_hal_tim_ex.o
 .debug_aranges
                0x00000ef8       0xf8 ./Drivers/STM32F1xx_HAL_Driver/Src/stm32f1xx_ll_usb.o
 .debug_aranges
                0x00000ff0       0x90 ./Middlewares/ST/STM32_USB_Device_Library/Class/CDC/Src/usbd_cdc.o
 .debug_aranges
                0x00001080       0xb8 ./Middlewares/ST/STM32_USB_Device_Library/Core/Src/usbd_core.o
 .debug_aranges
                0x00001138       0x88 ./Middlewares/ST/STM32_USB_Device_Library/Core/Src/usbd_ctlreq.o
 .debug_aranges
                0x000011c0       0x50 ./Middlewares/ST/STM32_USB_Device_Library/Core/Src/usbd_ioreq.o
 .debug_aranges
                0x00001210       0x20 ./USB_DEVICE/App/usb_device.o
 .debug_aranges
                0x00001230       0x40 ./USB_DEVICE/App/usbd_cdc_if.o
 .debug_aranges
                0x00001270       0x60 ./USB_DEVICE/App/usbd_desc.o
 .debug_aranges
                0x000012d0      0x118 ./USB_DEVICE/Target/usbd_conf.o

.debug_rnglists
                0x00000000      0xf3b
 .debug_rnglists
                0x00000000       0x49 ./Core/Src/main.o
 .debug_rnglists
                0x00000049       0xb4 ./Core/Src/ssd1306.o
 .debug_rnglists
                0x000000fd       0x3e ./Core/Src/stm32f1xx_hal_msp.o
 .debug_rnglists
                0x0000013b       0x5b ./Core/Src/stm32f1xx_it.o
 .debug_rnglists
                0x00000196       0x13 ./Core/Src/sysmem.o
 .debug_rnglists
                0x000001a9       0x1a ./Core/Src/system_stm32f1xx.o
 .debug_rnglists
                0x000001c3       0x19 ./Core/Startup/startup_stm32f103c8tx.o
 .debug_rnglists
                0x000001dc       0xa3 ./Drivers/STM32F1xx_HAL_Driver/Src/stm32f1xx_hal.o
 .debug_rnglists
                0x0000027f       0xbb ./Drivers/STM32F1xx_HAL_Driver/Src/stm32f1xx_hal_cortex.o
 .debug_rnglists
                0x0000033a       0x3f ./Drivers/STM32F1xx_HAL_Driver/Src/stm32f1xx_hal_gpio.o
 .debug_rnglists
                0x00000379      0x23c ./Drivers/STM32F1xx_HAL_Driver/Src/stm32f1xx_hal_i2c.o
 .debug_rnglists
                0x000005b5       0xf4 ./Drivers/STM32F1xx_HAL_Driver/Src/stm32f1xx_hal_pcd.o
 .debug_rnglists
                0x000006a9       0x26 ./Drivers/STM32F1xx_HAL_Driver/Src/stm32f1xx_hal_pcd_ex.o
 .debug_rnglists
                0x000006cf       0x6c ./Drivers/STM32F1xx_HAL_Driver/Src/stm32f1xx_hal_rcc.o
 .debug_rnglists
                0x0000073b       0x21 ./Drivers/STM32F1xx_HAL_Driver/Src/stm32f1xx_hal_rcc_ex.o
 .debug_rnglists
                0x0000075c      0x31a ./Drivers/STM32F1xx_HAL_Driver/Src/stm32f1xx_hal_tim.o
 .debug_rnglists
                0x00000a76      0x125 ./Drivers/STM32F1xx_HAL_Driver/Src/stm32f1xx_hal_tim_ex.o
 .debug_rnglists
                0x00000b9b       0xbd ./Drivers/STM32F1xx_HAL_Driver/Src/stm32f1xx_ll_usb.o
 .debug_rnglists
                0x00000c58       0x6a ./Middlewares/ST/STM32_USB_Device_Library/Class/CDC/Src/usbd_cdc.o
 .debug_rnglists
                0x00000cc2       0x89 ./Middlewares/ST/STM32_USB_Device_Library/Core/Src/usbd_core.o
 .debug_rnglists
                0x00000d4b       0x68 ./Middlewares/ST/STM32_USB_Device_Library/Core/Src/usbd_ctlreq.o
 .debug_rnglists
                0x00000db3       0x37 ./Middlewares/ST/STM32_USB_Device_Library/Core/Src/usbd_ioreq.o
 .debug_rnglists
                0x00000dea       0x14 ./USB_DEVICE/App/usb_device.o
 .debug_rnglists
                0x00000dfe       0x2c ./USB_DEVICE/App/usbd_cdc_if.o
 .debug_rnglists
                0x00000e2a       0x43 ./USB_DEVICE/App/usbd_desc.o
 .debug_rnglists
                0x00000e6d       0xce ./USB_DEVICE/Target/usbd_conf.o

.debug_macro    0x00000000    0x1b010
 .debug_macro   0x00000000      0x3ae ./Core/Src/main.o
 .debug_macro   0x000003ae      0xacc ./Core/Src/main.o
 .debug_macro   0x00000e7a      0x221 ./Core/Src/main.o
 .debug_macro   0x0000109b       0x2e ./Core/Src/main.o
 .debug_macro   0x000010c9       0x22 ./Core/Src/main.o
 .debug_macro   0x000010eb       0x22 ./Core/Src/main.o
 .debug_macro   0x0000110d       0x8e ./Core/Src/main.o
 .debug_macro   0x0000119b       0x51 ./Core/Src/main.o
 .debug_macro   0x000011ec      0x103 ./Core/Src/main.o
 .debug_macro   0x000012ef       0x6a ./Core/Src/main.o
 .debug_macro   0x00001359      0x1df ./Core/Src/main.o
 .debug_macro   0x00001538       0x1c ./Core/Src/main.o
 .debug_macro   0x00001554       0x22 ./Core/Src/main.o
 .debug_macro   0x00001576       0xbd ./Core/Src/main.o
 .debug_macro   0x00001633      0xd23 ./Core/Src/main.o
 .debug_macro   0x00002356     0xe09e ./Core/Src/main.o
 .debug_macro   0x000103f4       0x6d ./Core/Src/main.o
 .debug_macro   0x00010461     0x348d ./Core/Src/main.o
 .debug_macro   0x000138ee      0x190 ./Core/Src/main.o
 .debug_macro   0x00013a7e       0x5c ./Core/Src/main.o
 .debug_macro   0x00013ada      0x5bc ./Core/Src/main.o
 .debug_macro   0x00014096      0x289 ./Core/Src/main.o
 .debug_macro   0x0001431f      0x1cb ./Core/Src/main.o
 .debug_macro   0x000144ea      0x114 ./Core/Src/main.o
 .debug_macro   0x000145fe      0x1b2 ./Core/Src/main.o
 .debug_macro   0x000147b0       0x27 ./Core/Src/main.o
 .debug_macro   0x000147d7      0x136 ./Core/Src/main.o
 .debug_macro   0x0001490d      0x1bc ./Core/Src/main.o
 .debug_macro   0x00014ac9       0x34 ./Core/Src/main.o
 .debug_macro   0x00014afd       0x3c ./Core/Src/main.o
 .debug_macro   0x00014b39       0x57 ./Core/Src/main.o
 .debug_macro   0x00014b90       0x87 ./Core/Src/main.o
 .debug_macro   0x00014c17      0x240 ./Core/Src/main.o
 .debug_macro   0x00014e57      0x287 ./Core/Src/main.o
 .debug_macro   0x000150de      0x140 ./Core/Src/main.o
 .debug_macro   0x0001521e      0x8ed ./Core/Src/main.o
 .debug_macro   0x00015b0b       0xab ./Core/Src/main.o
 .debug_macro   0x00015bb6      0x242 ./Core/Src/main.o
 .debug_macro   0x00015df8       0x83 ./Core/Src/main.o
 .debug_macro   0x00015e7b       0x61 ./Core/Src/main.o
 .debug_macro   0x00015edc       0x24 ./Core/Src/main.o
 .debug_macro   0x00015f00       0x43 ./Core/Src/main.o
 .debug_macro   0x00015f43       0x34 ./Core/Src/main.o
 .debug_macro   0x00015f77       0x16 ./Core/Src/main.o
 .debug_macro   0x00015f8d       0x3c ./Core/Src/main.o
 .debug_macro   0x00015fc9      0x364 ./Core/Src/main.o
 .debug_macro   0x0001632d       0x10 ./Core/Src/main.o
 .debug_macro   0x0001633d       0x16 ./Core/Src/main.o
 .debug_macro   0x00016353       0x4a ./Core/Src/main.o
 .debug_macro   0x0001639d       0x34 ./Core/Src/main.o
 .debug_macro   0x000163d1       0x10 ./Core/Src/main.o
 .debug_macro   0x000163e1       0x58 ./Core/Src/main.o
 .debug_macro   0x00016439       0x8e ./Core/Src/main.o
 .debug_macro   0x000164c7       0x1c ./Core/Src/main.o
 .debug_macro   0x000164e3      0x17e ./Core/Src/main.o
 .debug_macro   0x00016661       0x16 ./Core/Src/main.o
 .debug_macro   0x00016677       0x16 ./Core/Src/main.o
 .debug_macro   0x0001668d      0x146 ./Core/Src/main.o
 .debug_macro   0x000167d3       0x16 ./Core/Src/main.o
 .debug_macro   0x000167e9       0x16 ./Core/Src/main.o
 .debug_macro   0x000167ff       0x29 ./Core/Src/main.o
 .debug_macro   0x00016828       0x16 ./Core/Src/main.o
 .debug_macro   0x0001683e       0x20 ./Core/Src/main.o
 .debug_macro   0x0001685e       0x5f ./Core/Src/main.o
 .debug_macro   0x000168bd      0x1c8 ./Core/Src/main.o
 .debug_macro   0x00016a85       0x8f ./Core/Src/main.o
 .debug_macro   0x00016b14       0x10 ./Core/Src/main.o
 .debug_macro   0x00016b24       0x28 ./Core/Src/main.o
 .debug_macro   0x00016b4c       0x40 ./Core/Src/main.o
 .debug_macro   0x00016b8c       0x10 ./Core/Src/main.o
 .debug_macro   0x00016b9c      0x2f8 ./Core/Src/ssd1306.o
 .debug_macro   0x00016e94       0x22 ./Core/Src/ssd1306.o
 .debug_macro   0x00016eb6      0x19b ./Core/Src/ssd1306.o
 .debug_macro   0x00017051      0x2f4 ./Core/Src/ssd1306_fonts.o
 .debug_macro   0x00017345      0x1d1 ./Core/Src/stm32f1xx_hal_msp.o
 .debug_macro   0x00017516      0x1db ./Core/Src/stm32f1xx_it.o
 .debug_macro   0x000176f1      0x112 ./Core/Src/sysmem.o
 .debug_macro   0x00017803      0x23c ./Core/Src/sysmem.o
 .debug_macro   0x00017a3f      0x1c7 ./Core/Src/system_stm32f1xx.o