../Core/Src/main.c:78:7:DWT_Init	4	static
../Core/Src/main.c:84:6:us_delay	24	static
../Core/Src/main.c:92:6:SendToPC	16	static
../Core/Src/main.c:98:6:ProcessUSBCommand	160	static
../Core/Src/main.c:141:5:main	8	static
../Core/Src/main.c:211:6:SystemClock_Config	88	static
../Core/Src/main.c:262:13:MX_I2C1_Init	8	static
../Core/Src/main.c:296:13:MX_TIM3_Init	32	static
../Core/Src/main.c:341:13:MX_TIM4_Init	48	static
../Core/Src/main.c:394:13:MX_GPIO_Init	40	static
../Core/Src/main.c:454:6:Error_Handler	4	static,ignoring_inline_asm
